 MiniDumpFixer

 Timestamp is 657de7e6 (Sun Dec 17 02:09:42 2023)

 Preferred load address is 0000000140000000

 Start         Length     Name                   Class
 0001:00000000 000162d0H .text$mn                CODE
 0001:000162d0 00000040H .text$mn$00             CODE
 0001:00016310 00000a70H .text$mn$21             CODE
 0001:00016d80 00000630H .text$x                 CODE
 0002:00000000 00000288H .idata$5                DATA
 0002:00000288 00000038H .00cfg                  DATA
 0002:000002c0 00000008H .CRT$XCA                DATA
 0002:000002c8 00000008H .CRT$XCAA               DATA
 0002:000002d0 00000008H .CRT$XCZ                DATA
 0002:000002d8 00000008H .CRT$XIA                DATA
 0002:000002e0 00000008H .CRT$XIAA               DATA
 0002:000002e8 00000008H .CRT$XIAC               DATA
 0002:000002f0 00000020H .CRT$XIC                DATA
 0002:00000310 00000008H .CRT$XIZ                DATA
 0002:00000318 00000008H .CRT$XPA                DATA
 0002:00000320 00000010H .CRT$XPX                DATA
 0002:00000330 00000008H .CRT$XPXA               DATA
 0002:00000338 00000008H .CRT$XPZ                DATA
 0002:00000340 00000008H .CRT$XTA                DATA
 0002:00000348 00000008H .CRT$XTZ                DATA
 0002:00000350 00000000H .gehcont$y              DATA
 0002:00000350 00000000H .gfids$y                DATA
 0002:00000350 000085a0H .rdata                  DATA
 0002:000088f0 00000190H .rdata$00               DATA
 0002:00008a80 00000000H .rdata$CastGuardVftablesA DATA
 0002:00008a80 00000000H .rdata$CastGuardVftablesC DATA
 0002:00008a80 0000016cH .rdata$r                DATA
 0002:00008bec 000002d0H .rdata$voltmd           DATA
 0002:00008ebc 0000036cH .rdata$zzzdbg           DATA
 0002:00009228 00000008H .rtc$IAA                DATA
 0002:00009230 00000008H .rtc$IZZ                DATA
 0002:00009238 00000008H .rtc$TAA                DATA
 0002:00009240 00000008H .rtc$TZZ                DATA
 0002:00009248 000011e0H .xdata                  DATA
 0002:0000a428 00000084H .xdata$x                DATA
 0002:0000a4ac 00000000H .edata                  DATA
 0002:0000a4ac 00000028H .idata$2                DATA
 0002:0000a4d4 00000014H .idata$3                DATA
 0002:0000a4e8 00000288H .idata$4                DATA
 0002:0000a770 000005ccH .idata$6                DATA
 0003:00000000 00000a70H .data                   DATA
 0003:00000a70 00000050H .data$r                 DATA
 0003:00000ac0 00000020H .data$rs                DATA
 0003:00000ae0 000012d0H .bss                    DATA
 0004:00000000 00001404H .pdata                  DATA
 0005:00000000 000001f4H _RDATA                  DATA
 0006:00000000 00000060H .rsrc$01                DATA
 0006:00000060 00000180H .rsrc$02                DATA

  Address         Publics by Value              Rva+Base               Lib:Object

 0000:00000000       __AbsoluteZero             0000000000000000     <absolute>
 0000:00000000       __arm64x_extra_rfe_table   0000000000000000     <absolute>
 0000:00000000       __arm64x_extra_rfe_table_size 0000000000000000     <absolute>
 0000:00000000       __arm64x_native_entrypoint 0000000000000000     <absolute>
 0000:00000000       __arm64x_redirection_metadata 0000000000000000     <absolute>
 0000:00000000       __arm64x_redirection_metadata_count 0000000000000000     <absolute>
 0000:00000000       __dynamic_value_reloc_table 0000000000000000     <absolute>
 0000:00000000       __enclave_config           0000000000000000     <absolute>
 0000:00000000       __guard_check_icall_a64n_fptr 0000000000000000     <absolute>
 0000:00000000       __guard_eh_cont_count      0000000000000000     <absolute>
 0000:00000000       __guard_eh_cont_table      0000000000000000     <absolute>
 0000:00000000       __guard_fids_count         0000000000000000     <absolute>
 0000:00000000       __guard_fids_table         0000000000000000     <absolute>
 0000:00000000       __guard_iat_count          0000000000000000     <absolute>
 0000:00000000       __guard_iat_table          0000000000000000     <absolute>
 0000:00000000       __guard_longjmp_count      0000000000000000     <absolute>
 0000:00000000       __guard_longjmp_table      0000000000000000     <absolute>
 0000:00000000       __hybrid_auxiliary_delayload_iat 0000000000000000     <absolute>
 0000:00000000       __hybrid_auxiliary_delayload_iat_copy 0000000000000000     <absolute>
 0000:00000000       __hybrid_auxiliary_iat     0000000000000000     <absolute>
 0000:00000000       __hybrid_auxiliary_iat_copy 0000000000000000     <absolute>
 0000:00000000       __hybrid_code_map          0000000000000000     <absolute>
 0000:00000000       __hybrid_code_map_count    0000000000000000     <absolute>
 0000:00000000       __hybrid_image_info_bitfield 0000000000000000     <absolute>
 0000:00000000       __x64_code_ranges_to_entry_points 0000000000000000     <absolute>
 0000:00000000       __x64_code_ranges_to_entry_points_count 0000000000000000     <absolute>
 0000:00000100       __guard_flags              0000000000000100     <absolute>
 0000:00000000       __ImageBase                0000000140000000     <linker-defined>
 0001:00000000       __local_stdio_printf_options 0000000140001000 f i main.obj
 0001:00000010       wprintf                    0000000140001010 f i main.obj
 0001:00000070       wmain                      0000000140001070 f   main.obj
 0001:000001b0       ?GetFileInfo@@YAHPEB_WAEAUFileInfo@@@Z 00000001400011b0 f   minidumpfixer.obj
 0001:00000300       ?FixDump@@YAHPEB_WAEBUFileInfo@@@Z 0000000140001300 f   minidumpfixer.obj
 0001:000004b0       __security_check_cookie    00000001400014b0 f   LIBCMT:amdsecgs.obj
 0001:00000730       wmainCRTStartup            0000000140001730 f   LIBCMT:exe_wmain.obj
 0001:00000744       __raise_securityfailure    0000000140001744 f   LIBCMT:gs_report.obj
 0001:00000778       __report_gsfailure         0000000140001778 f   LIBCMT:gs_report.obj
 0001:000008c0       __scrt_acquire_startup_lock 00000001400018c0 f   LIBCMT:utility.obj
 0001:000008fc       __scrt_initialize_crt      00000001400018fc f   LIBCMT:utility.obj
 0001:00000938       __scrt_initialize_onexit_tables 0000000140001938 f   LIBCMT:utility.obj
 0001:000009c4       __scrt_is_nonwritable_in_current_image 00000001400019c4 f   LIBCMT:utility.obj
 0001:00000a5c       __scrt_release_startup_lock 0000000140001a5c f   LIBCMT:utility.obj
 0001:00000a80       __scrt_uninitialize_crt    0000000140001a80 f   LIBCMT:utility.obj
 0001:00000aac       _onexit                    0000000140001aac f   LIBCMT:utility.obj
 0001:00000ae8       atexit                     0000000140001ae8 f   LIBCMT:utility.obj
 0001:00000b00       __security_init_cookie     0000000140001b00 f   LIBCMT:gs_support.obj
 0001:00000bac       __scrt_exe_initialize_mta  0000000140001bac f   LIBCMT:utility_desktop.obj
 0001:00000bac       __scrt_initialize_winrt    0000000140001bac f   LIBCMT:utility_desktop.obj
 0001:00000bac       __scrt_stub_for_initialize_mta 0000000140001bac f   LIBCMT:utility_desktop.obj
 0001:00000bac       _get_startup_commit_mode   0000000140001bac f   LIBCMT:commit_mode.obj
 0001:00000bac       _get_startup_new_mode      0000000140001bac f   LIBCMT:new_mode.obj
 0001:00000bac       _get_startup_thread_locale_mode 0000000140001bac f   LIBCMT:thread_locale.obj
 0001:00000bac       _matherr                   0000000140001bac f   LIBCMT:matherr.obj
 0001:00000bb0       _get_startup_argv_mode     0000000140001bb0 f   LIBCMT:argv_mode.obj
 0001:00000bb8       _get_startup_file_mode     0000000140001bb8 f   LIBCMT:file_mode.obj
 0001:00000bc0       ?__scrt_initialize_type_info@@YAXXZ 0000000140001bc0 f   LIBCMT:tncleanup.obj
 0001:00000bd0       __acrt_uninitialize_command_line 0000000140001bd0 f   libucrt:argv_data.obj
 0001:00000bd0       _should_initialize_environment 0000000140001bd0 f   LIBCMT:env_mode.obj
 0001:00000bd4       _guard_check_icall_nop     0000000140001bd4 f   LIBCMT:guard_support.obj
 0001:00000bd4       _initialize_denormal_control 0000000140001bd4 f   LIBCMT:denormal_control.obj
 0001:00000bd4       _initialize_invalid_parameter_handler 0000000140001bd4 f   LIBCMT:invalid_parameter_handler.obj
 0001:00000bd8       __local_stdio_scanf_options 0000000140001bd8 f i LIBCMT:default_local_stdio_options.obj
 0001:00000be0       __scrt_initialize_default_local_stdio_options 0000000140001be0 f   LIBCMT:default_local_stdio_options.obj
 0001:00000bfc       __scrt_is_user_matherr_present 0000000140001bfc f   LIBCMT:matherr_detection.obj
 0001:00000c08       __scrt_get_dyn_tls_init_callback 0000000140001c08 f   LIBCMT:dyn_tls_init.obj
 0001:00000c10       __scrt_get_dyn_tls_dtor_callback 0000000140001c10 f   LIBCMT:dyn_tls_dtor.obj
 0001:00000c18       __crt_debugger_hook        0000000140001c18 f   LIBCMT:utility_desktop.obj
 0001:00000c20       __scrt_fastfail            0000000140001c20 f   LIBCMT:utility_desktop.obj
 0001:00000d68       __scrt_initialize_mta      0000000140001d68 f   LIBCMT:utility_desktop.obj
 0001:00000d70       __scrt_is_managed_app      0000000140001d70 f   LIBCMT:utility_desktop.obj
 0001:00000dc4       __scrt_set_unhandled_exception_filter 0000000140001dc4 f   LIBCMT:utility_desktop.obj
 0001:00000dd4       __scrt_unhandled_exception_filter 0000000140001dd4 f   LIBCMT:utility_desktop.obj
 0001:00000e30       _RTC_Initialize            0000000140001e30 f   LIBCMT:initsect.obj
 0001:00000e6c       _RTC_Terminate             0000000140001e6c f   LIBCMT:initsect.obj
 0001:00000ea8       __isa_available_init       0000000140001ea8 f   LIBCMT:cpu_disp.obj
 0001:00001054       __scrt_is_ucrt_dll_in_use  0000000140002054 f   LIBCMT:ucrt_detection.obj
 0001:00001060       ??$_CallSETranslator@V__FrameHandler3@@@@YAHPEAUEHExceptionRecord@@PEA_KPEAU_CONTEXT@@PEAU_xDISPATCHER_CONTEXT@@PEBU_s_FuncInfo@@K1H@Z 0000000140002060 f i libvcruntime:risctrnsctrl.obj
 0001:000010b4       ??$_CallSETranslator@V__FrameHandler4@@@@YAHPEAUEHExceptionRecord@@PEA_KPEAU_CONTEXT@@PEAU_xDISPATCHER_CONTEXT@@PEAUFuncInfo4@FH4@@K1H@Z 00000001400020b4 f i libvcruntime:risctrnsctrl.obj
 0001:00001108       ?CatchTryBlock@__FrameHandler3@@SAPEBU_s_TryBlockMapEntry@@PEBU_s_FuncInfo@@H@Z 0000000140002108 f   libvcruntime:risctrnsctrl.obj
 0001:0000116c       ?DecompFuncInfo@FH4@@YA_JPEAEAEAUFuncInfo4@1@_KH_N@Z 000000014000216c f i libvcruntime:risctrnsctrl.obj
 0001:000012a0       ?ExecutionInCatch@__FrameHandler3@@SA_NPEAU_xDISPATCHER_CONTEXT@@PEBU_s_FuncInfo@@@Z 00000001400022a0 f   libvcruntime:risctrnsctrl.obj
 0001:000012cc       ?ExecutionInCatch@__FrameHandler4@@SA_NPEAU_xDISPATCHER_CONTEXT@@PEAUFuncInfo4@FH4@@@Z 00000001400022cc f   libvcruntime:risctrnsctrl.obj
 0001:000012d4       ?FrameUnwindToEmptyState@__FrameHandler3@@SAXPEA_KPEAU_xDISPATCHER_CONTEXT@@PEBU_s_FuncInfo@@@Z 00000001400022d4 f   libvcruntime:risctrnsctrl.obj
 0001:00001338       ?FrameUnwindToEmptyState@__FrameHandler4@@SAXPEA_KPEAU_xDISPATCHER_CONTEXT@@PEAUFuncInfo4@FH4@@@Z 0000000140002338 f   libvcruntime:risctrnsctrl.obj
 0001:0000136c       ?GetEstablisherFrame@__FrameHandler3@@SAPEA_KPEA_KPEAU_xDISPATCHER_CONTEXT@@PEBU_s_FuncInfo@@0@Z 000000014000236c f   libvcruntime:risctrnsctrl.obj
 0001:0000143c       ?GetEstablisherFrame@__FrameHandler4@@SAPEA_KPEA_KPEAU_xDISPATCHER_CONTEXT@@PEAUFuncInfo4@FH4@@0@Z 000000014000243c f   libvcruntime:risctrnsctrl.obj
 0001:00001460       ?GetRangeOfTrysToCheck@__FrameHandler3@@SA?AU?$pair@Viterator@TryBlockMap@__FrameHandler3@@V123@@std@@AEAVTryBlockMap@1@HPEAU_xDISPATCHER_CONTEXT@@PEBU_s_FuncInfo@@H@Z 0000000140002460 f   libvcruntime:risctrnsctrl.obj
 0001:00001594       ?GetRangeOfTrysToCheck@__FrameHandler4@@SA?AU?$pair@Viterator@TryBlockMap4@FH4@@V123@@std@@AEAVTryBlockMap4@FH4@@HPEAU_xDISPATCHER_CONTEXT@@PEAUFuncInfo4@5@H@Z 0000000140002594 f   libvcruntime:risctrnsctrl.obj
 0001:00001700       ?UnwindNestedFrames@__FrameHandler3@@SAXPEA_KPEAUEHExceptionRecord@@PEAU_CONTEXT@@0PEAXPEBU_s_FuncInfo@@HHPEBU_s_HandlerType@@PEAU_xDISPATCHER_CONTEXT@@E@Z 0000000140002700 f   libvcruntime:risctrnsctrl.obj
 0001:00001804       ?UnwindNestedFrames@__FrameHandler4@@SAXPEA_KPEAUEHExceptionRecord@@PEAU_CONTEXT@@0PEAXPEAUFuncInfo4@FH4@@HHPEAUHandlerType4@5@PEAU_xDISPATCHER_CONTEXT@@E@Z 0000000140002804 f   libvcruntime:risctrnsctrl.obj
 0001:00001924       ?setBuffer@TryBlockMap4@FH4@@QEAAXViterator@12@@Z 0000000140002924 f i libvcruntime:risctrnsctrl.obj
 0001:00001ae8       _CreateFrameInfo           0000000140002ae8 f   libvcruntime:risctrnsctrl.obj
 0001:00001b24       _FindAndUnlinkFrame        0000000140002b24 f   libvcruntime:risctrnsctrl.obj
 0001:00001b78       _GetImageBase              0000000140002b78 f   libvcruntime:risctrnsctrl.obj
 0001:00001b8c       _GetThrowImageBase         0000000140002b8c f   libvcruntime:risctrnsctrl.obj
 0001:00001ba0       _SetImageBase              0000000140002ba0 f   libvcruntime:risctrnsctrl.obj
 0001:00001bb8       _SetThrowImageBase         0000000140002bb8 f   libvcruntime:risctrnsctrl.obj
 0001:00001bd0       __CxxFrameHandler3         0000000140002bd0 f   libvcruntime:risctrnsctrl.obj
 0001:00001c58       __CxxFrameHandler4         0000000140002c58 f   libvcruntime:risctrnsctrl.obj
 0001:00001d18       __C_specific_handler       0000000140002d18 f   libvcruntime:riscchandler.obj
 0001:00001f30       __vcrt_initialize          0000000140002f30 f   libvcruntime:initialization.obj
 0001:00001f58       __vcrt_uninitialize        0000000140002f58 f   libvcruntime:initialization.obj
 0001:00001f74       __std_type_info_compare    0000000140002f74 f   libvcruntime:std_type_info.obj
 0001:00001f9c       __DestructExceptionObject  0000000140002f9c f   libvcruntime:ehhelpers.obj
 0001:0000200c       ?_CallMemberFunction0@@YAXQEAX0@Z 000000014000300c f i libvcruntime:ehhelpers.obj
 0001:00002010       _IsExceptionObjectToBeDestroyed 0000000140003010 f   libvcruntime:ehhelpers.obj
 0001:00002040       __AdjustPointer            0000000140003040 f   libvcruntime:ehhelpers.obj
 0001:00002064       __FrameUnwindFilter        0000000140003064 f   libvcruntime:ehhelpers.obj
 0001:000020cc       __current_exception        00000001400030cc f   libvcruntime:ehhelpers.obj
 0001:000020e0       __current_exception_context 00000001400030e0 f   libvcruntime:ehhelpers.obj
 0001:000020f4       __std_terminate            00000001400030f4 f   libvcruntime:ehhelpers.obj
 0001:00002100       __vcrt_freefls             0000000140003100 f   libvcruntime:per_thread_data.obj
 0001:00002120       __vcrt_getptd              0000000140003120 f   libvcruntime:per_thread_data.obj
 0001:0000213c       __vcrt_getptd_noexit       000000014000313c f   libvcruntime:per_thread_data.obj
 0001:000021fc       __vcrt_initialize_ptd      00000001400031fc f   libvcruntime:per_thread_data.obj
 0001:00002244       __vcrt_uninitialize_ptd    0000000140003244 f   libvcruntime:per_thread_data.obj
 0001:00002268       ?GetCurrentState@__FrameHandler3@@SAHPEA_KPEAU_xDISPATCHER_CONTEXT@@PEBU_s_FuncInfo@@@Z 0000000140003268 f   libvcruntime:ehstate.obj
 0001:00002290       ?GetUnwindTryBlock@__FrameHandler3@@SAHPEA_KPEAU_xDISPATCHER_CONTEXT@@PEBU_s_FuncInfo@@@Z 0000000140003290 f   libvcruntime:ehstate.obj
 0001:000022bc       ?SetState@__FrameHandler3@@SAXPEA_KPEBU_s_FuncInfo@@H@Z 00000001400032bc f   libvcruntime:ehstate.obj
 0001:000022c8       ?SetUnwindTryBlock@__FrameHandler3@@SAXPEA_KPEAU_xDISPATCHER_CONTEXT@@PEBU_s_FuncInfo@@H@Z 00000001400032c8 f   libvcruntime:ehstate.obj
 0001:00002304       ?StateFromControlPc@__FrameHandler3@@SAHPEBU_s_FuncInfo@@PEAU_xDISPATCHER_CONTEXT@@@Z 0000000140003304 f   libvcruntime:ehstate.obj
 0001:0000230c       ?StateFromControlPc@__FrameHandler4@@SAHPEAUFuncInfo4@FH4@@PEAU_xDISPATCHER_CONTEXT@@@Z 000000014000330c f   libvcruntime:ehstate.obj
 0001:00002314       ?StateFromIp@__FrameHandler3@@SAHPEBU_s_FuncInfo@@PEAU_xDISPATCHER_CONTEXT@@_K@Z 0000000140003314 f   libvcruntime:ehstate.obj
 0001:0000237c       ?StateFromIp@__FrameHandler4@@SAHPEAUFuncInfo4@FH4@@PEAU_xDISPATCHER_CONTEXT@@_K@Z 000000014000337c f   libvcruntime:ehstate.obj
 0001:00003ad4       ??$TypeMatchHelper@V__FrameHandler3@@@@YAHPEBU_s_HandlerType@@PEBU_s_CatchableType@@PEBU_s_ThrowInfo@@@Z 0000000140004ad4 f i libvcruntime:frame.obj
 0001:00003c14       ??$TypeMatchHelper@V__FrameHandler4@@@@YAHPEAUHandlerType4@FH4@@PEBU_s_CatchableType@@PEBU_s_ThrowInfo@@@Z 0000000140004c14 f i libvcruntime:frame.obj
 0001:00003d60       ??$__InternalCxxFrameHandler@V__FrameHandler3@@@@YA?AW4_EXCEPTION_DISPOSITION@@PEAUEHExceptionRecord@@PEA_KPEAU_CONTEXT@@PEAU_xDISPATCHER_CONTEXT@@PEBU_s_FuncInfo@@H1E@Z 0000000140004d60 f i libvcruntime:frame.obj
 0001:00003f98       ??$__InternalCxxFrameHandler@V__FrameHandler4@@@@YA?AW4_EXCEPTION_DISPOSITION@@PEAUEHExceptionRecord@@PEA_KPEAU_CONTEXT@@PEAU_xDISPATCHER_CONTEXT@@PEAUFuncInfo4@FH4@@H1E@Z 0000000140004f98 f i libvcruntime:frame.obj
 0001:0000422c       ??$__InternalCxxFrameHandlerWrapper@V__FrameHandler3@@@@YA?AW4_EXCEPTION_DISPOSITION@@PEAUEHExceptionRecord@@PEA_KPEAU_CONTEXT@@PEAU_xDISPATCHER_CONTEXT@@PEBU_s_FuncInfo@@H1E@Z 000000014000522c f i libvcruntime:frame.obj
 0001:00004234       ??$__InternalCxxFrameHandlerWrapper@V__FrameHandler4@@@@YA?AW4_EXCEPTION_DISPOSITION@@PEAUEHExceptionRecord@@PEA_KPEAU_CONTEXT@@PEAU_xDISPATCHER_CONTEXT@@PEAUFuncInfo4@FH4@@H1E@Z 0000000140005234 f i libvcruntime:frame.obj
 0001:00004280       ??0HandlerMap4@FH4@@QEAA@PEBUTryBlockMapEntry4@1@_KH@Z 0000000140005280 f i libvcruntime:frame.obj
 0001:00004304       ??0TryBlockMap4@FH4@@QEAA@PEBUFuncInfo4@1@_K@Z 0000000140005304 f i libvcruntime:frame.obj
 0001:000043e8       ??0bad_exception@std@@QEAA@AEBV01@@Z 00000001400053e8 f i libvcruntime:frame.obj
 0001:00004424       ??0bad_exception@std@@QEAA@XZ 0000000140005424 f i libvcruntime:frame.obj
 0001:00004444       ??0exception@std@@QEAA@AEBV01@@Z 0000000140005444 f i libvcruntime:frame.obj
 0001:00004478       ??1bad_exception@std@@UEAA@XZ 0000000140005478 f i libvcruntime:frame.obj
 0001:0000448c       ??_Ebad_exception@std@@UEAAPEAXI@Z 000000014000548c f i libvcruntime:frame.obj
 0001:0000448c       ??_Eexception@std@@UEAAPEAXI@Z 000000014000548c f i libvcruntime:frame.obj
 0001:0000448c       ??_Gbad_exception@std@@UEAAPEAXI@Z 000000014000548c f i libvcruntime:frame.obj
 0001:0000448c       ??_Gexception@std@@UEAAPEAXI@Z 000000014000548c f i libvcruntime:frame.obj
 0001:000044d0       ?CxxCallCatchBlock@__FrameHandler3@@SAPEAXPEAU_EXCEPTION_RECORD@@@Z 00000001400054d0 f   libvcruntime:frame.obj
 0001:000046bc       ?CxxCallCatchBlock@__FrameHandler4@@SAPEAXPEAU_EXCEPTION_RECORD@@@Z 00000001400056bc f   libvcruntime:frame.obj
 0001:0000490c       ?DecompHandler@HandlerMap4@FH4@@AEAAXXZ 000000014000590c f i libvcruntime:frame.obj
 0001:00004b54       ?FrameUnwindToState@__FrameHandler3@@SAXPEA_KPEAU_xDISPATCHER_CONTEXT@@PEBU_s_FuncInfo@@H@Z 0000000140005b54 f   libvcruntime:frame.obj
 0001:00004ce0       ?FrameUnwindToState@__FrameHandler4@@SAXPEA_KPEAU_xDISPATCHER_CONTEXT@@PEAUFuncInfo4@FH4@@H@Z 0000000140005ce0 f   libvcruntime:frame.obj
 0001:00004fe8       ?GetHandlerSearchState@__FrameHandler3@@SAHPEA_KPEAU_xDISPATCHER_CONTEXT@@PEBU_s_FuncInfo@@@Z 0000000140005fe8 f i libvcruntime:frame.obj
 0001:000051f8       ?ReadEntry@UWMap4@FH4@@AEAAXPEAPEAE@Z 00000001400061f8 f i libvcruntime:frame.obj
 0001:00005294       ?_CallMemberFunction1@@YAXQEAX00@Z 0000000140006294 f i libvcruntime:frame.obj
 0001:000052a0       ?_CallMemberFunction2@@YAXQEAX00H@Z 00000001400062a0 f i libvcruntime:frame.obj
 0001:000052b0       ?getStartStop@UWMap4@FH4@@QEAAXHHAEAViterator@12@0@Z 00000001400062b0 f i libvcruntime:frame.obj
 0001:00005380       ?getStateFromIterators@UWMap4@FH4@@SAHAEBViterator@12@H0H0@Z 0000000140006380 f i libvcruntime:frame.obj
 0001:00005430       ?what@exception@std@@UEBAPEBDXZ 0000000140006430 f i libvcruntime:frame.obj
 0001:00005480       _NLG_Notify                0000000140006480 f   libvcruntime:notify.obj
 0001:000054a0       __NLG_Dispatch2            00000001400064a0 f   libvcruntime:notify.obj
 0001:000054b0       __NLG_Return2              00000001400064b0 f   libvcruntime:notify.obj
 0001:000054b4       __except_validate_context_record 00000001400064b4 f   libvcruntime:jbcxrval.obj
 0001:000054ec       __vcrt_initialize_locks    00000001400064ec f   libvcruntime:locks.obj
 0001:00005534       __vcrt_uninitialize_locks  0000000140006534 f   libvcruntime:locks.obj
 0001:000056bc       __vcrt_FlsAlloc            00000001400066bc f   libvcruntime:winapi_downlevel.obj
 0001:00005704       __vcrt_FlsFree             0000000140006704 f   libvcruntime:winapi_downlevel.obj
 0001:0000574c       __vcrt_FlsGetValue         000000014000674c f   libvcruntime:winapi_downlevel.obj
 0001:00005794       __vcrt_FlsSetValue         0000000140006794 f   libvcruntime:winapi_downlevel.obj
 0001:000057e8       __vcrt_InitializeCriticalSectionEx 00000001400067e8 f   libvcruntime:winapi_downlevel.obj
 0001:00005890       _CallSettingFrame          0000000140006890 f   libvcruntime:handlers.obj
 0001:000058d0       _CallSettingFrame_LookupContinuationIndex 00000001400068d0 f   libvcruntime:handlers.obj
 0001:00005900       _CallSettingFrame_NotifyContinuationAddr 0000000140006900 f   libvcruntime:handlers.obj
 0001:00005930       _CallSettingFrameEncoded   0000000140006930 f   libvcruntime:handlers.obj
 0001:00005978       __std_exception_copy       0000000140006978 f   libvcruntime:std_exception.obj
 0001:00005a08       __std_exception_destroy    0000000140006a08 f   libvcruntime:std_exception.obj
 0001:00005a30       _CxxThrowException         0000000140006a30 f   libvcruntime:throw.obj
 0001:00005af0       memcpy_avx_ermsb_Intel     0000000140006af0 f   libvcruntime:memcpy_avx_ermsb_aligned.obj
 0001:00005f20       memcpy_avx_ermsb_amd       0000000140006f20 f   libvcruntime:memcpy_avx_ermsb_aligned_amd.obj
 0001:00006350       memcpy_sse2_ermsb_Intel    0000000140007350 f   libvcruntime:memcpy_sse2_ermsb_aligned.obj
 0001:00006600       memcpy_sse2_ermsb_amd      0000000140007600 f   libvcruntime:memcpy_sse2_ermsb_aligned_amd.obj
 0001:000068b0       memcpy_repmovs_Intel       00000001400078b0 f   libvcruntime:memcpy_repmovs.obj
 0001:000068d0       memcpy_CopyDown_Intel      00000001400078d0 f   libvcruntime:memcpy_CopyDown.obj
 0001:000069c0       memcpy_repmovs_amd         00000001400079c0 f   libvcruntime:memcpy_repmovs_amd.obj
 0001:000069e0       memcpy_CopyDown_amd        00000001400079e0 f   libvcruntime:memcpy_CopyDown_amd.obj
 0001:00006ac0       __acrt_initialize_stdio    0000000140007ac0 f   libucrt:_file.obj
 0001:00006be0       __acrt_iob_func            0000000140007be0 f   libucrt:_file.obj
 0001:00006bf4       __acrt_uninitialize_stdio  0000000140007bf4 f   libucrt:_file.obj
 0001:00006c50       _lock_file                 0000000140007c50 f   libucrt:_file.obj
 0001:00006c5c       _unlock_file               0000000140007c5c f   libucrt:_file.obj
 0001:00006ca8       ??$ensure_buffer_is_big_enough@D@formatting_buffer@__crt_stdio_output@@QEAA_N_KAEAV__crt_cached_ptd_host@@@Z 0000000140007ca8 f i libucrt:output.obj
 0001:00006d50       ??$ensure_buffer_is_big_enough@_W@formatting_buffer@__crt_stdio_output@@QEAA_N_KAEAV__crt_cached_ptd_host@@@Z 0000000140007d50 f i libucrt:output.obj
 0001:00006dfc       ??$is_wide_character_specifier@_W@__crt_stdio_output@@YA_N_K_WW4length_modifier@0@@Z 0000000140007dfc f i libucrt:output.obj
 0001:00006e3c       ??$parse_integer@KV?$c_string_character_source@_W@__crt_strtox@@$0A@@__crt_strtox@@YAKAEAV__crt_cached_ptd_host@@V?$c_string_character_source@_W@0@H_N@Z 0000000140007e3c f i libucrt:output.obj
 0001:000075b4       ??$type_case_integer@$07@?$output_processor@_WV?$stream_output_adapter@_W@__crt_stdio_output@@V?$standard_base@_WV?$stream_output_adapter@_W@__crt_stdio_output@@@2@@__crt_stdio_output@@AEAA_N_N@Z 00000001400085b4 f i libucrt:output.obj
 0001:000077c0       ??$type_case_integer@$09@?$output_processor@_WV?$stream_output_adapter@_W@__crt_stdio_output@@V?$standard_base@_WV?$stream_output_adapter@_W@__crt_stdio_output@@@2@@__crt_stdio_output@@AEAA_N_N@Z 00000001400087c0 f i libucrt:output.obj
 0001:000079cc       ??$type_case_integer@$0BA@@?$output_processor@_WV?$stream_output_adapter@_W@__crt_stdio_output@@V?$standard_base@_WV?$stream_output_adapter@_W@__crt_stdio_output@@@2@@__crt_stdio_output@@AEAA_N_N@Z 00000001400089cc f i libucrt:output.obj
 0001:00007bd8       ??$type_case_integer_parse_into_buffer@I$07@?$output_processor@_WV?$stream_output_adapter@_W@__crt_stdio_output@@V?$standard_base@_WV?$stream_output_adapter@_W@__crt_stdio_output@@@2@@__crt_stdio_output@@AEAAXI_N@Z 0000000140008bd8 f i libucrt:output.obj
 0001:00007c5c       ??$type_case_integer_parse_into_buffer@I$09@?$output_processor@_WV?$stream_output_adapter@_W@__crt_stdio_output@@V?$standard_base@_WV?$stream_output_adapter@_W@__crt_stdio_output@@@2@@__crt_stdio_output@@AEAAXI_N@Z 0000000140008c5c f i libucrt:output.obj
 0001:00007d1c       ??$type_case_integer_parse_into_buffer@I$0BA@@?$output_processor@_WV?$stream_output_adapter@_W@__crt_stdio_output@@V?$standard_base@_WV?$stream_output_adapter@_W@__crt_stdio_output@@@2@@__crt_stdio_output@@AEAAXI_N@Z 0000000140008d1c f i libucrt:output.obj
 0001:00007dbc       ??$type_case_integer_parse_into_buffer@_K$07@?$output_processor@_WV?$stream_output_adapter@_W@__crt_stdio_output@@V?$standard_base@_WV?$stream_output_adapter@_W@__crt_stdio_output@@@2@@__crt_stdio_output@@AEAAX_K_N@Z 0000000140008dbc f i libucrt:output.obj
 0001:00007e44       ??$type_case_integer_parse_into_buffer@_K$09@?$output_processor@_WV?$stream_output_adapter@_W@__crt_stdio_output@@V?$standard_base@_WV?$stream_output_adapter@_W@__crt_stdio_output@@@2@@__crt_stdio_output@@AEAAX_K_N@Z 0000000140008e44 f i libucrt:output.obj
 0001:00007f08       ??$type_case_integer_parse_into_buffer@_K$0BA@@?$output_processor@_WV?$stream_output_adapter@_W@__crt_stdio_output@@V?$standard_base@_WV?$stream_output_adapter@_W@__crt_stdio_output@@@2@@__crt_stdio_output@@AEAAX_K_N@Z 0000000140008f08 f i libucrt:output.obj
 0001:000080c4       ?crop_zeroes@__crt_stdio_output@@YAXPEADQEAU__crt_locale_pointers@@@Z 00000001400090c4 f i libucrt:output.obj
 0001:00008130       ?get_raw_ptd@__crt_cached_ptd_host@@QEAAPEAU__acrt_ptd@@XZ 0000000140009130 f i libucrt:output.obj
 0001:00008198       ?parse_int_from_format_string@?$output_processor@_WV?$stream_output_adapter@_W@__crt_stdio_output@@V?$standard_base@_WV?$stream_output_adapter@_W@__crt_stdio_output@@@2@@__crt_stdio_output@@AEAA_NQEAH@Z 0000000140009198 f i libucrt:output.obj
 0001:00008228       ?process@?$output_processor@_WV?$stream_output_adapter@_W@__crt_stdio_output@@V?$standard_base@_WV?$stream_output_adapter@_W@__crt_stdio_output@@@2@@__crt_stdio_output@@QEAAHXZ 0000000140009228 f i libucrt:output.obj
 0001:000084f8       ?state_case_size@?$output_processor@_WV?$stream_output_adapter@_W@__crt_stdio_output@@V?$standard_base@_WV?$stream_output_adapter@_W@__crt_stdio_output@@@2@@__crt_stdio_output@@AEAA_NXZ 00000001400094f8 f i libucrt:output.obj
 0001:000086a8       ?state_case_type@?$output_processor@_WV?$stream_output_adapter@_W@__crt_stdio_output@@V?$standard_base@_WV?$stream_output_adapter@_W@__crt_stdio_output@@@2@@__crt_stdio_output@@AEAA_NXZ 00000001400096a8 f i libucrt:output.obj
 0001:00008b6c       ?type_case_Z@?$output_processor@_WV?$stream_output_adapter@_W@__crt_stdio_output@@V?$standard_base@_WV?$stream_output_adapter@_W@__crt_stdio_output@@@2@@__crt_stdio_output@@AEAA_NXZ 0000000140009b6c f i libucrt:output.obj
 0001:00008bec       ?type_case_a@?$output_processor@_WV?$stream_output_adapter@_W@__crt_stdio_output@@V?$standard_base@_WV?$stream_output_adapter@_W@__crt_stdio_output@@@2@@__crt_stdio_output@@AEAA_NXZ 0000000140009bec f i libucrt:output.obj
 0001:00008e54       ?type_case_c_tchar@?$output_processor@_WV?$stream_output_adapter@_W@__crt_stdio_output@@V?$standard_base@_WV?$stream_output_adapter@_W@__crt_stdio_output@@@2@@__crt_stdio_output@@AEAA_N_W@Z 0000000140009e54 f i libucrt:output.obj
 0001:00008f18       ?type_case_n@?$output_processor@_WV?$stream_output_adapter@_W@__crt_stdio_output@@V?$standard_base@_WV?$stream_output_adapter@_W@__crt_stdio_output@@@2@@__crt_stdio_output@@AEAA_NXZ 0000000140009f18 f i libucrt:output.obj
 0001:00008fd0       ?type_case_s@?$output_processor@_WV?$stream_output_adapter@_W@__crt_stdio_output@@V?$standard_base@_WV?$stream_output_adapter@_W@__crt_stdio_output@@@2@@__crt_stdio_output@@AEAA_NXZ 0000000140009fd0 f i libucrt:output.obj
 0001:0000906c       ?type_case_s_compute_narrow_string_length@?$output_processor@_WV?$stream_output_adapter@_W@__crt_stdio_output@@V?$standard_base@_WV?$stream_output_adapter@_W@__crt_stdio_output@@@2@@__crt_stdio_output@@AEAAHH_W@Z 000000014000a06c f i libucrt:output.obj
 0001:000090e0       ?update_locale_slow@__crt_cached_ptd_host@@AEAAXXZ 000000014000a0e0 f i libucrt:output.obj
 0001:00009158       ?write_string_impl@?$output_adapter_common@_WV?$stream_output_adapter@_W@__crt_stdio_output@@@__crt_stdio_output@@IEBAXQEB_WHQEAHAEAV__crt_cached_ptd_host@@@Z 000000014000a158 f i libucrt:output.obj
 0001:00009238       __stdio_common_vfwprintf   000000014000a238 f   libucrt:output.obj
 0001:0000935c       _seh_filter_exe            000000014000a35c f   libucrt:exception_filter.obj
 0001:000094e0       _query_app_type            000000014000a4e0 f   libucrt:report_runtime_error.obj
 0001:000094e8       _set_app_type              000000014000a4e8 f   libucrt:report_runtime_error.obj
 0001:000094f0       __acrt_has_user_matherr    000000014000a4f0 f   libucrt:matherr.obj
 0001:00009510       __acrt_initialize_user_matherr 000000014000a510 f   libucrt:matherr.obj
 0001:00009518       __acrt_invoke_user_matherr 000000014000a518 f   libucrt:matherr.obj
 0001:00009554       __setusermatherr           000000014000a554 f   libucrt:matherr.obj
 0001:00009720       __acrt_allocate_buffer_for_argv 000000014000a720 f   libucrt:argv_parsing.obj
 0001:00009780       _configure_wide_argv       000000014000a780 f   libucrt:argv_parsing.obj
 0001:00009bc8       __dcrt_get_or_create_wide_environment_nolock 000000014000abc8 f   libucrt:environment_initialization.obj
 0001:00009c04       __dcrt_uninitialize_environments_nolock 000000014000ac04 f   libucrt:environment_initialization.obj
 0001:00009c48       _get_initial_wide_environment 000000014000ac48 f   libucrt:environment_initialization.obj
 0001:00009c98       _initialize_wide_environment 000000014000ac98 f   libucrt:environment_initialization.obj
 0001:00009ca0       _initterm                  000000014000aca0 f   libucrt:initterm.obj
 0001:00009ce4       _initterm_e                000000014000ace4 f   libucrt:initterm.obj
 0001:00009fc0       __acrt_initialize_thread_local_exit_callback 000000014000afc0 f   libucrt:exit.obj
 0001:00009fc8       _c_exit                    000000014000afc8 f   libucrt:exit.obj
 0001:00009fd8       _cexit                     000000014000afd8 f   libucrt:exit.obj
 0001:00009fe8       _exit                      000000014000afe8 f   libucrt:exit.obj
 0001:00009ff4       _register_thread_local_exe_atexit_callback 000000014000aff4 f   libucrt:exit.obj
 0001:0000a034       exit                       000000014000b034 f   libucrt:exit.obj
 0001:0000a040       _set_fmode                 000000014000b040 f   libucrt:setmode.obj
 0001:0000a080       __acrt_initialize_command_line 000000014000b080 f   libucrt:argv_data.obj
 0001:0000a0a8       __p___argc                 000000014000b0a8 f   libucrt:argv_data.obj
 0001:0000a0b0       __p___wargv                000000014000b0b0 f   libucrt:argv_data.obj
 0001:0000a128       __acrt_set_locale_changed  000000014000b128 f   libucrt:wsetlocale.obj
 0001:0000a134       __acrt_uninitialize_locale 000000014000b134 f   libucrt:wsetlocale.obj
 0001:0000a164       _configthreadlocale        000000014000b164 f   libucrt:wsetlocale.obj
 0001:0000a1d0       _query_new_mode            000000014000b1d0 f   libucrt:new_mode.obj
 0001:0000a1d8       _set_new_mode              000000014000b1d8 f   libucrt:new_mode.obj
 0001:0000a204       __p__commode               000000014000b204 f   libucrt:ncommode.obj
 0001:0000a554       _crt_atexit                000000014000b554 f   libucrt:onexit.obj
 0001:0000a564       _execute_onexit_table      000000014000b564 f   libucrt:onexit.obj
 0001:0000a5a8       _initialize_onexit_table   000000014000b5a8 f   libucrt:onexit.obj
 0001:0000a5d0       _register_onexit_function  000000014000b5d0 f   libucrt:onexit.obj
 0001:0000a744       __acrt_initialize          000000014000b744 f   libucrt:initialization.obj
 0001:0000a758       __acrt_uninitialize        000000014000b758 f   libucrt:initialization.obj
 0001:0000a790       terminate                  000000014000b790 f   libucrt:terminate.obj
 0001:0000a7bc       abort                      000000014000b7bc f   libucrt:abort.obj
 0001:0000a814       free                       000000014000b814 f   libucrt:free.obj
 0001:0000a828       malloc                     000000014000b828 f   libucrt:malloc.obj
 0001:0000a830       strcpy_s                   000000014000b830 f   libucrt:strcpy_s.obj
 0001:0000a890       calloc                     000000014000b890 f   libucrt:calloc.obj
 0001:0000a8b0       strncmp                    000000014000b8b0 f   libucrt:strncmp.obj
 0001:0000a930       wcsncmp                    000000014000b930 f   libucrt:wcsncmp.obj
 0001:0000a95c       ?get_raw_ptd_noexit@__crt_cached_ptd_host@@QEAAPEAU__acrt_ptd@@XZ 000000014000b95c f i libucrt:invalid_parameter.obj
 0001:0000a9c8       ?value@?$dual_state_global@P6AXPEB_W00I_K@Z@__crt_state_management@@QEAAAEAP6AXPEB_W00I_K@ZAEAV__crt_cached_ptd_host@@@Z 000000014000b9c8 f i libucrt:invalid_parameter.obj
 0001:0000aa14       __acrt_call_reportfault    000000014000ba14 f   libucrt:invalid_parameter.obj
 0001:0000ab70       __acrt_initialize_invalid_parameter_handler 000000014000bb70 f   libucrt:invalid_parameter.obj
 0001:0000ab78       _invalid_parameter         000000014000bb78 f   libucrt:invalid_parameter.obj
 0001:0000ac14       _invalid_parameter_internal 000000014000bc14 f   libucrt:invalid_parameter.obj
 0001:0000ace0       _invalid_parameter_noinfo  000000014000bce0 f   libucrt:invalid_parameter.obj
 0001:0000ad00       _invoke_watson             000000014000bd00 f   libucrt:invalid_parameter.obj
 0001:0000ad48       __acrt_errno_from_os_error 000000014000bd48 f   libucrt:errno.obj
 0001:0000ad90       __acrt_errno_map_os_error_ptd 000000014000bd90 f   libucrt:errno.obj
 0001:0000adb4       __doserrno                 000000014000bdb4 f   libucrt:errno.obj
 0001:0000add4       _errno                     000000014000bdd4 f   libucrt:errno.obj
 0001:0000adf4       _calloc_base               000000014000bdf4 f   libucrt:calloc_base.obj
 0001:0000ae6c       _free_base                 000000014000be6c f   libucrt:free_base.obj
 0001:0000b064       __acrt_AppPolicyGetProcessTerminationMethodInternal 000000014000c064 f   libucrt:winapi_thunks.obj
 0001:0000b0bc       __acrt_CompareStringEx     000000014000c0bc f   libucrt:winapi_thunks.obj
 0001:0000b1a8       __acrt_FlsAlloc            000000014000c1a8 f   libucrt:winapi_thunks.obj
 0001:0000b1b0       __acrt_FlsFree             000000014000c1b0 f   libucrt:winapi_thunks.obj
 0001:0000b1b8       __acrt_FlsGetValue         000000014000c1b8 f   libucrt:winapi_thunks.obj
 0001:0000b1c0       __acrt_FlsSetValue         000000014000c1c0 f   libucrt:winapi_thunks.obj
 0001:0000b1c8       __acrt_InitializeCriticalSectionEx 000000014000c1c8 f   libucrt:winapi_thunks.obj
 0001:0000b238       __acrt_LCMapStringEx       000000014000c238 f   libucrt:winapi_thunks.obj
 0001:0000b324       __acrt_LocaleNameToLCID    000000014000c324 f   libucrt:winapi_thunks.obj
 0001:0000b384       __acrt_initialize_winapi_thunks 000000014000c384 f   libucrt:winapi_thunks.obj
 0001:0000b3a8       __acrt_uninitialize_winapi_thunks 000000014000c3a8 f   libucrt:winapi_thunks.obj
 0001:0000b3ec       _fcloseall                 000000014000c3ec f   libucrt:closeall.obj
 0001:0000b680       __acrt_stdio_flush_nolock  000000014000c680 f   libucrt:fflush.obj
 0001:0000b70c       _fflush_nolock             000000014000c70c f   libucrt:fflush.obj
 0001:0000b7e0       _flushall                  000000014000c7e0 f   libucrt:fflush.obj
 0001:0000b7e8       __acrt_stdio_free_buffer_nolock 000000014000c7e8 f   libucrt:_freebuf.obj
 0001:0000ba24       __acrt_initialize_lowio    000000014000ca24 f   libucrt:ioinit.obj
 0001:0000ba60       __acrt_uninitialize_lowio  000000014000ca60 f   libucrt:ioinit.obj
 0001:0000baa0       _malloc_base               000000014000caa0 f   libucrt:malloc_base.obj
 0001:0000bb00       wcsnlen                    000000014000cb00 f   libucrt:strnlen.obj
 0001:0000bcd8       __acrt_update_locale_info  000000014000ccd8 f   libucrt:locale_update.obj
 0001:0000bd0c       __acrt_update_locale_info_explicit 000000014000cd0c f   libucrt:locale_update.obj
 0001:0000bd44       __acrt_update_multibyte_info 000000014000cd44 f   libucrt:locale_update.obj
 0001:0000bd78       __acrt_update_multibyte_info_explicit 000000014000cd78 f   libucrt:locale_update.obj
 0001:0000c8c4       __acrt_fp_format           000000014000d8c4 f   libucrt:cvt.obj
 0001:0000cbac       _wctomb_internal           000000014000dbac f   libucrt:wctomb.obj
 0001:0000cd5c       _mbtowc_internal           000000014000dd5c f   libucrt:mbtowc.obj
 0001:0000ced4       _fileno                    000000014000ded4 f   libucrt:fileno.obj
 0001:0000cefc       _get_printf_count_output   000000014000defc f   libucrt:printf_count_output.obj
 0001:0000cf14       _fputwc_nolock_internal    000000014000df14 f   libucrt:fputwc.obj
 0001:0000d0a0       _fputc_nolock_internal     000000014000e0a0 f   libucrt:fputc.obj
 0001:0000d0b8       __acrt_should_use_temporary_buffer 000000014000e0b8 f   libucrt:_sftbuf.obj
 0001:0000d104       __acrt_stdio_begin_temporary_buffering_nolock 000000014000e104 f   libucrt:_sftbuf.obj
 0001:0000d1cc       __acrt_stdio_end_temporary_buffering_nolock 000000014000e1cc f   libucrt:_sftbuf.obj
 0001:0000d584       __acrt_getptd              000000014000e584 f   libucrt:per_thread_data.obj
 0001:0000d658       __acrt_getptd_head         000000014000e658 f   libucrt:per_thread_data.obj
 0001:0000d6fc       __acrt_getptd_noexit       000000014000e6fc f   libucrt:per_thread_data.obj
 0001:0000d7c4       __acrt_getptd_noexit_explicit 000000014000e7c4 f   libucrt:per_thread_data.obj
 0001:0000d884       __acrt_initialize_ptd      000000014000e884 f   libucrt:per_thread_data.obj
 0001:0000d8c0       __acrt_uninitialize_ptd    000000014000e8c0 f   libucrt:per_thread_data.obj
 0001:0000d8e4       wcscpy_s                   000000014000e8e4 f   libucrt:wcscpy_s.obj
 0001:0000d94c       wcsncpy_s                  000000014000e94c f   libucrt:wcsncpy_s.obj
 0001:0000dfd4       ??0_LocaleUpdate@@QEAA@QEAU__crt_locale_pointers@@@Z 000000014000efd4 f i libucrt:argv_wildcards.obj
 0001:0000e070       __acrt_expand_wide_argv_wildcards 000000014000f070 f   libucrt:argv_wildcards.obj
 0001:0000e870       __acrt_initialize_multibyte 000000014000f870 f   libucrt:mbctype.obj
 0001:0000e8d0       __acrt_update_thread_multibyte_data 000000014000f8d0 f   libucrt:mbctype.obj
 0001:0000e8ec       _setmbcp_nolock            000000014000f8ec f   libucrt:mbctype.obj
 0001:0000ebac       __acrt_MultiByteToWideChar 000000014000fbac f   libucrt:multibytetowidechar.obj
 0001:0000ec3c       __acrt_WideCharToMultiByte 000000014000fc3c f   libucrt:widechartomultibyte.obj
 0001:0000ed1c       __dcrt_get_wide_environment_from_os 000000014000fd1c f   libucrt:get_environment_from_os.obj
 0001:0000f20c       __dcrt_set_variable_in_wide_environment_nolock 000000014001020c f   libucrt:setenv.obj
 0001:0000f214       __acrt_initialize_locks    0000000140010214 f   libucrt:locks.obj
 0001:0000f25c       __acrt_lock                000000014001025c f   libucrt:locks.obj
 0001:0000f278       __acrt_uninitialize_locks  0000000140010278 f   libucrt:locks.obj
 0001:0000f2b0       __acrt_unlock              00000001400102b0 f   libucrt:locks.obj
 0001:0000f2cc       __acrt_app_verifier_enabled 00000001400102cc f   libucrt:peb_access.obj
 0001:0000f2e8       __acrt_is_secure_process   00000001400102e8 f   libucrt:peb_access.obj
 0001:0000f300       __acrt_get_process_end_policy 0000000140010300 f   libucrt:win_policies.obj
 0001:0000f330       __acrt_lowio_create_handle_array 0000000140010330 f   libucrt:osfinfo.obj
 0001:0000f3d8       __acrt_lowio_destroy_handle_array 00000001400103d8 f   libucrt:osfinfo.obj
 0001:0000f428       __acrt_lowio_ensure_fh_exists 0000000140010428 f   libucrt:osfinfo.obj
 0001:0000f4d0       __acrt_lowio_lock_fh       00000001400104d0 f   libucrt:osfinfo.obj
 0001:0000f4f8       __acrt_lowio_unlock_fh     00000001400104f8 f   libucrt:osfinfo.obj
 0001:0000f520       _free_osfhnd               0000000140010520 f   libucrt:osfinfo.obj
 0001:0000f5dc       _get_osfhandle             00000001400105dc f   libucrt:osfinfo.obj
 0001:0000f654       __acrt_initialize_fmode    0000000140010654 f   libucrt:txtmode.obj
 0001:0000f670       __acrt_locale_free_monetary 0000000140010670 f   libucrt:initmon.obj
 0001:0000f77c       __acrt_locale_free_numeric 000000014001077c f   libucrt:initnum.obj
 0001:0000f81c       __acrt_locale_free_time    000000014001081c f   libucrt:inittime.obj
 0001:0000f924       wcspbrk                    0000000140010924 f   libucrt:wcspbrk.obj
 0001:0000f958       __acrt_GetStringTypeA      0000000140010958 f   libucrt:getstringtypea.obj
 0001:0000fae8       __acrt_add_locale_ref      0000000140010ae8 f   libucrt:locale_refcounting.obj
 0001:0000fb74       __acrt_free_locale         0000000140010b74 f   libucrt:locale_refcounting.obj
 0001:0000fcec       __acrt_locale_add_lc_time_reference 0000000140010cec f   libucrt:locale_refcounting.obj
 0001:0000fd14       __acrt_locale_free_lc_time_if_unreferenced 0000000140010d14 f   libucrt:locale_refcounting.obj
 0001:0000fd4c       __acrt_locale_release_lc_time_reference 0000000140010d4c f   libucrt:locale_refcounting.obj
 0001:0000fd74       __acrt_release_locale_ref  0000000140010d74 f   libucrt:locale_refcounting.obj
 0001:0000fe1c       __acrt_update_thread_locale_data 0000000140010e1c f   libucrt:locale_refcounting.obj
 0001:0000fe8c       _updatetlocinfoEx_nolock   0000000140010e8c f   libucrt:locale_refcounting.obj
 0001:0000fef4       _recalloc_base             0000000140010ef4 f   libucrt:recalloc.obj
 0001:0000ff8c       __acrt_initialize_heap     0000000140010f8c f   libucrt:heap_handle.obj
 0001:0000ffa8       __acrt_uninitialize_heap   0000000140010fa8 f   libucrt:heap_handle.obj
 0001:0000ffb4       __acrt_execute_initializers 0000000140010fb4 f   libucrt:shared_initialization.obj
 0001:00010048       __acrt_execute_uninitializers 0000000140011048 f   libucrt:shared_initialization.obj
 0001:00010090       __acrt_initialize_new_handler 0000000140011090 f   libucrt:new_handler.obj
 0001:00010098       _callnewh                  0000000140011098 f   libucrt:new_handler.obj
 0001:000100d8       _query_new_handler         00000001400110d8 f   libucrt:new_handler.obj
 0001:00010158       __acrt_get_sigabrt_handler 0000000140011158 f   libucrt:signal.obj
 0001:00010188       __acrt_initialize_signal_handlers 0000000140011188 f   libucrt:signal.obj
 0001:000101a8       raise                      00000001400111a8 f   libucrt:signal.obj
 0001:00010424       __acrt_DownlevelLocaleNameToLCID 0000000140011424 f   libucrt:lcidtoname_downlevel.obj
 0001:000105ec       fclose                     00000001400115ec f   libucrt:fclose.obj
 0001:00010710       _commit                    0000000140011710 f   libucrt:commit.obj
 0001:00010fac       _write_internal            0000000140011fac f   libucrt:write.obj
 0001:000110cc       _write_nolock              00000001400120cc f   libucrt:write.obj
 0001:000114a4       __acrt_fp_strflt_to_string 00000001400124a4 f   libucrt:_fptostr.obj
 0001:000115c0       ?divide@__crt_strtox@@YA_KAEAUbig_integer@1@AEBU21@@Z 00000001400125c0 f i libucrt:cfout.obj
 0001:00011a5c       __acrt_fltout              0000000140012a5c f   libucrt:cfout.obj
 0001:00012d74       fegetround                 0000000140013d74 f   libucrt:fegetround.obj
 0001:00012d88       ?__c32rtomb_utf8@__crt_mbstring@@YA_KPEAD_UPEAU_Mbstatet@@AEAV__crt_cached_ptd_host@@@Z 0000000140013d88 f   libucrt:c32rtomb.obj
 0001:00012e2c       ?__mbrtowc_utf8@__crt_mbstring@@YA_KPEA_WPEBD_KPEAU_Mbstatet@@AEAV__crt_cached_ptd_host@@@Z 0000000140013e2c f   libucrt:mbrtowc.obj
 0001:00012e70       ?__mbsrtowcs_utf8@__crt_mbstring@@YA_KPEA_WPEAPEBD_KPEAU_Mbstatet@@AEAV__crt_cached_ptd_host@@@Z 0000000140013e70 f   libucrt:mbrtowc.obj
 0001:00013284       __acrt_stdio_flush_and_write_narrow_nolock 0000000140014284 f   libucrt:_flsbuf.obj
 0001:00013350       __acrt_stdio_flush_and_write_wide_nolock 0000000140014350 f   libucrt:_flsbuf.obj
 0001:0001341c       _isatty                    000000014001441c f   libucrt:isatty.obj
 0001:00013480       qsort                      0000000140014480 f   libucrt:qsort.obj
 0001:00013bc4       __acrt_LCMapStringA        0000000140014bc4 f   libucrt:lcmapstringa.obj
 0001:00013c74       _wcsnicoll                 0000000140014c74 f   libucrt:wcsnicol.obj
 0001:00013cc4       _wcsnicoll_l               0000000140014cc4 f   libucrt:wcsnicol.obj
 0001:00013db4       __ascii_wcsnicmp           0000000140014db4 f   libucrt:wcsnicmp.obj
 0001:00013e00       _msize_base                0000000140014e00 f   libucrt:msize.obj
 0001:00013e3c       _realloc_base              0000000140014e3c f   libucrt:realloc_base.obj
 0001:00013f30       _close_internal            0000000140014f30 f   libucrt:close.obj
 0001:00013ff4       _close_nolock_internal     0000000140014ff4 f   libucrt:close.obj
 0001:000140c4       ?__acrt_stdio_free_stream@@YAXV__crt_stdio_stream@@@Z 00000001400150c4 f   libucrt:stream.obj
 0001:000142ac       _lseeki64                  00000001400152ac f   libucrt:lseek.obj
 0001:00014348       _lseeki64_nolock_internal  0000000140015348 f   libucrt:lseek.obj
 0001:00014350       _putwch_nolock             0000000140015350 f   libucrt:putwch.obj
 0001:0001438c       _controlfp_s               000000014001538c f   libucrt:contrlfp.obj
 0001:000143f0       fegetenv                   00000001400153f0 f   libucrt:fegetenv.obj
 0001:00014410       fesetenv                   0000000140015410 f   libucrt:fesetenv.obj
 0001:00014468       feholdexcept               0000000140015468 f   libucrt:feholdexcept.obj
 0001:000144b8       ceil                       00000001400154b8 f   libucrt:ceil.obj
 0001:00014580       log10                      0000000140015580 f   libucrt:log10.obj
 0001:00014b2c       __acrt_fenv_get_common_round_control 0000000140015b2c f   libucrt:_fenvutils.obj
 0001:00014b38       __acrt_fenv_get_control    0000000140015b38 f   libucrt:_fenvutils.obj
 0001:00014c1c       __acrt_fenv_get_status     0000000140015c1c f   libucrt:_fenvutils.obj
 0001:00014c74       __acrt_fenv_set_control    0000000140015c74 f   libucrt:_fenvutils.obj
 0001:00014dac       __acrt_fenv_set_status     0000000140015dac f   libucrt:_fenvutils.obj
 0001:00014e20       ?reset_and_return@__crt_mbstring@@YA_K_KPEAU_Mbstatet@@@Z 0000000140015e20 f   libucrt:common_utf8.obj
 0001:00014e28       ?return_illegal_sequence@__crt_mbstring@@YA_KPEAU_Mbstatet@@AEAV__crt_cached_ptd_host@@@Z 0000000140015e28 f   libucrt:common_utf8.obj
 0001:00014e3c       ?__mbrtoc32_utf8@__crt_mbstring@@YA_KPEA_UPEBD_KPEAU_Mbstatet@@AEAV__crt_cached_ptd_host@@@Z 0000000140015e3c f   libucrt:mbrtoc32.obj
 0001:00015018       __acrt_stdio_allocate_buffer_nolock 0000000140016018 f   libucrt:_getbuf.obj
 0001:00015084       __strncnt                  0000000140016084 f   libucrt:strncnt.obj
 0001:0001509c       __acrt_CompareStringW      000000014001609c f   libucrt:comparestringw.obj
 0001:0001515c       __dcrt_lowio_ensure_console_output_initialized 000000014001615c f   libucrt:initcon.obj
 0001:000151b0       __dcrt_terminate_console_output 00000001400161b0 f   libucrt:initcon.obj
 0001:000151cc       __dcrt_write_console       00000001400161cc f   libucrt:initcon.obj
 0001:0001528c       _clearfp                   000000014001628c f   libucrt:ieee.obj
 0001:000152f8       _control87                 00000001400162f8 f   libucrt:ieee.obj
 0001:000156c0       _handle_error              00000001400166c0 f   libucrt:libm_error.obj
 0001:000157e8       _handle_nan                00000001400167e8 f   libucrt:libm_error.obj
 0001:00015810       __acrt_initialize_fma3     0000000140016810 f   libucrt:fma3_available.obj
 0001:00015880       _log10_special             0000000140016880 f   libucrt:log_special.obj
 0001:00015950       _get_fpsr                  0000000140016950 f   libucrt:fpsr.obj
 0001:00015960       _set_fpsr                  0000000140016960 f   libucrt:fpsr.obj
 0001:0001596a       _fclrf                     000000014001696a f   libucrt:fpsr.obj
 0001:0001597e       _frnd                      000000014001697e f   libucrt:fpsr.obj
 0001:000159a0       _raise_exc                 00000001400169a0 f   libucrt:fpexcept.obj
 0001:000159c8       _raise_exc_ex              00000001400169c8 f   libucrt:fpexcept.obj
 0001:00015cd0       _set_errno_from_matherr    0000000140016cd0 f   libucrt:fpexcept.obj
 0001:00015d00       _clrfp                     0000000140016d00 f   libucrt:fpctrl.obj
 0001:00015d20       _ctrlfp                    0000000140016d20 f   libucrt:fpctrl.obj
 0001:00015d9c       _set_statfp                0000000140016d9c f   libucrt:fpctrl.obj
 0001:00015dbc       _statfp                    0000000140016dbc f   libucrt:fpctrl.obj
 0001:00015dd0       __GSHandlerCheck           0000000140016dd0 f   LIBCMT:gshandler.obj
 0001:00015df0       __GSHandlerCheckCommon     0000000140016df0 f   LIBCMT:gshandler.obj
 0001:00015e50       _FindPESection             0000000140016e50 f   LIBCMT:pesect.obj
 0001:00015ea0       _IsNonwritableInCurrentImage 0000000140016ea0 f   LIBCMT:pesect.obj
 0001:00015ef0       _ValidateImageBase         0000000140016ef0 f   LIBCMT:pesect.obj
 0001:00015f1c       ??_Etype_info@@UEAAPEAXI@Z 0000000140016f1c f i LIBCMT:std_type_info_static.obj
 0001:00015f1c       ??_Gtype_info@@UEAAPEAXI@Z 0000000140016f1c f i LIBCMT:std_type_info_static.obj
 0001:00015f48       ??3@YAXPEAX_K@Z            0000000140016f48 f   LIBCMT:delete_scalar_size.obj
 0001:00015f50       __GSHandlerCheck_SEH       0000000140016f50 f   LIBCMT:gshandlerseh.obj
 0001:00015ff0       __chkstk                   0000000140016ff0 f   LIBCMT:chkstk.obj
 0001:00015ff0       _alloca_probe              0000000140016ff0 f   LIBCMT:chkstk.obj
 0001:00016040       __GSHandlerCheck_EH        0000000140017040 f   LIBCMT:gshandlereh.obj
 0001:000160c0       ??3@YAXPEAX@Z              00000001400170c0 f   LIBCMT:delete_scalar.obj
 0001:000160d0       __C_specific_handler_noexcept 00000001400170d0 f   libvcruntime:chandler_noexcept.obj
 0001:0001611c       strrchr                    000000014001711c f   libvcruntime:strrchr.obj
 0001:00016258       wcschr                     0000000140017258 f   libvcruntime:wcschr.obj
 0001:000162e0       _guard_dispatch_icall_nop  00000001400172e0 f   LIBCMT:guard_dispatch.obj
 0001:00016300       _guard_xfg_dispatch_icall_nop 0000000140017300 f   LIBCMT:guard_xfg_dispatch.obj
 0001:00016330       memset_repstos             0000000140017330 f   libvcruntime:memset.obj
 0001:00016340       memset                     0000000140017340 f   libvcruntime:memset.obj
 0001:000166f0       memcpy_repmovs             00000001400176f0 f   libvcruntime:memcpy.obj
 0001:00016700       memcpy                     0000000140017700 f   libvcruntime:memcpy.obj
 0001:00016700       memcpy_$fo_default$        0000000140017700     libvcruntime:memcpy.obj
 0001:00016700       memmove                    0000000140017700 f   libvcruntime:memcpy.obj
 0002:00000000       __imp_GetModuleHandleExW   0000000140019000     kernel32:KERNEL32.dll
 0002:00000008       __imp_WriteConsoleW        0000000140019008     kernel32:KERNEL32.dll
 0002:00000010       __imp_CreateFileW          0000000140019010     kernel32:KERNEL32.dll
 0002:00000018       __imp_UnmapViewOfFile      0000000140019018     kernel32:KERNEL32.dll
 0002:00000020       __imp_FlushViewOfFile      0000000140019020     kernel32:KERNEL32.dll
 0002:00000028       __imp_CloseHandle          0000000140019028     kernel32:KERNEL32.dll
 0002:00000030       __imp_CreateFileMappingW   0000000140019030     kernel32:KERNEL32.dll
 0002:00000038       __imp_MapViewOfFile        0000000140019038     kernel32:KERNEL32.dll
 0002:00000040       __imp_RtlCaptureContext    0000000140019040     kernel32:KERNEL32.dll
 0002:00000048       __imp_RtlLookupFunctionEntry 0000000140019048     kernel32:KERNEL32.dll
 0002:00000050       __imp_RtlVirtualUnwind     0000000140019050     kernel32:KERNEL32.dll
 0002:00000058       __imp_UnhandledExceptionFilter 0000000140019058     kernel32:KERNEL32.dll
 0002:00000060       __imp_SetUnhandledExceptionFilter 0000000140019060     kernel32:KERNEL32.dll
 0002:00000068       __imp_GetCurrentProcess    0000000140019068     kernel32:KERNEL32.dll
 0002:00000070       __imp_TerminateProcess     0000000140019070     kernel32:KERNEL32.dll
 0002:00000078       __imp_IsProcessorFeaturePresent 0000000140019078     kernel32:KERNEL32.dll
 0002:00000080       __imp_QueryPerformanceCounter 0000000140019080     kernel32:KERNEL32.dll
 0002:00000088       __imp_GetCurrentProcessId  0000000140019088     kernel32:KERNEL32.dll
 0002:00000090       __imp_GetCurrentThreadId   0000000140019090     kernel32:KERNEL32.dll
 0002:00000098       __imp_GetSystemTimeAsFileTime 0000000140019098     kernel32:KERNEL32.dll
 0002:000000a0       __imp_InitializeSListHead  00000001400190a0     kernel32:KERNEL32.dll
 0002:000000a8       __imp_IsDebuggerPresent    00000001400190a8     kernel32:KERNEL32.dll
 0002:000000b0       __imp_GetStartupInfoW      00000001400190b0     kernel32:KERNEL32.dll
 0002:000000b8       __imp_GetModuleHandleW     00000001400190b8     kernel32:KERNEL32.dll
 0002:000000c0       __imp_RtlUnwindEx          00000001400190c0     kernel32:KERNEL32.dll
 0002:000000c8       __imp_GetLastError         00000001400190c8     kernel32:KERNEL32.dll
 0002:000000d0       __imp_SetLastError         00000001400190d0     kernel32:KERNEL32.dll
 0002:000000d8       __imp_EncodePointer        00000001400190d8     kernel32:KERNEL32.dll
 0002:000000e0       __imp_RaiseException       00000001400190e0     kernel32:KERNEL32.dll
 0002:000000e8       __imp_EnterCriticalSection 00000001400190e8     kernel32:KERNEL32.dll
 0002:000000f0       __imp_LeaveCriticalSection 00000001400190f0     kernel32:KERNEL32.dll
 0002:000000f8       __imp_DeleteCriticalSection 00000001400190f8     kernel32:KERNEL32.dll
 0002:00000100       __imp_InitializeCriticalSectionAndSpinCount 0000000140019100     kernel32:KERNEL32.dll
 0002:00000108       __imp_TlsAlloc             0000000140019108     kernel32:KERNEL32.dll
 0002:00000110       __imp_TlsGetValue          0000000140019110     kernel32:KERNEL32.dll
 0002:00000118       __imp_TlsSetValue          0000000140019118     kernel32:KERNEL32.dll
 0002:00000120       __imp_TlsFree              0000000140019120     kernel32:KERNEL32.dll
 0002:00000128       __imp_FreeLibrary          0000000140019128     kernel32:KERNEL32.dll
 0002:00000130       __imp_GetProcAddress       0000000140019130     kernel32:KERNEL32.dll
 0002:00000138       __imp_LoadLibraryExW       0000000140019138     kernel32:KERNEL32.dll
 0002:00000140       __imp_RtlPcToFileHeader    0000000140019140     kernel32:KERNEL32.dll
 0002:00000148       __imp_GetStdHandle         0000000140019148     kernel32:KERNEL32.dll
 0002:00000150       __imp_WriteFile            0000000140019150     kernel32:KERNEL32.dll
 0002:00000158       __imp_GetModuleFileNameW   0000000140019158     kernel32:KERNEL32.dll
 0002:00000160       __imp_ExitProcess          0000000140019160     kernel32:KERNEL32.dll
 0002:00000168       __imp_GetCommandLineA      0000000140019168     kernel32:KERNEL32.dll
 0002:00000170       __imp_GetCommandLineW      0000000140019170     kernel32:KERNEL32.dll
 0002:00000178       __imp_HeapAlloc            0000000140019178     kernel32:KERNEL32.dll
 0002:00000180       __imp_HeapFree             0000000140019180     kernel32:KERNEL32.dll
 0002:00000188       __imp_FlsAlloc             0000000140019188     kernel32:KERNEL32.dll
 0002:00000190       __imp_FlsGetValue          0000000140019190     kernel32:KERNEL32.dll
 0002:00000198       __imp_FlsSetValue          0000000140019198     kernel32:KERNEL32.dll
 0002:000001a0       __imp_FlsFree              00000001400191a0     kernel32:KERNEL32.dll
 0002:000001a8       __imp_CompareStringW       00000001400191a8     kernel32:KERNEL32.dll
 0002:000001b0       __imp_LCMapStringW         00000001400191b0     kernel32:KERNEL32.dll
 0002:000001b8       __imp_GetFileType          00000001400191b8     kernel32:KERNEL32.dll
 0002:000001c0       __imp_FindClose            00000001400191c0     kernel32:KERNEL32.dll
 0002:000001c8       __imp_FindFirstFileExW     00000001400191c8     kernel32:KERNEL32.dll
 0002:000001d0       __imp_FindNextFileW        00000001400191d0     kernel32:KERNEL32.dll
 0002:000001d8       __imp_IsValidCodePage      00000001400191d8     kernel32:KERNEL32.dll
 0002:000001e0       __imp_GetACP               00000001400191e0     kernel32:KERNEL32.dll
 0002:000001e8       __imp_GetOEMCP             00000001400191e8     kernel32:KERNEL32.dll
 0002:000001f0       __imp_GetCPInfo            00000001400191f0     kernel32:KERNEL32.dll
 0002:000001f8       __imp_MultiByteToWideChar  00000001400191f8     kernel32:KERNEL32.dll
 0002:00000200       __imp_WideCharToMultiByte  0000000140019200     kernel32:KERNEL32.dll
 0002:00000208       __imp_GetEnvironmentStringsW 0000000140019208     kernel32:KERNEL32.dll
 0002:00000210       __imp_FreeEnvironmentStringsW 0000000140019210     kernel32:KERNEL32.dll
 0002:00000218       __imp_SetEnvironmentVariableW 0000000140019218     kernel32:KERNEL32.dll
 0002:00000220       __imp_SetStdHandle         0000000140019220     kernel32:KERNEL32.dll
 0002:00000228       __imp_GetStringTypeW       0000000140019228     kernel32:KERNEL32.dll
 0002:00000230       __imp_GetProcessHeap       0000000140019230     kernel32:KERNEL32.dll
 0002:00000238       __imp_FlushFileBuffers     0000000140019238     kernel32:KERNEL32.dll
 0002:00000240       __imp_GetConsoleOutputCP   0000000140019240     kernel32:KERNEL32.dll
 0002:00000248       __imp_GetConsoleMode       0000000140019248     kernel32:KERNEL32.dll
 0002:00000250       __imp_GetFileSizeEx        0000000140019250     kernel32:KERNEL32.dll
 0002:00000258       __imp_SetFilePointerEx     0000000140019258     kernel32:KERNEL32.dll
 0002:00000260       __imp_HeapSize             0000000140019260     kernel32:KERNEL32.dll
 0002:00000268       __imp_HeapReAlloc          0000000140019268     kernel32:KERNEL32.dll
 0002:00000270       \177KERNEL32_NULL_THUNK_DATA 0000000140019270     kernel32:KERNEL32.dll
 0002:00000278       __imp_PathFindFileNameW    0000000140019278     Shlwapi:SHLWAPI.dll
 0002:00000280       \177SHLWAPI_NULL_THUNK_DATA 0000000140019280     Shlwapi:SHLWAPI.dll
 0002:00000288       __guard_check_icall_fptr   0000000140019288     LIBCMT:guard_support.obj
 0002:00000290       __guard_xfg_check_icall_fptr 0000000140019290     LIBCMT:guard_support.obj
 0002:00000298       __guard_dispatch_icall_fptr 0000000140019298     LIBCMT:guard_support.obj
 0002:000002a0       __guard_xfg_dispatch_icall_fptr 00000001400192a0     LIBCMT:guard_support.obj
 0002:000002a8       __guard_xfg_table_dispatch_icall_fptr 00000001400192a8     LIBCMT:guard_support.obj
 0002:000002b0       __castguard_check_failure_os_handled_fptr 00000001400192b0     LIBCMT:guard_support.obj
 0002:000002b8       __guard_memcpy_fptr        00000001400192b8     libvcruntime:softmemtag.obj
 0002:000002c0       __xc_a                     00000001400192c0     LIBCMT:initializers.obj
 0002:000002d0       __xc_z                     00000001400192d0     LIBCMT:initializers.obj
 0002:000002d8       __xi_a                     00000001400192d8     LIBCMT:initializers.obj
 0002:000002f0       __acrt_stdio_initializer   00000001400192f0     libucrt:stdio_initializer.obj
 0002:000002f8       __acrt_multibyte_initializer 00000001400192f8     libucrt:multibyte_initializer.obj
 0002:00000300       __acrt_fmode_initializer   0000000140019300     libucrt:fmode_initializer.obj
 0002:00000308       __acrt_tran_fma3_initializer 0000000140019308     libucrt:fma3_initializer.obj
 0002:00000310       __xi_z                     0000000140019310     LIBCMT:initializers.obj
 0002:00000318       __xp_a                     0000000140019318     LIBCMT:initializers.obj
 0002:00000320       __acrt_locale_terminator   0000000140019320     libucrt:locale_initializer.obj
 0002:00000328       __dcrt_console_output_terminator 0000000140019328     libucrt:console_output_initializer.obj
 0002:00000330       __acrt_stdio_terminator    0000000140019330     libucrt:stdio_initializer.obj
 0002:00000338       __xp_z                     0000000140019338     LIBCMT:initializers.obj
 0002:00000340       __xt_a                     0000000140019340     LIBCMT:initializers.obj
 0002:00000348       __xt_z                     0000000140019348     LIBCMT:initializers.obj
 0002:00000360       __xmm@ffffffffffffffffffffffffffffffff 0000000140019360     LIBCMT:utility.obj
 0002:00000370       ?s_negLengthTab@FH4@@3QBCB 0000000140019370     libvcruntime:risctrnsctrl.obj
 0002:00000380       ?s_shiftTab@FH4@@3QBEB     0000000140019380     libvcruntime:risctrnsctrl.obj
 0002:000004c8       _pDestructExceptionObject  00000001400194c8     libvcruntime:ehhelpers.obj
 0002:000004d8       ??_7exception@std@@6B@     00000001400194d8     libvcruntime:frame.obj
 0002:000004e8       ??_C@_0BC@EOODALEL@Unknown?5exception@ 00000001400194e8     libvcruntime:frame.obj
 0002:00000508       ??_7bad_exception@std@@6B@ 0000000140019508     libvcruntime:frame.obj
 0002:00000518       ??_C@_0O@DPKOEFFH@bad?5exception@ 0000000140019518     libvcruntime:frame.obj
 0002:00000c40       ??_C@_08EHJDFFNH@__based?$CI@ 0000000140019c40     libvcruntime:undname.obj
 0002:00000c50       ??_C@_07KOLFKCDI@__cdecl@  0000000140019c50     libvcruntime:undname.obj
 0002:00000c58       ??_C@_08GHMPAG@__pascal@   0000000140019c58     libvcruntime:undname.obj
 0002:00000c68       ??_C@_09IFJBGAPI@__stdcall@ 0000000140019c68     libvcruntime:undname.obj
 0002:00000c78       ??_C@_0L@NPHFGOKO@__thiscall@ 0000000140019c78     libvcruntime:undname.obj
 0002:00000c88       ??_C@_0L@JMKHOMEK@__fastcall@ 0000000140019c88     libvcruntime:undname.obj
 0002:00000c98       ??_C@_0N@BCKKPABJ@__vectorcall@ 0000000140019c98     libvcruntime:undname.obj
 0002:00000ca8       ??_C@_09HIJEGCPM@__clrcall@ 0000000140019ca8     libvcruntime:undname.obj
 0002:00000cb4       ??_C@_06GHPCKEAG@__eabi@   0000000140019cb4     libvcruntime:undname.obj
 0002:00000cc0       ??_C@_09IOPIDJLG@__swift_1@ 0000000140019cc0     libvcruntime:undname.obj
 0002:00000cd0       ??_C@_09KFNFGKHF@__swift_2@ 0000000140019cd0     libvcruntime:undname.obj
 0002:00000ce0       ??_C@_09LMMOFLDE@__swift_3@ 0000000140019ce0     libvcruntime:undname.obj
 0002:00000cf0       ??_C@_07JOMMBBKO@__ptr64@  0000000140019cf0     libvcruntime:undname.obj
 0002:00000cf8       ??_C@_0L@PILCLIHE@__restrict@ 0000000140019cf8     libvcruntime:undname.obj
 0002:00000d08       ??_C@_0M@GFIIJFMG@__unaligned@ 0000000140019d08     libvcruntime:undname.obj
 0002:00000d18       ??_C@_09DHDLOLLB@restrict?$CI@ 0000000140019d18     libvcruntime:undname.obj
 0002:00000d22       ??_C@_00CNPNBAHC@@         0000000140019d22     libvcruntime:undname.obj
 0002:00000d24       ??_C@_04NIHEBCM@?5new@     0000000140019d24     libvcruntime:undname.obj
 0002:00000d30       ??_C@_07FPCDHGMM@?5delete@ 0000000140019d30     libvcruntime:undname.obj
 0002:00000d38       ??_C@_01NEMOKFLO@?$DN@     0000000140019d38     libvcruntime:undname.obj
 0002:00000d3c       ??_C@_02GPIOPFAK@?$DO?$DO@ 0000000140019d3c     libvcruntime:undname.obj
 0002:00000d40       ??_C@_02FODMEDOG@?$DM?$DM@ 0000000140019d40     libvcruntime:undname.obj
 0002:00000d44       ??_C@_01DCLJPIOD@?$CB@     0000000140019d44     libvcruntime:undname.obj
 0002:00000d48       ??_C@_02EGOFBIJA@?$DN?$DN@ 0000000140019d48     libvcruntime:undname.obj
 0002:00000d4c       ??_C@_02FDNJECIE@?$CB?$DN@ 0000000140019d4c     libvcruntime:undname.obj
 0002:00000d50       ??_C@_02GPECMEKF@?$FL?$FN@ 0000000140019d50     libvcruntime:undname.obj
 0002:00000d58       ??_C@_08LHJFAFGD@operator@ 0000000140019d58     libvcruntime:undname.obj
 0002:00000d64       ??_C@_02HBOOOICD@?9?$DO@   0000000140019d64     libvcruntime:undname.obj
 0002:00000d68       ??_C@_01NBENCBCI@?$CK@     0000000140019d68     libvcruntime:undname.obj
 0002:00000d6c       ??_C@_02ECNGHCIF@?$CL?$CL@ 0000000140019d6c     libvcruntime:undname.obj
 0002:00000d70       ??_C@_02BAABKJLB@?9?9@     0000000140019d70     libvcruntime:undname.obj
 0002:00000d74       ??_C@_01JOAMLHOP@?9@       0000000140019d74     libvcruntime:undname.obj
 0002:00000d78       ??_C@_01MIFGBAGJ@?$CL@     0000000140019d78     libvcruntime:undname.obj
 0002:00000d7c       ??_C@_01HNPIGOCE@?$CG@     0000000140019d7c     libvcruntime:undname.obj
 0002:00000d80       ??_C@_03MNHNFDLC@?9?$DO?$CK@ 0000000140019d80     libvcruntime:undname.obj
 0002:00000d84       ??_C@_01KMDKNFGN@?1@       0000000140019d84     libvcruntime:undname.obj
 0002:00000d88       ??_C@_01FGNFDNOH@?$CF@     0000000140019d88     libvcruntime:undname.obj
 0002:00000d8c       ??_C@_01MNNFJEPP@?$DM@     0000000140019d8c     libvcruntime:undname.obj
 0002:00000d90       ??_C@_02EHCHHCKH@?$DM?$DN@ 0000000140019d90     libvcruntime:undname.obj
 0002:00000d94       ??_C@_01PPODPGHN@?$DO@     0000000140019d94     libvcruntime:undname.obj
 0002:00000d98       ??_C@_02EEKDKGMJ@?$DO?$DN@ 0000000140019d98     libvcruntime:undname.obj
 0002:00000d9c       ??_C@_01IHBHIGKO@?0@       0000000140019d9c     libvcruntime:undname.obj
 0002:00000da0       ??_C@_02HCKGKOFO@?$CI?$CJ@ 0000000140019da0     libvcruntime:undname.obj
 0002:00000da4       ??_C@_01PJKLJHI@?$HO@      0000000140019da4     libvcruntime:undname.obj
 0002:00000da8       ??_C@_01JKBOJNNK@?$FO@     0000000140019da8     libvcruntime:undname.obj
 0002:00000dac       ??_C@_01DNKMNLPK@?$HM@     0000000140019dac     libvcruntime:undname.obj
 0002:00000db0       ??_C@_02PPKAJPJL@?$CG?$CG@ 0000000140019db0     libvcruntime:undname.obj
 0002:00000db4       ??_C@_02NONPIBCD@?$HM?$HM@ 0000000140019db4     libvcruntime:undname.obj
 0002:00000db8       ??_C@_02FPIMKNGF@?$CK?$DN@ 0000000140019db8     libvcruntime:undname.obj
 0002:00000dbc       ??_C@_02FOEOMHFC@?$CL?$DN@ 0000000140019dbc     libvcruntime:undname.obj
 0002:00000dc0       ??_C@_02FKMDLLOA@?9?$DN@   0000000140019dc0     libvcruntime:undname.obj
 0002:00000dc4       ??_C@_02FJEHGPIO@?1?$DN@   0000000140019dc4     libvcruntime:undname.obj
 0002:00000dc8       ??_C@_02FENAOKFI@?$CF?$DN@ 0000000140019dc8     libvcruntime:undname.obj
 0002:00000dcc       ??_C@_03IKFCCPFF@?$DO?$DO?$DN@ 0000000140019dcc     libvcruntime:undname.obj
 0002:00000dd0       ??_C@_03CDNPDDLA@?$DM?$DM?$DN@ 0000000140019dd0     libvcruntime:undname.obj
 0002:00000dd4       ??_C@_02FGJGFEAB@?$CG?$DN@ 0000000140019dd4     libvcruntime:undname.obj
 0002:00000dd8       ??_C@_02DHLNPPGH@?$HM?$DN@ 0000000140019dd8     libvcruntime:undname.obj
 0002:00000ddc       ??_C@_02MHEGNOJ@?$FO?$DN@  0000000140019ddc     libvcruntime:undname.obj
 0002:00000de0       ??_C@_09IFPLHPGF@?$GAvftable?8@ 0000000140019de0     libvcruntime:undname.obj
 0002:00000df0       ??_C@_09BLBHBJP@?$GAvbtable?8@ 0000000140019df0     libvcruntime:undname.obj
 0002:00000e00       ??_C@_07FEEIOKP@?$GAvcall?8@ 0000000140019e00     libvcruntime:undname.obj
 0002:00000e08       ??_C@_08LLFFHHDJ@?$GAtypeof?8@ 0000000140019e08     libvcruntime:undname.obj
 0002:00000e18       ??_C@_0BF@KDPPACIK@?$GAlocal?5static?5guard?8@ 0000000140019e18     libvcruntime:undname.obj
 0002:00000e30       ??_C@_08OBABFOLI@?$GAstring?8@ 0000000140019e30     libvcruntime:undname.obj
 0002:00000e40       ??_C@_0BD@JDLKDPAB@?$GAvbase?5destructor?8@ 0000000140019e40     libvcruntime:undname.obj
 0002:00000e58       ??_C@_0BN@DEGPLNFK@?$GAvector?5deleting?5destructor?8@ 0000000140019e58     libvcruntime:undname.obj
 0002:00000e78       ??_C@_0BO@OBMKPJIG@?$GAdefault?5constructor?5closure?8@ 0000000140019e78     libvcruntime:undname.obj
 0002:00000e98       ??_C@_0BN@IMDCHIKM@?$GAscalar?5deleting?5destructor?8@ 0000000140019e98     libvcruntime:undname.obj
 0002:00000eb8       ??_C@_0BO@PFGOCPJJ@?$GAvector?5constructor?5iterator?8@ 0000000140019eb8     libvcruntime:undname.obj
 0002:00000ed8       ??_C@_0BN@LFPFMEDL@?$GAvector?5destructor?5iterator?8@ 0000000140019ed8     libvcruntime:undname.obj
 0002:00000ef8       ??_C@_0CE@IKBNEHA@?$GAvector?5vbase?5constructor?5itera@ 0000000140019ef8     libvcruntime:undname.obj
 0002:00000f20       ??_C@_0BL@NILFHHPC@?$GAvirtual?5displacement?5map?8@ 0000000140019f20     libvcruntime:undname.obj
 0002:00000f40       ??_C@_0CB@JONCMFFK@?$GAeh?5vector?5constructor?5iterator@ 0000000140019f40     libvcruntime:undname.obj
 0002:00000f68       ??_C@_0CA@GCEOPDGL@?$GAeh?5vector?5destructor?5iterator?8@ 0000000140019f68     libvcruntime:undname.obj
 0002:00000f88       ??_C@_0CH@OOJPLCPH@?$GAeh?5vector?5vbase?5constructor?5it@ 0000000140019f88     libvcruntime:undname.obj
 0002:00000fb0       ??_C@_0BL@LLKPOHJI@?$GAcopy?5constructor?5closure?8@ 0000000140019fb0     libvcruntime:undname.obj
 0002:00000fd0       ??_C@_0BA@KBCDOMBN@?$GAudt?5returning?8@ 0000000140019fd0     libvcruntime:undname.obj
 0002:00000fe0       ??_C@_03KLGMFNMG@?$GAEH@   0000000140019fe0     libvcruntime:undname.obj
 0002:00000fe4       ??_C@_05KHLCHHI@?$GARTTI@  0000000140019fe4     libvcruntime:undname.obj
 0002:00000ff0       ??_C@_0BA@KKLDJDLB@?$GAlocal?5vftable?8@ 0000000140019ff0     libvcruntime:undname.obj
 0002:00001000       ??_C@_0CE@IIHCMGGL@?$GAlocal?5vftable?5constructor?5clos@ 000000014001a000     libvcruntime:undname.obj
 0002:00001024       ??_C@_06FHBGPFGH@?5new?$FL?$FN@ 000000014001a024     libvcruntime:undname.obj
 0002:00001030       ??_C@_09LBNFPBCA@?5delete?$FL?$FN@ 000000014001a030     libvcruntime:undname.obj
 0002:00001040       ??_C@_0P@HJKNJFNN@?$GAomni?5callsig?8@ 000000014001a040     libvcruntime:undname.obj
 0002:00001050       ??_C@_0BL@CNOONJFP@?$GAplacement?5delete?5closure?8@ 000000014001a050     libvcruntime:undname.obj
 0002:00001070       ??_C@_0BN@CKNJLHMB@?$GAplacement?5delete?$FL?$FN?5closure?8@ 000000014001a070     libvcruntime:undname.obj
 0002:00001090       ??_C@_0CG@CFDHKGGD@?$GAmanaged?5vector?5constructor?5ite@ 000000014001a090     libvcruntime:undname.obj
 0002:000010b8       ??_C@_0CF@IMGKMJNO@?$GAmanaged?5vector?5destructor?5iter@ 000000014001a0b8     libvcruntime:undname.obj
 0002:000010e0       ??_C@_0CG@HLDDJMAG@?$GAeh?5vector?5copy?5constructor?5ite@ 000000014001a0e0     libvcruntime:undname.obj
 0002:00001108       ??_C@_0CM@FCBBDIGB@?$GAeh?5vector?5vbase?5copy?5construct@ 000000014001a108     libvcruntime:undname.obj
 0002:00001138       ??_C@_0BL@CLIPGLGB@?$GAdynamic?5initializer?5for?5?8@ 000000014001a138     libvcruntime:undname.obj
 0002:00001158       ??_C@_0CB@PDBIFEP@?$GAdynamic?5atexit?5destructor?5for?5@ 000000014001a158     libvcruntime:undname.obj
 0002:00001180       ??_C@_0CD@CGAJBKEJ@?$GAvector?5copy?5constructor?5iterat@ 000000014001a180     libvcruntime:undname.obj
 0002:000011a8       ??_C@_0CJ@GJELGAMM@?$GAvector?5vbase?5copy?5constructor?5@ 000000014001a1a8     libvcruntime:undname.obj
 0002:000011d8       ??_C@_0CL@FGIJHLCE@?$GAmanaged?5vector?5copy?5constructo@ 000000014001a1d8     libvcruntime:undname.obj
 0002:00001208       ??_C@_0BM@PMGGMLDN@?$GAlocal?5static?5thread?5guard?8@ 000000014001a208     libvcruntime:undname.obj
 0002:00001228       ??_C@_0N@BDNMDMOL@operator?5?$CC?$CC?5@ 000000014001a228     libvcruntime:undname.obj
 0002:00001238       ??_C@_0BC@GGEBGALA@operator?5co_await@ 000000014001a238     libvcruntime:undname.obj
 0002:00001250       ??_C@_0M@GAAIMMOH@operator?$DM?$DN?$DO@ 000000014001a250     libvcruntime:undname.obj
 0002:00001260       ??_C@_0BC@DAFEJGAK@?5Type?5Descriptor?8@ 000000014001a260     libvcruntime:undname.obj
 0002:00001278       ??_C@_0BM@LDKODKLH@?5Base?5Class?5Descriptor?5at?5?$CI@ 000000014001a278     libvcruntime:undname.obj
 0002:00001298       ??_C@_0BD@LGICGFMM@?5Base?5Class?5Array?8@ 000000014001a298     libvcruntime:undname.obj
 0002:000012b0       ??_C@_0BN@MECKDCOJ@?5Class?5Hierarchy?5Descriptor?8@ 000000014001a2b0     libvcruntime:undname.obj
 0002:000012d0       ??_C@_0BK@CFCOFLF@?5Complete?5Object?5Locator?8@ 000000014001a2d0     libvcruntime:undname.obj
 0002:000012f0       ??_C@_0BG@JNJLAMPM@?$GAanonymous?5namespace?8@ 000000014001a2f0     libvcruntime:undname.obj
 0002:00001320       ??_C@_1DM@KHCHBNEB@?$AAa?$AAp?$AAi?$AA?9?$AAm?$AAs?$AA?9?$AAw?$AAi?$AAn?$AA?9?$AAc?$AAo?$AAr?$AAe@ 000000014001a320     libvcruntime:winapi_downlevel.obj
 0002:00001360       ??_C@_1DK@LPPGFMPP@?$AAa?$AAp?$AAi?$AA?9?$AAm?$AAs?$AA?9?$AAw?$AAi?$AAn?$AA?9?$AAc?$AAo?$AAr?$AAe@ 000000014001a360     libvcruntime:winapi_downlevel.obj
 0002:000013a0       ??_C@_1BC@GDMECMAK@?$AAk?$AAe?$AAr?$AAn?$AAe?$AAl?$AA3?$AA2@ 000000014001a3a0     libvcruntime:winapi_downlevel.obj
 0002:000013b8       ??_C@_1BA@PFFKHIOG@?$AAa?$AAp?$AAi?$AA?9?$AAm?$AAs?$AA?9@ 000000014001a3b8     libvcruntime:winapi_downlevel.obj
 0002:000013d0       ??_C@_08KNHFBNJ@FlsAlloc@  000000014001a3d0     libvcruntime:winapi_downlevel.obj
 0002:000013e8       ??_C@_07PEJMOBNF@FlsFree@  000000014001a3e8     libvcruntime:winapi_downlevel.obj
 0002:000013f8       ??_C@_0M@GDNOONDI@FlsGetValue@ 000000014001a3f8     libvcruntime:winapi_downlevel.obj
 0002:00001410       ??_C@_0M@JCPCPOEF@FlsSetValue@ 000000014001a410     libvcruntime:winapi_downlevel.obj
 0002:00001428       ??_C@_0BM@HCFOFFN@InitializeCriticalSectionEx@ 000000014001a428     libvcruntime:winapi_downlevel.obj
 0002:00001450       ?standard_lookup_table_spectre@__crt_stdio_output@@3V?$spectre_mitigated_lookup_table@Ustate_transition_pair@__crt_stdio_output@@$0IA@@1@B 000000014001a450     libucrt:output.obj
 0002:00001550       ??_C@_1O@CEDCILHN@?$AA?$CI?$AAn?$AAu?$AAl?$AAl?$AA?$CJ@ 000000014001a550     libucrt:output.obj
 0002:00001560       ??_C@_06OJHGLDPL@?$CInull?$CJ@ 000000014001a560     libucrt:output.obj
 0002:00001570       __acrt_exception_action_table 000000014001a570     libucrt:exception_filter.obj
 0002:00001630       __acrt_signal_action_table_count 000000014001a630     libucrt:exception_filter.obj
 0002:00001638       __acrt_signal_action_first_fpe_index 000000014001a638     libucrt:exception_filter.obj
 0002:00001640       __acrt_signal_action_fpe_count 000000014001a640     libucrt:exception_filter.obj
 0002:000016c0       ??_C@_1BI@BGOHAHKC@?$AAm?$AAs?$AAc?$AAo?$AAr?$AAe?$AAe?$AA?4?$AAd?$AAl?$AAl@ 000000014001a6c0     libucrt:exit.obj
 0002:000016d8       ??_C@_0P@MIGLKIOC@CorExitProcess@ 000000014001a6d8     libucrt:exit.obj
 0002:00001a30       ??_C@_1EA@JGEFHKEI@?$AAa?$AAp?$AAi?$AA?9?$AAm?$AAs?$AA?9?$AAw?$AAi?$AAn?$AA?9?$AAc?$AAo?$AAr?$AAe@ 000000014001aa30     libucrt:winapi_thunks.obj
 0002:00001a70       ??_C@_1DI@KMEPCBPN@?$AAa?$AAp?$AAi?$AA?9?$AAm?$AAs?$AA?9?$AAw?$AAi?$AAn?$AA?9?$AAc?$AAo?$AAr?$AAe@ 000000014001aa70     libucrt:winapi_thunks.obj
 0002:00001aa8       ??_C@_1DI@IJCEHOCB@?$AAa?$AAp?$AAi?$AA?9?$AAm?$AAs?$AA?9?$AAw?$AAi?$AAn?$AA?9?$AAc?$AAo?$AAr?$AAe@ 000000014001aaa8     libucrt:winapi_thunks.obj
 0002:00001ae0       ??_C@_1EI@MPIAOHOC@?$AAa?$AAp?$AAi?$AA?9?$AAm?$AAs?$AA?9?$AAw?$AAi?$AAn?$AA?9?$AAc?$AAo?$AAr?$AAe@ 000000014001aae0     libucrt:winapi_thunks.obj
 0002:00001b30       ??_C@_1FK@FPHCKFIE@?$AAa?$AAp?$AAi?$AA?9?$AAm?$AAs?$AA?9?$AAw?$AAi?$AAn?$AA?9?$AAc?$AAo?$AAr?$AAe@ 000000014001ab30     libucrt:winapi_thunks.obj
 0002:00001b90       ??_C@_1EM@DILCGIIO@?$AAa?$AAp?$AAi?$AA?9?$AAm?$AAs?$AA?9?$AAw?$AAi?$AAn?$AA?9?$AAc?$AAo?$AAr?$AAe@ 000000014001ab90     libucrt:winapi_thunks.obj
 0002:00001be0       ??_C@_1DM@LNCGDDPN@?$AAa?$AAp?$AAi?$AA?9?$AAm?$AAs?$AA?9?$AAw?$AAi?$AAn?$AA?9?$AAc?$AAo?$AAr?$AAe@ 000000014001abe0     libucrt:winapi_thunks.obj
 0002:00001c20       ??_C@_1DO@FPAPJEMD@?$AAa?$AAp?$AAi?$AA?9?$AAm?$AAs?$AA?9?$AAw?$AAi?$AAn?$AA?9?$AAc?$AAo?$AAr?$AAe@ 000000014001ac20     libucrt:winapi_thunks.obj
 0002:00001c60       ??_C@_1DK@NDHNAHIO@?$AAa?$AAp?$AAi?$AA?9?$AAm?$AAs?$AA?9?$AAw?$AAi?$AAn?$AA?9?$AAc?$AAo?$AAr?$AAe@ 000000014001ac60     libucrt:winapi_thunks.obj
 0002:00001ca0       ??_C@_1DM@KGHDGBCM@?$AAa?$AAp?$AAi?$AA?9?$AAm?$AAs?$AA?9?$AAw?$AAi?$AAn?$AA?9?$AAc?$AAo?$AAr?$AAe@ 000000014001aca0     libucrt:winapi_thunks.obj
 0002:00001ce0       ??_C@_1EO@IJIOEFOH@?$AAa?$AAp?$AAi?$AA?9?$AAm?$AAs?$AA?9?$AAw?$AAi?$AAn?$AA?9?$AAr?$AAt?$AAc?$AAo@ 000000014001ace0     libucrt:winapi_thunks.obj
 0002:00001d30       ??_C@_1FG@HHGEKANL@?$AAa?$AAp?$AAi?$AA?9?$AAm?$AAs?$AA?9?$AAw?$AAi?$AAn?$AA?9?$AAs?$AAe?$AAc?$AAu@ 000000014001ad30     libucrt:winapi_thunks.obj
 0002:00001d90       ??_C@_1EG@DBIOJECG@?$AAe?$AAx?$AAt?$AA?9?$AAm?$AAs?$AA?9?$AAw?$AAi?$AAn?$AA?9?$AAn?$AAt?$AAu?$AAs@ 000000014001ad90     libucrt:winapi_thunks.obj
 0002:00001de0       ??_C@_1EO@FIHMJCLF@?$AAe?$AAx?$AAt?$AA?9?$AAm?$AAs?$AA?9?$AAw?$AAi?$AAn?$AA?9?$AAn?$AAt?$AAu?$AAs@ 000000014001ade0     libucrt:winapi_thunks.obj
 0002:00001e30       ??_C@_1BC@DNHGCMLG@?$AAa?$AAd?$AAv?$AAa?$AAp?$AAi?$AA3?$AA2@ 000000014001ae30     libucrt:winapi_thunks.obj
 0002:00001e48       ??_C@_1BG@CJPGBMEF@?$AAk?$AAe?$AAr?$AAn?$AAe?$AAl?$AAb?$AAa?$AAs?$AAe@ 000000014001ae48     libucrt:winapi_thunks.obj
 0002:00001e60       ??_C@_1M@OAIMIKLP@?$AAn?$AAt?$AAd?$AAl?$AAl@ 000000014001ae60     libucrt:winapi_thunks.obj
 0002:00001e70       ??_C@_1EG@DPGNFKGC@?$AAa?$AAp?$AAi?$AA?9?$AAm?$AAs?$AA?9?$AAw?$AAi?$AAn?$AA?9?$AAa?$AAp?$AAp?$AAm@ 000000014001ae70     libucrt:winapi_thunks.obj
 0002:00001eb8       ??_C@_1O@BCCLBEOE@?$AAu?$AAs?$AAe?$AAr?$AA3?$AA2@ 000000014001aeb8     libucrt:winapi_thunks.obj
 0002:00001ec8       ??_C@_1BA@IAIFMGEF@?$AAe?$AAx?$AAt?$AA?9?$AAm?$AAs?$AA?9@ 000000014001aec8     libucrt:winapi_thunks.obj
 0002:00001ee0       ??_C@_0BA@IHGNDAEB@CompareStringEx@ 000000014001aee0     libucrt:winapi_thunks.obj
 0002:00001f00       ??_C@_0O@KKBNKAPF@LCMapStringEx@ 000000014001af00     libucrt:winapi_thunks.obj
 0002:00001f18       ??_C@_0BB@HBDEELFH@LocaleNameToLCID@ 000000014001af18     libucrt:winapi_thunks.obj
 0002:00001f30       ??_C@_0CF@OJOFEIGO@AppPolicyGetProcessTerminationM@ 000000014001af30     libucrt:winapi_thunks.obj
 0002:00001fe0       ??_C@_03OEIAHPBN@INF@      000000014001afe0     libucrt:cvt.obj
 0002:00001fe4       ??_C@_03OJHLLCGB@inf@      000000014001afe4     libucrt:cvt.obj
 0002:00001fe8       ??_C@_03LKNCIKJB@NAN@      000000014001afe8     libucrt:cvt.obj
 0002:00001fec       ??_C@_03LHCJEHON@nan@      000000014001afec     libucrt:cvt.obj
 0002:00001ff0       ??_C@_09OFJJIMPC@NAN?$CISNAN?$CJ@ 000000014001aff0     libucrt:cvt.obj
 0002:00002000       ??_C@_09IPFBKMDL@nan?$CIsnan?$CJ@ 000000014001b000     libucrt:cvt.obj
 0002:00002010       ??_C@_08IKHNHAJ@NAN?$CIIND?$CJ@ 000000014001b010     libucrt:cvt.obj
 0002:00002020       ??_C@_08OFCDMILK@nan?$CIind?$CJ@ 000000014001b020     libucrt:cvt.obj
[...]
 0002:00009bf0       $unwind$__acrt_locale_free_numeric 0000000140022bf0     libucrt:initnum.obj
 0002:00009bf0       $unwind$__acrt_locale_free_lc_time_if_unreferenced 0000000140022bf0     libucrt:locale_refcounting.obj
 0002:00009bf8       $unwind$__acrt_initialize_winapi_thunks 0000000140022bf8     libucrt:winapi_thunks.obj
 0002:00009c00       $unwind$?fp_format_f@@YAHQEBNQEAD_K12HW4__acrt_rounding_mode@@AEAV__crt_cached_ptd_host@@@Z 0000000140022c00     libucrt:cvt.obj
 0002:00009c00       $unwind$__acrt_CompareStringEx 0000000140022c00     libucrt:winapi_thunks.obj
 0002:00009c00       $unwind$__acrt_LCMapStringEx 0000000140022c00     libucrt:winapi_thunks.obj
 0002:00009c00       $unwind$_wcsnicoll_l       0000000140022c00     libucrt:wcsnicol.obj
 0002:00009c14       $unwind$_fcloseall         0000000140022c14     libucrt:closeall.obj
 0002:00009c38       $unwind$_lseeki64          0000000140022c38     libucrt:lseek.obj
 0002:00009c38       $unwind$fclose             0000000140022c38     libucrt:fclose.obj
 0002:00009c38       $unwind$_fflush_nolock     0000000140022c38     libucrt:fflush.obj
 0002:00009c48       $unwind$?common_flush_all@@YAH_N@Z 0000000140022c48     libucrt:fflush.obj
 0002:00009c50       $unwind$??$?RV<lambda_842d9ff0dc9ef11c61343bbaebe7f885>@@AEAV<lambda_c5860995281e5c4ce005b3de8f5874ee>@@V<lambda_d90129c13df834fdcbf8d2b88dafcf2d>@@@?$__crt_seh_guarded_call@X@@QEAAX$$QEAV<lambda_842d9ff0dc9ef11c61343bbaebe7f885>@@AEAV<lambda_c5860995281e5c4ce005b3de8f5874ee>@@$$QEAV<lambda_d90129c13df834fdcbf8d2b88dafcf2d>@@@Z 0000000140022c50     libucrt:fflush.obj
 0002:00009c74       $unwind$??$?RV<lambda_886d6c58226a84441f68b9f2b8217b83>@@AEAV<lambda_ab61a845afdef5b7c387490eaf3616ee>@@V<lambda_f7f22ab5edc0698d5f6905b0d3f44752>@@@?$__crt_seh_guarded_call@X@@QEAAX$$QEAV<lambda_886d6c58226a84441f68b9f2b8217b83>@@AEAV<lambda_ab61a845afdef5b7c387490eaf3616ee>@@$$QEAV<lambda_f7f22ab5edc0698d5f6905b0d3f44752>@@@Z 0000000140022c74     libucrt:fflush.obj
 0002:00009c9c       $unwind$__acrt_initialize_lowio 0000000140022c9c     libucrt:ioinit.obj
 0002:00009cbc       $unwind$?initialize_inherited_file_handles_nolock@@YAXXZ 0000000140022cbc     libucrt:ioinit.obj
 0002:00009cd8       $unwind$__acrt_fp_format   0000000140022cd8     libucrt:cvt.obj
 0002:00009ce8       $unwind$?fp_format_e_internal@@YAHQEAD_KH_NIQEAU_strflt@@2AEAV__crt_cached_ptd_host@@@Z 0000000140022ce8     libucrt:cvt.obj
 0002:00009d04       $unwind$?should_round_up@@YA_NQEBN_KFW4__acrt_rounding_mode@@@Z 0000000140022d04     libucrt:cvt.obj
 0002:00009d20       $unwind$?fp_format_a@@YAHQEBNPEAD_KQEAD2H_NIW4__acrt_rounding_mode@@AEAV__crt_cached_ptd_host@@@Z 0000000140022d20     libucrt:cvt.obj
 0002:00009d3c       $unwind$?fp_format_g@@YAHQEBNQEAD_K12H_NIW4__acrt_rounding_mode@@AEAV__crt_cached_ptd_host@@@Z 0000000140022d3c     libucrt:cvt.obj
 0002:00009d54       $unwind$_wctomb_internal   0000000140022d54     libucrt:wctomb.obj
 0002:00009d68       $unwind$_fputwc_nolock_internal 0000000140022d68     libucrt:fputwc.obj
 0002:00009d84       $unwind$__acrt_stdio_end_temporary_buffering_nolock 0000000140022d84     libucrt:_sftbuf.obj
 0002:00009d8c       $unwind$?construct_ptd_array@@YAXQEAU__acrt_ptd@@@Z 0000000140022d8c     libucrt:per_thread_data.obj
 0002:00009d94       $unwind$?destroy_ptd_array@@YAXQEAU__acrt_ptd@@@Z 0000000140022d94     libucrt:per_thread_data.obj
 0002:00009d9c       $unwind$??$?RV<lambda_0ae27a3a962d80f24befdcbee591983d>@@AEAV<lambda_8d0ee55de4b1038c4002e0adecdf1839>@@V<lambda_dc504788e8f1664fe9b84e20bfb512f2>@@@?$__crt_seh_guarded_call@X@@QEAAX$$QEAV<lambda_0ae27a3a962d80f24befdcbee591983d>@@AEAV<lambda_8d0ee55de4b1038c4002e0adecdf1839>@@$$QEAV<lambda_dc504788e8f1664fe9b84e20bfb512f2>@@@Z 0000000140022d9c     libucrt:per_thread_data.obj
 0002:00009dc0       $unwind$??$?RV<lambda_aa87e3671a710a21b5dc78c0bdf72e11>@@AEAV<lambda_92619d2358a28f41a33ba319515a20b9>@@V<lambda_6992ecaafeb10aed2b74cb1fae11a551>@@@?$__crt_seh_guarded_call@X@@QEAAX$$QEAV<lambda_aa87e3671a710a21b5dc78c0bdf72e11>@@AEAV<lambda_92619d2358a28f41a33ba319515a20b9>@@$$QEAV<lambda_6992ecaafeb10aed2b74cb1fae11a551>@@@Z 0000000140022dc0     libucrt:per_thread_data.obj
 0002:00009de4       $unwind$??$?RV<lambda_f2e299630e499de9f9a165e60fcd3db5>@@AEAV<lambda_2ae9d31cdba2644fcbeaf08da7c24588>@@V<lambda_40d01ff24d0e7b3814fdbdcee8eab3c7>@@@?$__crt_seh_guarded_call@X@@QEAAX$$QEAV<lambda_f2e299630e499de9f9a165e60fcd3db5>@@AEAV<lambda_2ae9d31cdba2644fcbeaf08da7c24588>@@$$QEAV<lambda_40d01ff24d0e7b3814fdbdcee8eab3c7>@@@Z 0000000140022de4     libucrt:per_thread_data.obj
 0002:00009e08       $unwind$??$?RV<lambda_2d41944a1d46af3157314b8a01080d33>@@AEAV<lambda_8f455de75cd7d7f24b4096f044d8b9e6>@@V<lambda_aa500f224e6afead328df44964fe2772>@@@?$__crt_seh_guarded_call@X@@QEAAX$$QEAV<lambda_2d41944a1d46af3157314b8a01080d33>@@AEAV<lambda_8f455de75cd7d7f24b4096f044d8b9e6>@@$$QEAV<lambda_aa500f224e6afead328df44964fe2772>@@@Z 0000000140022e08     libucrt:per_thread_data.obj
 0002:00009e2c       $unwind$??$common_expand_argv_wildcards@_W@@YAHQEAPEA_WQEAPEAPEA_W@Z 0000000140022e2c     libucrt:argv_wildcards.obj
 0002:00009e50       $unwind$??$common_set_variable_in_environment_nolock@_W@@YAHQEA_WH@Z 0000000140022e50     libucrt:setenv.obj
 0002:00009e50       $unwind$??$copy_and_add_argument_to_buffer@_W@@YAHQEB_W0_KAEAV?$argument_list@_W@?A0x5f5c8891@@@Z 0000000140022e50     libucrt:argv_wildcards.obj
 0002:00009e6c       $unwind$_setmbcp_nolock    0000000140022e6c     libucrt:mbctype.obj
 0002:00009e8c       $unwind$__dcrt_lowio_ensure_console_output_initialized 0000000140022e8c     libucrt:initcon.obj
 0002:00009e8c       $unwind$?__mbrtowc_utf8@__crt_mbstring@@YA_KPEA_WPEBD_KPEAU_Mbstatet@@AEAV__crt_cached_ptd_host@@@Z 0000000140022e8c     libucrt:mbrtowc.obj
 0002:00009e8c       $unwind$?getSystemCP@@YAHH@Z 0000000140022e8c     libucrt:mbctype.obj
 0002:00009e94       $unwind$?update_thread_multibyte_data_internal@@YAPEAU__crt_multibyte_data@@QEAU__acrt_ptd@@QEAPEAU1@@Z 0000000140022e94     libucrt:mbctype.obj
 0002:00009ebc       $unwind$?setmbcp_internal@@YAHH_NQEAU__acrt_ptd@@QEAPEAU__crt_multibyte_data@@@Z 0000000140022ebc     libucrt:mbctype.obj
 0002:00009ed4       $unwind$?setSBUpLow@@YAXPEAU__crt_multibyte_data@@@Z 0000000140022ed4     libucrt:mbctype.obj
 0002:00009ef0       $unwind$??$?RV<lambda_efdfa57d1f175319df784efa44bb7b81>@@AEAV<lambda_5f0a4c1567f8adc6734073e5d1e1b35c>@@V<lambda_2e8a7d3640ea6ccb4c2413664c2db6fd>@@@?$__crt_seh_guarded_call@X@@QEAAX$$QEAV<lambda_efdfa57d1f175319df784efa44bb7b81>@@AEAV<lambda_5f0a4c1567f8adc6734073e5d1e1b35c>@@$$QEAV<lambda_2e8a7d3640ea6ccb4c2413664c2db6fd>@@@Z 0000000140022ef0     libucrt:mbctype.obj
 0002:00009f14       $unwind$__acrt_WideCharToMultiByte 0000000140022f14     libucrt:widechartomultibyte.obj
 0002:00009f20       $unwind$__acrt_lowio_destroy_handle_array 0000000140022f20     libucrt:osfinfo.obj
 0002:00009f30       $unwind$__acrt_lowio_ensure_fh_exists 0000000140022f30     libucrt:osfinfo.obj
 0002:00009f5c       $unwind$__acrt_locale_free_monetary 0000000140022f5c     libucrt:initmon.obj
 0002:00009f64       $unwind$__acrt_locale_free_time 0000000140022f64     libucrt:inittime.obj
 0002:00009f74       $unwind$__acrt_GetStringTypeA 0000000140022f74     libucrt:getstringtypea.obj
 0002:00009f9c       $unwind$__acrt_update_thread_locale_data 0000000140022f9c     libucrt:locale_refcounting.obj
 0002:00009fc0       $unwind$_query_new_handler 0000000140022fc0     libucrt:new_handler.obj
 0002:00009fe0       $unwind$raise              0000000140022fe0     libucrt:signal.obj
 0002:0000a020       $unwind$??$?RV<lambda_450d765d439847d4c735a33c368b5fc0>@@AEAV<lambda_44731a7d0e6d81c3e6aa82d741081786>@@V<lambda_601a2a7da3b7a96e9554ac7215c4b07c>@@@?$__crt_seh_guarded_call@P6AXH@Z@@QEAAP6AXH@Z$$QEAV<lambda_450d765d439847d4c735a33c368b5fc0>@@AEAV<lambda_44731a7d0e6d81c3e6aa82d741081786>@@$$QEAV<lambda_601a2a7da3b7a96e9554ac7215c4b07c>@@@Z 0000000140023020     libucrt:signal.obj
 0002:0000a044       $unwind$?_fclose_nolock_internal@@YAHQEAU_iobuf@@AEAV__crt_cached_ptd_host@@@Z 0000000140023044     libucrt:fclose.obj
 0002:0000a054       $unwind$?_fclose_internal@@YAHQEAU_iobuf@@AEAV__crt_cached_ptd_host@@@Z 0000000140023054     libucrt:fclose.obj
 0002:0000a078       $unwind$_commit            0000000140023078     libucrt:commit.obj
 0002:0000a080       $unwind$??$?RV<lambda_a37b2b86f63e897a80ea819b0eb08c01>@@AEAV<lambda_38ce7e780aa69e748d6df282ebc68efe>@@V<lambda_99fb1378e971ab6e7edea83e3a7a83a2>@@@?$__crt_seh_guarded_call@H@@QEAAH$$QEAV<lambda_a37b2b86f63e897a80ea819b0eb08c01>@@AEAV<lambda_38ce7e780aa69e748d6df282ebc68efe>@@$$QEAV<lambda_99fb1378e971ab6e7edea83e3a7a83a2>@@@Z 0000000140023080     libucrt:commit.obj
 0002:0000a0a4       $unwind$_write_nolock      00000001400230a4     libucrt:write.obj
 0002:0000a0bc       $unwind$_write_internal    00000001400230bc     libucrt:write.obj
 0002:0000a0e8       $unwind$?write_double_translated_ansi_nolock@@YA?AUwrite_result@?A0x17268360@@HQEBDIAEAV__crt_cached_ptd_host@@@Z 00000001400230e8     libucrt:write.obj
 0002:0000a110       $ip2state$?write_double_translated_ansi_nolock@@YA?AUwrite_result@?A0x17268360@@HQEBDIAEAV__crt_cached_ptd_host@@@Z 0000000140023110     libucrt:write.obj
 0002:0000a118       $unwind$?write_text_ansi_nolock@@YA?AUwrite_result@?A0x17268360@@HQEBDI@Z 0000000140023118     libucrt:write.obj
 0002:0000a118       $unwind$?write_text_utf16le_nolock@@YA?AUwrite_result@?A0x17268360@@HQEBDI@Z 0000000140023118     libucrt:write.obj
 0002:0000a138       $unwind$?write_text_utf8_nolock@@YA?AUwrite_result@?A0x17268360@@HQEBDI@Z 0000000140023138     libucrt:write.obj
 0002:0000a15c       $unwind$__acrt_fltout      000000014002315c     libucrt:cfout.obj
 0002:0000a17c       $unwind$?divide@__crt_strtox@@YA_KAEAUbig_integer@1@AEBU21@@Z 000000014002317c     libucrt:cfout.obj
 0002:0000a194       $chain$0$?divide@__crt_strtox@@YA_KAEAUbig_integer@1@AEBU21@@Z 0000000140023194     libucrt:cfout.obj
 0002:0000a1a8       $chain$1$?divide@__crt_strtox@@YA_KAEAUbig_integer@1@AEBU21@@Z 00000001400231a8     libucrt:cfout.obj
 0002:0000a1b8       $unwind$?__mbsrtowcs_utf8@__crt_mbstring@@YA_KPEA_WPEAPEBD_KPEAU_Mbstatet@@AEAV__crt_cached_ptd_host@@@Z 00000001400231b8     libucrt:mbrtowc.obj
 0002:0000a1d0       $unwind$??$write_buffer_nolock@D@@YA_NDV__crt_stdio_stream@@AEAV__crt_cached_ptd_host@@@Z 00000001400231d0     libucrt:_flsbuf.obj
 0002:0000a1e4       $unwind$??$write_buffer_nolock@_W@@YA_N_WV__crt_stdio_stream@@AEAV__crt_cached_ptd_host@@@Z 00000001400231e4     libucrt:_flsbuf.obj
 0002:0000a1f8       $unwind$qsort              00000001400231f8     libucrt:qsort.obj
 0002:0000a210       $chain$4$qsort             0000000140023210     libucrt:qsort.obj
 0002:0000a234       $chain$5$qsort             0000000140023234     libucrt:qsort.obj
 0002:0000a244       $unwind$__acrt_LCMapStringA 0000000140023244     libucrt:lcmapstringa.obj
 0002:0000a254       $unwind$?__acrt_LCMapStringA_stat@@YAHPEAU__crt_locale_pointers@@PEB_WKPEBDHPEADHHH@Z 0000000140023254     libucrt:lcmapstringa.obj
 0002:0000a27c       $unwind$_close_internal    000000014002327c     libucrt:close.obj
 0002:0000a284       $unwind$??$?RV<lambda_ad8af0d99a0adf03d037d7dffe354bb5>@@AEAV<lambda_c9ba49e555ba839a7b07aa3fbecb7617>@@V<lambda_2f1ebd5d68526518146ae959c9e734c8>@@@?$__crt_seh_guarded_call@H@@QEAAH$$QEAV<lambda_ad8af0d99a0adf03d037d7dffe354bb5>@@AEAV<lambda_c9ba49e555ba839a7b07aa3fbecb7617>@@$$QEAV<lambda_2f1ebd5d68526518146ae959c9e734c8>@@@Z 0000000140023284     libucrt:close.obj
 0002:0000a2a8       $unwind$??$common_lseek@_J@@YA_JH_JHAEAV__crt_cached_ptd_host@@@Z 00000001400232a8     libucrt:lseek.obj
 0002:0000a2d4       $unwind$_putwch_nolock     00000001400232d4     libucrt:putwch.obj
 0002:0000a2dc       $unwind$fesetenv           00000001400232dc     libucrt:fesetenv.obj
 0002:0000a2e8       $xdatasym                  00000001400232e8     libucrt:log10.obj
 0002:0000a2f4       $unwind$__acrt_fenv_get_control 00000001400232f4     libucrt:_fenvutils.obj
 0002:0000a2fc       $unwind$__acrt_fenv_set_control 00000001400232fc     libucrt:_fenvutils.obj
 0002:0000a30c       $unwind$?__mbrtoc32_utf8@__crt_mbstring@@YA_KPEA_UPEBD_KPEAU_Mbstatet@@AEAV__crt_cached_ptd_host@@@Z 000000014002330c     libucrt:mbrtoc32.obj
 0002:0000a328       $unwind$__dcrt_write_console 0000000140023328     libucrt:initcon.obj
 0002:0000a33c       $unwind$common_control87   000000014002333c     libucrt:ieee.obj
 0002:0000a368       $unwind$_call_matherr      0000000140023368     libucrt:libm_error.obj
 0002:0000a370       $unwind$_handle_error      0000000140023370     libucrt:libm_error.obj
 0002:0000a390       $unwind$__acrt_initialize_fma3 0000000140023390     libucrt:fma3_available.obj
 0002:0000a398       $unwind$_log_special_common 0000000140023398     libucrt:log_special.obj
 0002:0000a3a8       $xdatasym                  00000001400233a8     libucrt:fpsr.obj
 0002:0000a3b0       $unwind$_raise_exc         00000001400233b0     libucrt:fpexcept.obj
 0002:0000a3b8       $unwind$_raise_exc_ex      00000001400233b8     libucrt:fpexcept.obj
 0002:0000a3cc       $unwind$_ctrlfp            00000001400233cc     libucrt:fpctrl.obj
 0002:0000a3f4       $unwind$__GSHandlerCheckCommon 00000001400233f4     LIBCMT:gshandler.obj
 0002:0000a3fc       $unwind$_IsNonwritableInCurrentImage 00000001400233fc     LIBCMT:pesect.obj
 0002:0000a420       $xdatasym                  0000000140023420     LIBCMT:chkstk.obj
 0002:0000a784       .idata$6                   0000000140023784     Shlwapi:SHLWAPI.dll
 0002:0000a7f6       .idata$6                   00000001400237f6     kernel32:KERNEL32.dll
 0003:00000070       ?__vcrt_flsindex@@3KA      0000000140024070     libvcruntime:per_thread_data.obj
 0003:00000190       ?errno_no_memory@@3HA      0000000140024190     libucrt:errno.obj
 0003:00000194       ?doserrno_no_memory@@3KA   0000000140024194     libucrt:errno.obj
 0003:000001e8       ?__acrt_flsindex@@3KA      00000001400241e8     libucrt:per_thread_data.obj
 0003:00000590       _mbctypes                  0000000140024590     libucrt:mbctype.obj
 0003:000006a0       _mbcasemaps                00000001400246a0     libucrt:mbctype.obj
 0003:000007a0       ?__rgctypeflag@@3PADA      00000001400247a0     libucrt:mbctype.obj
 0003:000007b0       ?__rgcode_page_info@@3PAUcode_page_info@@A 00000001400247b0     libucrt:mbctype.obj
 0003:00000a50       ?__dcrt_lowio_console_output_handle@@3PEAXEA 0000000140024a50     libucrt:initcon.obj
 0003:00000a58       ?dazSupported@?1??common_control87@@9@9 0000000140024a58     libucrt:ieee.obj
 0003:00000a60       ?dazSupported@?1??_ctrlfp@@9@9 0000000140024a60     libucrt:fpctrl.obj
 0003:00000ae0       GS_ExceptionRecord         0000000140024ae0     LIBCMT:gs_report.obj
 0003:00000b80       GS_ContextRecord           0000000140024b80     LIBCMT:gs_report.obj
 0003:00001060       ?is_initialized_as_dll@@3_NA 0000000140025060     LIBCMT:utility.obj
 0003:00001061       ?module_local_atexit_table_initialized@@3_NA 0000000140025061     LIBCMT:utility.obj
 0003:00001068       ?module_local_atexit_table@@3U_onexit_table_t@@A 0000000140025068     LIBCMT:utility.obj
 0003:00001080       ?module_local_at_quick_exit_table@@3U_onexit_table_t@@A 0000000140025080     LIBCMT:utility.obj
 0003:000010d0       ?__vcrt_startup_thread_ptd@@3U__vcrt_ptd@@A 00000001400250d0     libvcruntime:per_thread_data.obj
 0003:00001150       __vcrt_lock_table          0000000140025150     libvcruntime:locks.obj
 0003:00001178       __vcrt_locks_initialized   0000000140025178     libvcruntime:locks.obj
 0003:000011c0       ?heap@@3V_HeapManager@@A   00000001400251c0     libvcruntime:undname.obj
 0003:000011e8       ?module_handles@@3PAPEAUHINSTANCE__@@A 00000001400251e8     libvcruntime:winapi_downlevel.obj
 0003:00001200       ?function_pointers@@3PAPEAXA 0000000140025200     libvcruntime:winapi_downlevel.obj
 0003:00001244       ?__acrt_app_type@@3W4_crt_app_type@@A 0000000140025244     libucrt:report_runtime_error.obj
 0003:00001248       ?user_matherr@@3V?$dual_state_global@P6AHPEAU_exception@@@Z@__crt_state_management@@A 0000000140025248     libucrt:matherr.obj
 0003:00001250       ?program_name@?1???$common_configure_argv@_W@@YAHW4_crt_argv_mode@@@Z@4PA_WA 0000000140025250     libucrt:argv_parsing.obj
 0003:00001480       ?c_termination_complete@@3JA 0000000140025480     libucrt:exit.obj
 0003:00001488       ?thread_local_exit_callback_func@@3P6AXPEAXK0@ZEA 0000000140025488     libucrt:exit.obj
 0003:00001490       ?c_exit_complete@?1???R<lambda_6e4b09c48022b2350581041d5f6b0c4c>@@QEBA@XZ@4_NA 0000000140025490     libucrt:exit.obj
 0003:000014cc       ?__acrt_global_new_mode@@3V?$dual_state_global@J@__crt_state_management@@A 00000001400254cc     libucrt:new_mode.obj
 0003:00001508       ?__acrt_invalid_parameter_handler@@3V?$dual_state_global@P6AXPEB_W00I_K@Z@__crt_state_management@@A 0000000140025508     libucrt:invalid_parameter.obj
 0003:00001510       ?module_handles@@3PAPEAUHINSTANCE__@@A 0000000140025510     libucrt:winapi_thunks.obj
 0003:000015c0       ?encoded_function_pointers@@3PAPEAXA 00000001400255c0     libucrt:winapi_thunks.obj
 0003:00001ac8       ?internal_state@?1??_mbtowc_internal@@9@4U_Mbstatet@@A 0000000140025ac8     libucrt:mbtowc.obj
 0003:00001ad0       ?enable_percent_n@@3_KA    0000000140025ad0     libucrt:printf_count_output.obj
 0003:00001b08       ?fSystemSet@@3HA           0000000140025b08     libucrt:mbctype.obj
 0003:00001b0c       ?initialized@?1??__acrt_initialize_multibyte@@9@4_NA 0000000140025b0c     libucrt:mbctype.obj
 0003:00001b10       ?__acrt_lock_table@@3PAU_RTL_CRITICAL_SECTION@@A 0000000140025b10     libucrt:locks.obj
 0003:00001d40       ?__acrt_locks_initialized@@3IA 0000000140025d40     libucrt:locks.obj
 0003:00001d58       ?__acrt_new_handler@@3V?$dual_state_global@P6AH_K@Z@__crt_state_management@@A 0000000140025d58     libucrt:new_handler.obj
 0003:00001d60       ?ctrlc_action@@3V?$dual_state_global@P6AXH@Z@__crt_state_management@@A 0000000140025d60     libucrt:signal.obj
 0003:00001d68       ?ctrlbreak_action@@3V?$dual_state_global@P6AXH@Z@__crt_state_management@@A 0000000140025d68     libucrt:signal.obj
 0003:00001d70       ?abort_action@@3V?$dual_state_global@P6AXH@Z@__crt_state_management@@A 0000000140025d70     libucrt:signal.obj
 0003:00001d78       ?term_action@@3V?$dual_state_global@P6AXH@Z@__crt_state_management@@A 0000000140025d78     libucrt:signal.obj
 0003:00001d80       ?internal_pst@?1??__mbrtoc32_utf8@__crt_mbstring@@YA_KPEA_UPEBD_KPEAU_Mbstatet@@AEAV__crt_cached_ptd_host@@@Z@4U3@A 0000000140025d80     libucrt:mbrtoc32.obj
 0005:00000000       MoveSmall                  0000000140028000     libvcruntime:memcpy_avx_ermsb_aligned.obj
 0005:00000040       MoveSmallYmm               0000000140028040     libvcruntime:memcpy_avx_ermsb_aligned.obj
 0005:00000064       MoveSmallYmmNT             0000000140028064     libvcruntime:memcpy_avx_ermsb_aligned.obj
 0005:00000090       MoveSmall                  0000000140028090     libvcruntime:memcpy_avx_ermsb_aligned_amd.obj
 0005:000000d0       MoveSmallYmm               00000001400280d0     libvcruntime:memcpy_avx_ermsb_aligned_amd.obj
 0005:000000f4       MoveSmallYmmNT             00000001400280f4     libvcruntime:memcpy_avx_ermsb_aligned_amd.obj
 0005:00000120       MoveSmall                  0000000140028120     libvcruntime:memcpy_sse2_ermsb_aligned.obj
 0005:00000160       MoveSmallXmm               0000000140028160     libvcruntime:memcpy_sse2_ermsb_aligned.obj
 0005:00000190       MoveSmall                  0000000140028190     libvcruntime:memcpy_sse2_ermsb_aligned_amd.obj
 0005:000001d0       MoveSmallXmm               00000001400281d0     libvcruntime:memcpy_sse2_ermsb_aligned_amd.obj
 0006:00000060       $R000000                   0000000140029060     * linker generated manifest res *
