 VMProtectSDK64

 Timestamp is 657de796 (Sun Dec 17 02:08:22 2023)

 Preferred load address is 0000000180000000

 Start         Length     Name                   Class
 0001:00000000 00000020H .text$di                CODE
 0001:00000020 00010850H .text$mn                CODE
 0001:00010870 00000020H .text$mn$00             CODE
 0001:00010890 00000260H .text$x                 CODE
 0002:00000000 00000238H .idata$5                DATA
 0002:00000238 00000010H .00cfg                  DATA
 0002:00000248 00000008H .CRT$XCA                DATA
 0002:00000250 00000008H .CRT$XCU                DATA
 0002:00000258 00000008H .CRT$XCZ                DATA
 0002:00000260 00000008H .CRT$XIA                DATA
 0002:00000268 00000018H .CRT$XIC                DATA
 0002:00000280 00000008H .CRT$XIZ                DATA
 0002:00000288 00000008H .CRT$XPA                DATA
 0002:00000290 00000010H .CRT$XPX                DATA
 0002:000002a0 00000008H .CRT$XPXA               DATA
 0002:000002a8 00000008H .CRT$XPZ                DATA
 0002:000002b0 00000008H .CRT$XTA                DATA
 0002:000002b8 00000008H .CRT$XTZ                DATA
 0002:000002c0 00007c58H .rdata                  DATA
 0002:00007f18 00000000H .rdata$r                DATA
 0002:00007f18 000002d0H .rdata$zzzdbg           DATA
 0002:000081e8 00000008H .rtc$IAA                DATA
 0002:000081f0 00000008H .rtc$IZZ                DATA
 0002:000081f8 00000008H .rtc$TAA                DATA
 0002:00008200 00000008H .rtc$TZZ                DATA
 0002:00008208 00000d48H .xdata                  DATA
 0002:00008f50 00000358H .edata                  DATA
 0002:000092a8 00000014H .idata$2                DATA
 0002:000092bc 00000014H .idata$3                DATA
 0002:000092d0 00000238H .idata$4                DATA
 0002:00009508 00000534H .idata$6                DATA
 0003:00000000 000008e0H .data                   DATA
 0003:000008e0 00000000H .data$r                 DATA
 0003:000008e0 000011c0H .bss                    DATA
 0004:00000000 00000f90H .pdata                  DATA
 0005:00000000 00000080H .gfids$x                DATA
 0005:00000080 00000014H .gfids$y                DATA
 0006:00000000 00000060H .rsrc$01                DATA
 0006:00000060 00000180H .rsrc$02                DATA

  Address         Publics by Value              Rva+Base               Lib:Object

 0000:00000000       __guard_iat_count          0000000000000000     <absolute>
 0000:00000000       __dynamic_value_reloc_table 0000000000000000     <absolute>
 0000:00000000       __guard_iat_table          0000000000000000     <absolute>
 0000:00000000       __guard_longjmp_table      0000000000000000     <absolute>
 0000:00000000       __guard_longjmp_count      0000000000000000     <absolute>
 0000:00000000       __guard_fids_count         0000000000000000     <absolute>
 0000:00000000       __guard_fids_table         0000000000000000     <absolute>
 0000:00000100       __guard_flags              0000000000000100     <absolute>
 0000:00000000       __ImageBase                0000000180000000     <linker-defined>
 0001:00000130       _get_startup_argv_mode     0000000180001130 f   LIBCMT:argv_mode.obj
 0001:00000130       DllMain                    0000000180001130 f   sdk.obj
 0001:00000140       VMProtectActivateLicense   0000000180001140 f   sdk.obj
 0001:000002f0       VMProtectBeginVirtualizationLockByKey 00000001800012f0 f   sdk.obj
 0001:000002f0       VMProtectBegin             00000001800012f0 f   sdk.obj
 0001:000002f0       VMProtectEnd               00000001800012f0 f   sdk.obj
 0001:000002f0       VMProtectBeginMutation     00000001800012f0 f   sdk.obj
 0001:000002f0       VMProtectBeginUltra        00000001800012f0 f   sdk.obj
 0001:000002f0       VMProtectBeginVirtualization 00000001800012f0 f   sdk.obj
 0001:000002f0       __except_validate_context_record 00000001800012f0 f   libvcruntime:jbcxrval.obj
 0001:000002f0       VMProtectBeginUltraLockByKey 00000001800012f0 f   sdk.obj
 0001:000002f0       _guard_check_icall_nop     00000001800012f0 f   LIBCMT:guard_support.obj
 0001:00000300       VMProtectDeactivateLicense 0000000180001300 f   sdk.obj
 0001:00000300       VMProtectGetOfflineActivationString 0000000180001300 f   sdk.obj
 0001:00000300       VMProtectGetOfflineDeactivationString 0000000180001300 f   sdk.obj
 0001:00000310       VMProtectDecryptStringA    0000000180001310 f   sdk.obj
 0001:00000310       VMProtectDecryptStringW    0000000180001310 f   sdk.obj
 0001:00000320       VMProtectGetCurrentHWID    0000000180001320 f   sdk.obj
 0001:00000440       VMProtectGetSerialNumberData 0000000180001440 f   sdk.obj
 0001:000007e0       VMProtectGetSerialNumberState 00000001800017e0 f   sdk.obj
 0001:00000b70       VMProtectIsDebuggerPresent 0000000180001b70 f   sdk.obj
 0001:00000b90       VMProtectIsVirtualMachinePresent 0000000180001b90 f   sdk.obj
 0001:00000b90       VMProtectIsProtected       0000000180001b90 f   sdk.obj
 0001:00000ba0       VMProtectIsValidImageCRC   0000000180001ba0 f   sdk.obj
 0001:00000ba0       VMProtectFreeString        0000000180001ba0 f   sdk.obj
 0001:00000ba0       __acrt_uninitialize_command_line 0000000180001ba0 f   libucrt:argv_data.obj
 0001:00000bb0       VMProtectSetSerialNumber   0000000180001bb0 f   sdk.obj
 0001:00000dd0       __local_stdio_scanf_options 0000000180001dd0 f i sdk.obj
 0001:00000de0       sscanf_s                   0000000180001de0 f i sdk.obj
 0001:00000e34       __GSHandlerCheck           0000000180001e34 f   LIBCMT:_gshandler_.obj
 0001:00000e54       __GSHandlerCheckCommon     0000000180001e54 f   LIBCMT:_gshandler_.obj
 0001:00000ec0       __chkstk                   0000000180001ec0 f   LIBCMT:_chkstk_.obj
 0001:00000ec0       _alloca_probe              0000000180001ec0 f   LIBCMT:_chkstk_.obj
 0001:00000f30       __security_check_cookie    0000000180001f30 f   LIBCMT:_amdsecgs_.obj
 0001:000012a0       _DllMainCRTStartup         00000001800022a0 f   LIBCMT:dll_dllmain.obj
 0001:000012e0       __raise_securityfailure    00000001800022e0 f   LIBCMT:gs_report.obj
 0001:00001314       __report_gsfailure         0000000180002314 f   LIBCMT:gs_report.obj
 0001:000013e8       __report_rangecheckfailure 00000001800023e8 f   LIBCMT:gs_report.obj
 0001:000013fc       __report_securityfailure   00000001800023fc f   LIBCMT:gs_report.obj
 0001:0000157c       __scrt_acquire_startup_lock 000000018000257c f   LIBCMT:utility.obj
 0001:000015b8       __scrt_dllmain_after_initialize_c 00000001800025b8 f   LIBCMT:utility.obj
 0001:000015ec       __scrt_dllmain_before_initialize_c 00000001800025ec f   LIBCMT:utility.obj
 0001:00001604       __scrt_dllmain_crt_thread_attach 0000000180002604 f   LIBCMT:utility.obj
 0001:0000162c       __scrt_dllmain_crt_thread_detach 000000018000262c f   LIBCMT:utility.obj
 0001:00001644       __scrt_dllmain_exception_filter 0000000180002644 f   LIBCMT:utility.obj
 0001:000016a8       __scrt_dllmain_uninitialize_c 00000001800026a8 f   LIBCMT:utility.obj
 0001:000016d8       __scrt_dllmain_uninitialize_critical 00000001800026d8 f   LIBCMT:utility.obj
 0001:000016ec       __scrt_initialize_crt      00000001800026ec f   LIBCMT:utility.obj
 0001:00001738       __scrt_initialize_onexit_tables 0000000180002738 f   LIBCMT:utility.obj
 0001:00001804       __scrt_is_nonwritable_in_current_image 0000000180002804 f   LIBCMT:utility.obj
 0001:000018a0       __scrt_release_startup_lock 00000001800028a0 f   LIBCMT:utility.obj
 0001:000018c4       __scrt_uninitialize_crt    00000001800028c4 f   LIBCMT:utility.obj
 0001:000018f0       _onexit                    00000001800028f0 f   LIBCMT:utility.obj
 0001:00001940       atexit                     0000000180002940 f   LIBCMT:utility.obj
 0001:00001958       __security_init_cookie     0000000180002958 f   LIBCMT:gs_support.obj
 0001:00001a04       ?__scrt_initialize_type_info@@YAXXZ 0000000180002a04 f   LIBCMT:tncleanup.obj
 0001:00001a14       ?__scrt_uninitialize_type_info@@YAXXZ 0000000180002a14 f   LIBCMT:tncleanup.obj
 0001:00001a20       __local_stdio_printf_options 0000000180002a20 f i LIBCMT:default_local_stdio_options.obj
 0001:00001a28       __scrt_initialize_default_local_stdio_options 0000000180002a28 f   LIBCMT:default_local_stdio_options.obj
 0001:00001a44       __scrt_get_dyn_tls_init_callback 0000000180002a44 f   LIBCMT:dyn_tls_init.obj
 0001:00001a4c       __crt_debugger_hook        0000000180002a4c f   LIBCMT:utility_desktop.obj
 0001:00001a54       __scrt_fastfail            0000000180002a54 f   LIBCMT:utility_desktop.obj
 0001:00001b9c       _RTC_Initialize            0000000180002b9c f   LIBCMT:_initsect_.obj
 0001:00001be8       _RTC_Terminate             0000000180002be8 f   LIBCMT:_initsect_.obj
 0001:00001c34       _guard_check_icall         0000000180002c34 f i LIBCMT:checkcfg.obj
 0001:00001c3c       __isa_available_init       0000000180002c3c f   LIBCMT:_cpu_disp_.obj
 0001:00001e04       __scrt_is_ucrt_dll_in_use  0000000180002e04 f   LIBCMT:ucrt_detection.obj
 0001:00001e10       wcsrchr                    0000000180002e10 f   libvcruntime:wcsrchr.obj
 0001:00001ed0       memcpy                     0000000180002ed0 f   libvcruntime:memcpy.obj
 0001:00001ed0       memmove                    0000000180002ed0 f   libvcruntime:memcpy.obj
 0001:00002320       memset                     0000000180003320 f   libvcruntime:memset.obj
 0001:000024c0       __C_specific_handler       00000001800034c0 f   libvcruntime:_chandler_.obj
 0001:000026bc       __vcrt_initialize          00000001800036bc f   libvcruntime:initialization.obj
 0001:000026f0       __vcrt_thread_attach       00000001800036f0 f   libvcruntime:initialization.obj
 0001:00002704       __vcrt_thread_detach       0000000180003704 f   libvcruntime:initialization.obj
 0001:00002718       __vcrt_uninitialize        0000000180003718 f   libvcruntime:initialization.obj
 0001:00002738       __vcrt_uninitialize_critical 0000000180003738 f   libvcruntime:initialization.obj
 0001:00002748       __std_type_info_destroy_list 0000000180003748 f   libvcruntime:std_type_info.obj
 0001:00002790       _local_unwind              0000000180003790 f   libvcruntime:_jmpuwind_.obj
 0001:000027c0       _NLG_Notify                00000001800037c0 f   libvcruntime:_jmpuwind_.obj
 0001:000027e0       __NLG_Dispatch2            00000001800037e0 f   libvcruntime:_jmpuwind_.obj
 0001:000027f0       __NLG_Return2              00000001800037f0 f   libvcruntime:_jmpuwind_.obj
 0001:000027f4       __vcrt_freefls             00000001800037f4 f   libvcruntime:per_thread_data.obj
 0001:00002814       __vcrt_freeptd             0000000180003814 f   libvcruntime:per_thread_data.obj
 0001:00002864       __vcrt_getptd_noexit       0000000180003864 f   libvcruntime:per_thread_data.obj
 0001:0000291c       __vcrt_initialize_ptd      000000018000391c f   libvcruntime:per_thread_data.obj
 0001:0000295c       __vcrt_uninitialize_ptd    000000018000395c f   libvcruntime:per_thread_data.obj
 0001:00002980       __vcrt_initialize_locks    0000000180003980 f   libvcruntime:locks.obj
 0001:000029c8       __vcrt_uninitialize_locks  00000001800039c8 f   libvcruntime:locks.obj
 0001:00002bc8       __vcrt_FlsAlloc            0000000180003bc8 f   libvcruntime:winapi_downlevel.obj
 0001:00002c1c       __vcrt_FlsFree             0000000180003c1c f   libvcruntime:winapi_downlevel.obj
 0001:00002c70       __vcrt_FlsGetValue         0000000180003c70 f   libvcruntime:winapi_downlevel.obj
 0001:00002cc4       __vcrt_FlsSetValue         0000000180003cc4 f   libvcruntime:winapi_downlevel.obj
 0001:00002d2c       __vcrt_InitializeCriticalSectionEx 0000000180003d2c f   libvcruntime:winapi_downlevel.obj
 0001:00002da4       __vcrt_initialize_winapi_thunks 0000000180003da4 f   libvcruntime:winapi_downlevel.obj
 0001:00002df0       __vcrt_uninitialize_winapi_thunks 0000000180003df0 f   libvcruntime:winapi_downlevel.obj
 0001:00002e30       __vcrt_initialize_pure_virtual_call_handler 0000000180003e30 f   libvcruntime:purevirt_data.obj
 0001:00002e54       ??$is_overflow_condition@K@__crt_strtox@@YA_NIK@Z 0000000180003e54 f i libucrt:atox.obj
 0001:00002e80       ??$is_overflow_condition@_K@__crt_strtox@@YA_NI_K@Z 0000000180003e80 f i libucrt:atox.obj
 0001:00002eb8       ??$parse_integer@KV?$c_string_character_source@D@__crt_strtox@@@__crt_strtox@@YAKQEAU__crt_locale_pointers@@V?$c_string_character_source@D@0@H_N@Z 0000000180003eb8 f i libucrt:atox.obj
 0001:000031cc       ??$parse_integer@_KV?$c_string_character_source@D@__crt_strtox@@@__crt_strtox@@YA_KQEAU__crt_locale_pointers@@V?$c_string_character_source@D@0@H_N@Z 00000001800041cc f i libucrt:atox.obj
 0001:00003500       ??0_LocaleUpdate@@QEAA@QEAU__crt_locale_pointers@@@Z 0000000180004500 f i libucrt:atox.obj
 0001:00003590       atoi                       0000000180004590 f   libucrt:atox.obj
 0001:000035bc       ??$make_input_adapter_character_source@V?$string_input_adapter@D@__crt_stdio_input@@@__crt_strtox@@YA?AV?$input_adapter_character_source@V?$string_input_adapter@D@__crt_stdio_input@@@0@QEAV?$string_input_adapter@D@__crt_stdio_input@@_KQEA_N@Z 00000001800045bc f i libucrt:input.obj
 0001:000035dc       ??$parse_floating_point@V?$input_adapter_character_source@V?$string_input_adapter@D@__crt_stdio_input@@@__crt_strtox@@M@__crt_strtox@@YA?AW4SLD_STATUS@@QEAU__crt_locale_pointers@@V?$input_adapter_character_source@V?$string_input_adapter@D@__crt_stdio_input@@@0@QEAM@Z 00000001800045dc f i libucrt:input.obj
 0001:00003684       ??$parse_floating_point@V?$input_adapter_character_source@V?$string_input_adapter@D@__crt_stdio_input@@@__crt_strtox@@N@__crt_strtox@@YA?AW4SLD_STATUS@@QEAU__crt_locale_pointers@@V?$input_adapter_character_source@V?$string_input_adapter@D@__crt_stdio_input@@@0@QEAN@Z 0000000180004684 f i libucrt:input.obj
 0001:0000372c       ??$parse_floating_point_from_source@V?$input_adapter_character_source@V?$string_input_adapter@D@__crt_stdio_input@@@__crt_strtox@@@__crt_strtox@@YA?AW4floating_point_parse_result@0@QEAU__crt_locale_pointers@@AEAV?$input_adapter_character_source@V?$string_input_adapter@D@__crt_stdio_input@@@0@AEAUfloating_point_string@0@@Z 000000018000472c f i libucrt:input.obj
 0001:00003f0c       ??$parse_floating_point_possible_infinity@DV?$input_adapter_character_source@V?$string_input_adapter@D@__crt_stdio_input@@@__crt_strtox@@_K@__crt_strtox@@YA?AW4floating_point_parse_result@0@AEADAEAV?$input_adapter_character_source@V?$string_input_adapter@D@__crt_stdio_input@@@0@_K@Z 0000000180004f0c f i libucrt:input.obj
 0001:000040bc       ??$parse_floating_point_possible_nan@DV?$input_adapter_character_source@V?$string_input_adapter@D@__crt_stdio_input@@@__crt_strtox@@_K@__crt_strtox@@YA?AW4floating_point_parse_result@0@AEADAEAV?$input_adapter_character_source@V?$string_input_adapter@D@__crt_stdio_input@@@0@_K@Z 00000001800050bc f i libucrt:input.obj
 0001:0000432c       ??$parse_floating_point_possible_nan_is_ind@DV?$input_adapter_character_source@V?$string_input_adapter@D@__crt_stdio_input@@@__crt_strtox@@@__crt_strtox@@YA_NAEADAEAV?$input_adapter_character_source@V?$string_input_adapter@D@__crt_stdio_input@@@0@@Z 000000018000532c f i libucrt:input.obj
 0001:000043a4       ??$parse_floating_point_possible_nan_is_snan@DV?$input_adapter_character_source@V?$string_input_adapter@D@__crt_stdio_input@@@__crt_strtox@@@__crt_strtox@@YA_NAEADAEAV?$input_adapter_character_source@V?$string_input_adapter@D@__crt_stdio_input@@@0@@Z 00000001800053a4 f i libucrt:input.obj
 0001:0000441c       ??$parse_floating_point_write_result@M@__crt_strtox@@YA?AW4SLD_STATUS@@W4floating_point_parse_result@0@AEBUfloating_point_string@0@QEAM@Z 000000018000541c f i libucrt:input.obj
 0001:00004534       ??$parse_floating_point_write_result@N@__crt_strtox@@YA?AW4SLD_STATUS@@W4floating_point_parse_result@0@AEBUfloating_point_string@0@QEAN@Z 0000000180005534 f i libucrt:input.obj
 0001:0000465c       ??$parse_integer@_KV?$input_adapter_character_source@V?$string_input_adapter@D@__crt_stdio_input@@@__crt_strtox@@@__crt_strtox@@YA_KQEAU__crt_locale_pointers@@V?$input_adapter_character_source@V?$string_input_adapter@D@__crt_stdio_input@@@0@H_N@Z 000000018000565c f i libucrt:input.obj
 0001:00004af0       ??$process_floating_point_specifier_t@M@?$input_processor@DV?$string_input_adapter@D@__crt_stdio_input@@@__crt_stdio_input@@AEAA_NXZ 0000000180005af0 f i libucrt:input.obj
 0001:00004b98       ??$process_floating_point_specifier_t@N@?$input_processor@DV?$string_input_adapter@D@__crt_stdio_input@@@__crt_stdio_input@@AEAA_NXZ 0000000180005b98 f i libucrt:input.obj
 0001:00004c40       ??$process_string_specifier_tchar@D@?$input_processor@DV?$string_input_adapter@D@__crt_stdio_input@@@__crt_stdio_input@@AEAA_NW4conversion_mode@1@D@Z 0000000180005c40 f i libucrt:input.obj
 0001:00004e08       ??$process_string_specifier_tchar@_W@?$input_processor@DV?$string_input_adapter@D@__crt_stdio_input@@@__crt_stdio_input@@AEAA_NW4conversion_mode@1@_W@Z 0000000180005e08 f i libucrt:input.obj
 0001:00005008       ??$skip_whitespace@Vstring_input_adapter@__crt_stdio_input@@D@__crt_stdio_input@@YAHAEAV?$string_input_adapter@D@0@QEAU__crt_locale_pointers@@@Z 0000000180006008 f i libucrt:input.obj
 0001:000050f8       ?advance@?$format_string_parser@D@__crt_stdio_input@@QEAA_NXZ 00000001800060f8 f i libucrt:input.obj
 0001:000052c8       ?as_double@floating_point_value@__crt_strtox@@QEBAAEANXZ 00000001800062c8 f i libucrt:input.obj
 0001:00005304       ?as_float@floating_point_value@__crt_strtox@@QEBAAEAMXZ 0000000180006304 f i libucrt:input.obj
 0001:00005340       ?assemble_floating_point_value@__crt_strtox@@YA?AW4SLD_STATUS@@_KH_N1AEBVfloating_point_value@1@@Z 0000000180006340 f i libucrt:input.obj
 0001:000056f4       ?assemble_floating_point_value_from_big_integer@__crt_strtox@@YA?AW4SLD_STATUS@@AEBUbig_integer@1@I_N1AEBVfloating_point_value@1@@Z 00000001800066f4 f i libucrt:input.obj
 0001:00005880       ?convert_decimal_string_to_floating_type_common@__crt_strtox@@YA?AW4SLD_STATUS@@AEBUfloating_point_string@1@AEBVfloating_point_value@1@@Z 0000000180006880 f i libucrt:input.obj
 0001:00007644       ?convert_hexadecimal_string_to_floating_type_common@__crt_strtox@@YA?AW4SLD_STATUS@@AEBUfloating_point_string@1@AEBVfloating_point_value@1@@Z 0000000180008644 f i libucrt:input.obj
 0001:00007700       ?divide@__crt_strtox@@YA_KAEAUbig_integer@1@AEBU21@@Z 0000000180008700 f i libucrt:input.obj
 0001:00007bd0       ?length@?$format_string_parser@D@__crt_stdio_input@@QEBA_KXZ 0000000180008bd0 f i libucrt:input.obj
 0001:00007c6c       ?process@?$input_processor@DV?$string_input_adapter@D@__crt_stdio_input@@@__crt_stdio_input@@QEAAHXZ 0000000180008c6c f i libucrt:input.obj
 0001:00007d5c       ?process_conversion_specifier@?$input_processor@DV?$string_input_adapter@D@__crt_stdio_input@@@__crt_stdio_input@@AEAA_NXZ 0000000180008d5c f i libucrt:input.obj
 0001:00007e80       ?process_floating_point_specifier@?$input_processor@DV?$string_input_adapter@D@__crt_stdio_input@@@__crt_stdio_input@@AEAA_NXZ 0000000180008e80 f i libucrt:input.obj
 0001:00007ef0       ?process_integer_specifier@?$input_processor@DV?$string_input_adapter@D@__crt_stdio_input@@@__crt_stdio_input@@AEAA_NI_N@Z 0000000180008ef0 f i libucrt:input.obj
 0001:00007fa0       ?process_literal_character_tchar@?$input_processor@DV?$string_input_adapter@D@__crt_stdio_input@@@__crt_stdio_input@@AEAA_ND@Z 0000000180008fa0 f i libucrt:input.obj
 0001:0000802c       ?process_state@?$input_processor@DV?$string_input_adapter@D@__crt_stdio_input@@@__crt_stdio_input@@AEAA_NXZ 000000018000902c f i libucrt:input.obj
 0001:000080e0       ?process_string_specifier@?$input_processor@DV?$string_input_adapter@D@__crt_stdio_input@@@__crt_stdio_input@@AEAA_NW4conversion_mode@2@@Z 00000001800090e0 f i libucrt:input.obj
 0001:0000816c       ?scan_conversion_specifier@?$format_string_parser@D@__crt_stdio_input@@AEAA_NXZ 000000018000916c f i libucrt:input.obj
 0001:00008328       ?scan_optional_field_width@?$format_string_parser@D@__crt_stdio_input@@AEAA_NXZ 0000000180009328 f i libucrt:input.obj
 0001:000083d0       ?scan_optional_length_modifier@?$format_string_parser@D@__crt_stdio_input@@AEAAXXZ 00000001800093d0 f i libucrt:input.obj
 0001:000084fc       ?scan_scanset_range@?$format_string_parser@D@__crt_stdio_input@@AEAA_NXZ 00000001800094fc f i libucrt:input.obj
 0001:00008690       ?write_character@?$input_processor@DV?$string_input_adapter@D@__crt_stdio_input@@@__crt_stdio_input@@AEAA_NQEFA_W_KAEAPEFA_WAEA_KD@Z 0000000180009690 f i libucrt:input.obj
 0001:0000872c       ?write_integer@?$input_processor@DV?$string_input_adapter@D@__crt_stdio_input@@@__crt_stdio_input@@AEAA_N_K_N@Z 000000018000972c f i libucrt:input.obj
 0001:000087b0       __stdio_common_vsscanf     00000001800097b0 f   libucrt:input.obj
 0001:00008980       wcsncat_s                  0000000180009980 f   libucrt:wcsncat_s.obj
 0001:00008a80       strcpy_s                   0000000180009a80 f   libucrt:strcpy_s.obj
 0001:00008ae0       strncpy_s                  0000000180009ae0 f   libucrt:strncpy_s.obj
 0001:00008bb4       _initterm                  0000000180009bb4 f   libucrt:initterm.obj
 0001:00008c2c       _initterm_e                0000000180009c2c f   libucrt:initterm.obj
 0001:00008c78       _seh_filter_dll            0000000180009c78 f   libucrt:exception_filter.obj
 0001:00008c8c       _seh_filter_exe            0000000180009c8c f   libucrt:exception_filter.obj
 0001:0000904c       __acrt_initialize_thread_local_exit_callback 000000018000a04c f   libucrt:exit.obj
 0001:00009054       _cexit                     000000018000a054 f   libucrt:exit.obj
 0001:00009064       _exit                      000000018000a064 f   libucrt:exit.obj
 0001:00009070       _is_c_termination_complete 000000018000a070 f   libucrt:exit.obj
 0001:00009234       __acrt_allocate_buffer_for_argv 000000018000a234 f   libucrt:argv_parsing.obj
 0001:00009298       _configure_narrow_argv     000000018000a298 f   libucrt:argv_parsing.obj
 0001:000095f4       __dcrt_uninitialize_environments_nolock 000000018000a5f4 f   libucrt:environment_initialization.obj
 0001:0000962c       _initialize_narrow_environment 000000018000a62c f   libucrt:environment_initialization.obj
 0001:00009634       ??$?RV<lambda_b8c45f8f788dd370798f47cfe8ac3a86>@@AEAV<lambda_4e60a939b0d047cfe11ddc22648dfba9>@@V<lambda_332c3edc96d0294ec56c57d38c1cdfd5>@@@?$__crt_seh_guarded_call@H@@QEAAH$$QEAV<lambda_b8c45f8f788dd370798f47cfe8ac3a86>@@AEAV<lambda_4e60a939b0d047cfe11ddc22648dfba9>@@$$QEAV<lambda_332c3edc96d0294ec56c57d38c1cdfd5>@@@Z 000000018000a634 f i libucrt:onexit.obj
 0001:00009670       ??$?RV<lambda_e24bbb7b643b32fcea6fa61b31d4c984>@@AEAV<lambda_275893d493268fdec8709772e3fcec0e>@@V<lambda_9d71df4d7cf3f480f8d633942495c3b0>@@@?$__crt_seh_guarded_call@H@@QEAAH$$QEAV<lambda_e24bbb7b643b32fcea6fa61b31d4c984>@@AEAV<lambda_275893d493268fdec8709772e3fcec0e>@@$$QEAV<lambda_9d71df4d7cf3f480f8d633942495c3b0>@@@Z 000000018000a670 f i libucrt:onexit.obj
 0001:000099ec       _crt_atexit                000000018000a9ec f   libucrt:onexit.obj
 0001:000099fc       _execute_onexit_table      000000018000a9fc f   libucrt:onexit.obj
 0001:00009a38       _initialize_onexit_table   000000018000aa38 f   libucrt:onexit.obj
 0001:00009a78       _register_onexit_function  000000018000aa78 f   libucrt:onexit.obj
 0001:00009bf4       __acrt_initialize          000000018000abf4 f   libucrt:initialization.obj
 0001:00009c08       __acrt_thread_attach       000000018000ac08 f   libucrt:initialization.obj
 0001:00009c1c       __acrt_thread_detach       000000018000ac1c f   libucrt:initialization.obj
 0001:00009c2c       __acrt_uninitialize        000000018000ac2c f   libucrt:initialization.obj
 0001:00009c40       __acrt_uninitialize_critical 000000018000ac40 f   libucrt:initialization.obj
 0001:00009c50       terminate                  000000018000ac50 f   libucrt:terminate.obj
 0001:00009c78       _free_base                 000000018000ac78 f   libucrt:free_base.obj
 0001:00009cb8       _malloc_base               000000018000acb8 f   libucrt:malloc_base.obj
 0001:00009d18       abort                      000000018000ad18 f   libucrt:abort.obj
 0001:00009d70       _calloc_base               000000018000ad70 f   libucrt:calloc_base.obj
 0001:00009de8       __acrt_call_reportfault    000000018000ade8 f   libucrt:invalid_parameter.obj
 0001:00009f44       __acrt_initialize_invalid_parameter_handler 000000018000af44 f   libucrt:invalid_parameter.obj
 0001:00009f4c       _invalid_parameter         000000018000af4c f   libucrt:invalid_parameter.obj
 0001:00009ff4       _invalid_parameter_noinfo  000000018000aff4 f   libucrt:invalid_parameter.obj
 0001:0000a014       _invoke_watson             000000018000b014 f   libucrt:invalid_parameter.obj
 0001:0000a05c       __acrt_errno_from_os_error 000000018000b05c f   libucrt:errno.obj
 0001:0000a0a4       __acrt_errno_map_os_error  000000018000b0a4 f   libucrt:errno.obj
 0001:0000a0f4       __doserrno                 000000018000b0f4 f   libucrt:errno.obj
 0001:0000a114       _errno                     000000018000b114 f   libucrt:errno.obj
 0001:0000a134       __pctype_func              000000018000b134 f   libucrt:ctype.obj
 0001:0000a164       _isctype_l                 000000018000b164 f   libucrt:isctype.obj
 0001:0000a274       ??$?RV<lambda_46352004c1216016012b18bd6f87e700>@@AEAV<lambda_3bd07e1a1191394380780325891bf33f>@@V<lambda_334532d3f185bcaa59b5be82d7d22bff>@@@?$__crt_seh_guarded_call@X@@QEAAX$$QEAV<lambda_46352004c1216016012b18bd6f87e700>@@AEAV<lambda_3bd07e1a1191394380780325891bf33f>@@$$QEAV<lambda_334532d3f185bcaa59b5be82d7d22bff>@@@Z 000000018000b274 f i libucrt:per_thread_data.obj
 0001:0000a2d4       ??$?RV<lambda_5e887d1dcbef67a5eb4283622ba103bf>@@AEAV<lambda_4466841279450cc726390878d4a41900>@@V<lambda_341c25c0346d94847f1f3c463c57e077>@@@?$__crt_seh_guarded_call@X@@QEAAX$$QEAV<lambda_5e887d1dcbef67a5eb4283622ba103bf>@@AEAV<lambda_4466841279450cc726390878d4a41900>@@$$QEAV<lambda_341c25c0346d94847f1f3c463c57e077>@@@Z 000000018000b2d4 f i libucrt:per_thread_data.obj
 0001:0000a31c       ??$?RV<lambda_72d1df2b273a38828b1ce30cbf4cdab5>@@AEAV<lambda_876a65b173b8412d3a47c70a915b0cf4>@@V<lambda_41932305e351933ebe8f8be3ed8bb5dc>@@@?$__crt_seh_guarded_call@X@@QEAAX$$QEAV<lambda_72d1df2b273a38828b1ce30cbf4cdab5>@@AEAV<lambda_876a65b173b8412d3a47c70a915b0cf4>@@$$QEAV<lambda_41932305e351933ebe8f8be3ed8bb5dc>@@@Z 000000018000b31c f i libucrt:per_thread_data.obj
 0001:0000a35c       ??$?RV<lambda_fb3a7dec4e47f37f22dae91bb15c9095>@@AEAV<lambda_698284760c8add0bfb0756c19673e34b>@@V<lambda_dfb8eca1e75fef3034a8fb18dd509707>@@@?$__crt_seh_guarded_call@X@@QEAAX$$QEAV<lambda_fb3a7dec4e47f37f22dae91bb15c9095>@@AEAV<lambda_698284760c8add0bfb0756c19673e34b>@@$$QEAV<lambda_dfb8eca1e75fef3034a8fb18dd509707>@@@Z 000000018000b35c f i libucrt:per_thread_data.obj
 0001:0000a5ec       __acrt_freeptd             000000018000b5ec f   libucrt:per_thread_data.obj
 0001:0000a630       __acrt_getptd              000000018000b630 f   libucrt:per_thread_data.obj
 0001:0000a6c4       __acrt_getptd_noexit       000000018000b6c4 f   libucrt:per_thread_data.obj
 0001:0000a764       __acrt_initialize_ptd      000000018000b764 f   libucrt:per_thread_data.obj
 0001:0000a7a0       __acrt_uninitialize_ptd    000000018000b7a0 f   libucrt:per_thread_data.obj
 0001:0000a7c4       __acrt_update_locale_info  000000018000b7c4 f   libucrt:locale_update.obj
 0001:0000a7f8       __acrt_update_multibyte_info 000000018000b7f8 f   libucrt:locale_update.obj
 0001:0000a82c       __acrt_set_locale_changed  000000018000b82c f   libucrt:wsetlocale.obj
 0001:0000a838       __acrt_uninitialize_locale 000000018000b838 f   libucrt:wsetlocale.obj
 0001:0000a880       isspace                    000000018000b880 f i libucrt:_ctype.obj
 0001:0000a8f4       ??$make_c_string_character_source@DPEAPEAD@__crt_strtox@@YA?AV?$c_string_character_source@D@0@QEBDQEAPEAD@Z 000000018000b8f4 f i libucrt:strtox.obj
 0001:0000a8f4       ??$make_c_string_character_source@D$$T@__crt_strtox@@YA?AV?$c_string_character_source@D@0@QEBD$$T@Z 000000018000b8f4 f i libucrt:atox.obj
 0001:0000a908       strtoull                   000000018000b908 f   libucrt:strtox.obj
 0001:0000a938       _mbtowc_l                  000000018000b938 f   libucrt:mbtowc.obj
 0001:0000aa80       mbtowc                     000000018000ba80 f   libucrt:mbtowc.obj
 0001:0000aa88       _fileno                    000000018000ba88 f   libucrt:fileno.obj
 0001:0000aab0       __acrt_initialize_stdio    000000018000bab0 f   libucrt:_file.obj
 0001:0000abd0       __acrt_uninitialize_stdio  000000018000bbd0 f   libucrt:_file.obj
 0001:0000ac2c       _lock_file                 000000018000bc2c f   libucrt:_file.obj
 0001:0000ac38       _unlock_file               000000018000bc38 f   libucrt:_file.obj
 0001:0000ac44       fegetround                 000000018000bc44 f   libucrt:fegetround.obj
 0001:0000ae40       __acrt_initialize_lowio    000000018000be40 f   libucrt:ioinit.obj
 0001:0000ae7c       __acrt_uninitialize_lowio  000000018000be7c f   libucrt:ioinit.obj
 0001:0000aebc       __acrt_initialize_locks    000000018000bebc f   libucrt:locks.obj
 0001:0000af04       __acrt_lock                000000018000bf04 f   libucrt:locks.obj
 0001:0000af20       __acrt_uninitialize_locks  000000018000bf20 f   libucrt:locks.obj
 0001:0000af58       __acrt_unlock              000000018000bf58 f   libucrt:locks.obj
 0001:0000b114       __acrt_FlsAlloc            000000018000c114 f   libucrt:winapi_thunks.obj
 0001:0000b16c       __acrt_FlsFree             000000018000c16c f   libucrt:winapi_thunks.obj
 0001:0000b1c4       __acrt_FlsGetValue         000000018000c1c4 f   libucrt:winapi_thunks.obj
 0001:0000b21c       __acrt_FlsSetValue         000000018000c21c f   libucrt:winapi_thunks.obj
 0001:0000b284       __acrt_InitializeCriticalSectionEx 000000018000c284 f   libucrt:winapi_thunks.obj
 0001:0000b2fc       __acrt_LCMapStringEx       000000018000c2fc f   libucrt:winapi_thunks.obj
 0001:0000b3ec       __acrt_LocaleNameToLCID    000000018000c3ec f   libucrt:winapi_thunks.obj
 0001:0000b454       __acrt_initialize_winapi_thunks 000000018000c454 f   libucrt:winapi_thunks.obj
 0001:0000b48c       __acrt_is_packaged_app     000000018000c48c f   libucrt:winapi_thunks.obj
 0001:0000b514       __acrt_uninitialize_winapi_thunks 000000018000c514 f   libucrt:winapi_thunks.obj
 0001:0000ba34       ?expand_if_necessary@?$argument_list@D@?A0xca0879c4@@AEAAHXZ 000000018000ca34 f i libucrt:argv_wildcards.obj
 0001:0000bafc       __acrt_expand_narrow_argv_wildcards 000000018000cafc f   libucrt:argv_wildcards.obj
 0001:0000bb04       ??$?RV<lambda_99476a1ad63dd22509b5d3e65b0ffc95>@@AEAV<lambda_ad1ced32f4ac17aa236e5ef05d6b3b7c>@@V<lambda_f7424dd8d45958661754dc4f2697e9c3>@@@?$__crt_seh_guarded_call@X@@QEAAX$$QEAV<lambda_99476a1ad63dd22509b5d3e65b0ffc95>@@AEAV<lambda_ad1ced32f4ac17aa236e5ef05d6b3b7c>@@$$QEAV<lambda_f7424dd8d45958661754dc4f2697e9c3>@@@Z 000000018000cb04 f i libucrt:mbctype.obj
 0001:0000c200       __acrt_initialize_multibyte 000000018000d200 f   libucrt:mbctype.obj
 0001:0000c228       __acrt_update_thread_multibyte_data 000000018000d228 f   libucrt:mbctype.obj
 0001:0000c2e8       _setmbcp_nolock            000000018000d2e8 f   libucrt:mbctype.obj
 0001:0000c608       _ismbblead                 000000018000d608 f   libucrt:ismbbyte.obj
 0001:0000c61c       __acrt_initialize_command_line 000000018000d61c f   libucrt:argv_data.obj
 0001:0000c644       __dcrt_get_narrow_environment_from_os 000000018000d644 f   libucrt:get_environment_from_os.obj
 0001:0000c748       _recalloc                  000000018000d748 f   libucrt:recalloc.obj
 0001:0000c750       _recalloc_base             000000018000d750 f   libucrt:recalloc.obj
 0001:0000c7e8       __acrt_initialize_heap     000000018000d7e8 f   libucrt:heap_handle.obj
 0001:0000c804       __acrt_uninitialize_heap   000000018000d804 f   libucrt:heap_handle.obj
 0001:0000c810       __acrt_execute_initializers 000000018000d810 f   libucrt:shared_initialization.obj
 0001:0000c8a4       __acrt_execute_uninitializers 000000018000d8a4 f   libucrt:shared_initialization.obj
 0001:0000c8f4       __acrt_initialize_new_handler 000000018000d8f4 f   libucrt:new_handler.obj
 0001:0000c8fc       _callnewh                  000000018000d8fc f   libucrt:new_handler.obj
 0001:0000c93c       _query_new_handler         000000018000d93c f   libucrt:new_handler.obj
 0001:0000c970       ??$?RV<lambda_c36588078e9f5dfd39652860aa6b3aaf>@@AEAV<lambda_ec61778202f4f5fc7e7711acc23c3bca>@@V<lambda_dc9d2797ccde5d239b4a0efae8ebd7db>@@@?$__crt_seh_guarded_call@P6AXH@Z@@QEAAP6AXH@Z$$QEAV<lambda_c36588078e9f5dfd39652860aa6b3aaf>@@AEAV<lambda_ec61778202f4f5fc7e7711acc23c3bca>@@$$QEAV<lambda_dc9d2797ccde5d239b4a0efae8ebd7db>@@@Z 000000018000d970 f i libucrt:signal.obj
 0001:0000c9b8       __acrt_get_sigabrt_handler 000000018000d9b8 f   libucrt:signal.obj
 0001:0000c9e8       __acrt_initialize_signal_handlers 000000018000d9e8 f   libucrt:signal.obj
 0001:0000ca08       raise                      000000018000da08 f   libucrt:signal.obj
 0001:0000cca4       __acrt_has_user_matherr    000000018000dca4 f   libucrt:matherr.obj
 0001:0000ccc4       __acrt_initialize_user_matherr 000000018000dcc4 f   libucrt:matherr.obj
 0001:0000cccc       __acrt_invoke_user_matherr 000000018000dccc f   libucrt:matherr.obj
 0001:0000cd14       _query_new_mode            000000018000dd14 f   libucrt:new_mode.obj
 0001:0000cd1c       _isleadbyte_l              000000018000dd1c f i libucrt:_wctype.obj
 0001:0000cd5c       __acrt_GetStringTypeA      000000018000dd5c f   libucrt:getstringtypea.obj
 0001:0000cf10       __acrt_add_locale_ref      000000018000df10 f   libucrt:locale_refcounting.obj
 0001:0000cf9c       __acrt_free_locale         000000018000df9c f   libucrt:locale_refcounting.obj
 0001:0000d114       __acrt_locale_add_lc_time_reference 000000018000e114 f   libucrt:locale_refcounting.obj
 0001:0000d13c       __acrt_locale_free_lc_time_if_unreferenced 000000018000e13c f   libucrt:locale_refcounting.obj
 0001:0000d174       __acrt_locale_release_lc_time_reference 000000018000e174 f   libucrt:locale_refcounting.obj
 0001:0000d19c       __acrt_release_locale_ref  000000018000e19c f   libucrt:locale_refcounting.obj
 0001:0000d244       __acrt_update_thread_locale_data 000000018000e244 f   libucrt:locale_refcounting.obj
 0001:0000d2b4       _updatetlocinfoEx_nolock   000000018000e2b4 f   libucrt:locale_refcounting.obj
 0001:0000d31c       __acrt_locale_free_monetary 000000018000e31c f   libucrt:initmon.obj
 0001:0000d428       __acrt_locale_free_numeric 000000018000e428 f   libucrt:initnum.obj
 0001:0000d4ec       __acrt_locale_free_time    000000018000e4ec f   libucrt:inittime.obj
 0001:0000d5f4       _fcloseall                 000000018000e5f4 f   libucrt:closeall.obj
 0001:0000d6a8       __acrt_stdio_flush_nolock  000000018000e6a8 f   libucrt:fflush.obj
 0001:0000d720       _fflush_nolock             000000018000e720 f   libucrt:fflush.obj
 0001:0000d76c       _flushall                  000000018000e76c f   libucrt:fflush.obj
 0001:0000d85c       __acrt_stdio_free_buffer_nolock 000000018000e85c f   libucrt:_freebuf.obj
 0001:0000d89c       _getfpcontrolword          000000018000e89c f   libucrt:_fenvutils.obj
 0001:0000d8b4       __acrt_lowio_create_handle_array 000000018000e8b4 f   libucrt:osfinfo.obj
 0001:0000d94c       __acrt_lowio_destroy_handle_array 000000018000e94c f   libucrt:osfinfo.obj
 0001:0000d99c       __acrt_lowio_ensure_fh_exists 000000018000e99c f   libucrt:osfinfo.obj
 0001:0000da54       __acrt_lowio_lock_fh       000000018000ea54 f   libucrt:osfinfo.obj
 0001:0000da78       __acrt_lowio_unlock_fh     000000018000ea78 f   libucrt:osfinfo.obj
 0001:0000da9c       _free_osfhnd               000000018000ea9c f   libucrt:osfinfo.obj
 0001:0000db58       _get_osfhandle             000000018000eb58 f   libucrt:osfinfo.obj
 0001:0000dc98       __acrt_DownlevelLocaleNameToLCID 000000018000ec98 f   libucrt:lcidtoname_downlevel.obj
 0001:0000dda0       qsort                      000000018000eda0 f   libucrt:qsort.obj
 0001:0000e0d4       strpbrk                    000000018000f0d4 f   libucrt:strpbrk.obj
 0001:0000e174       _mbsdec                    000000018000f174 f   libucrt:mbsdec.obj
 0001:0000e17c       _mbsdec_l                  000000018000f17c f   libucrt:mbsdec.obj
 0001:0000e588       __acrt_LCMapStringA        000000018000f588 f   libucrt:lcmapstringa.obj
 0001:0000e620       _msize                     000000018000f620 f   libucrt:msize.obj
 0001:0000e65c       _realloc_base              000000018000f65c f   libucrt:realloc_base.obj
 0001:0000e6e0       _isatty                    000000018000f6e0 f   libucrt:isatty.obj
 0001:0000e740       _fclose_nolock             000000018000f740 f   libucrt:fclose.obj
 0001:0000e7c4       fclose                     000000018000f7c4 f   libucrt:fclose.obj
 0001:0000e830       ??$?RV<lambda_b521505b218e5242e90febf6bfebc422>@@AEAV<lambda_6978c1fb23f02e42e1d9e99668cc68aa>@@V<lambda_314360699dd331753a4119843814e9a7>@@@?$__crt_seh_guarded_call@H@@QEAAH$$QEAV<lambda_b521505b218e5242e90febf6bfebc422>@@AEAV<lambda_6978c1fb23f02e42e1d9e99668cc68aa>@@$$QEAV<lambda_314360699dd331753a4119843814e9a7>@@@Z 000000018000f830 f i libucrt:commit.obj
 0001:0000e8bc       _commit                    000000018000f8bc f   libucrt:commit.obj
 0001:0000eef0       _write                     000000018000fef0 f   libucrt:write.obj
 0001:0000efdc       _write_nolock              000000018000ffdc f   libucrt:write.obj
 0001:0000f2c0       _controlfp                 00000001800102c0 f   libucrt:ieee.obj
 0001:0000f580       _get_fpsr                  0000000180010580 f   libucrt:fpsr.obj
 0001:0000f590       _set_fpsr                  0000000180010590 f   libucrt:fpsr.obj
 0001:0000f59a       _fclrf                     000000018001059a f   libucrt:fpsr.obj
 0001:0000f5ae       _frnd                      00000001800105ae f   libucrt:fpsr.obj
 0001:0000f5d0       _query_app_type            00000001800105d0 f   libucrt:report_runtime_error.obj
 0001:0000f5d8       __strncnt                  00000001800105d8 f   libucrt:strncnt.obj
 0001:0000f5f0       log10                      00000001800105f0 f   libucrt:log10.obj
 0001:0000fc38       _lseeki64_nolock           0000000180010c38 f   libucrt:lseek.obj
 0001:0000fc40       ??$?RV<lambda_bfedae4ebbf01fab1bb6dcc6a9e276e0>@@AEAV<lambda_2fe9b910cf3cbf4a0ab98a02ba45b3ec>@@V<lambda_237c231691f317818eb88cc1d5d642d6>@@@?$__crt_seh_guarded_call@H@@QEAAH$$QEAV<lambda_bfedae4ebbf01fab1bb6dcc6a9e276e0>@@AEAV<lambda_2fe9b910cf3cbf4a0ab98a02ba45b3ec>@@$$QEAV<lambda_237c231691f317818eb88cc1d5d642d6>@@@Z 0000000180010c40 f i libucrt:close.obj
 0001:0000fcb4       _close                     0000000180010cb4 f   libucrt:close.obj
 0001:0000fd58       _close_nolock              0000000180010d58 f   libucrt:close.obj
 0001:0000fe14       ?__acrt_stdio_free_stream@@YAXV__crt_stdio_stream@@@Z 0000000180010e14 f   libucrt:stream.obj
 0001:0000fe58       _putwch_nolock             0000000180010e58 f   libucrt:putwch.obj
 0001:0000ffd8       _handle_error              0000000180010fd8 f   libucrt:libm_error.obj
 0001:00010100       __acrt_initialize_fma3     0000000180011100 f   libucrt:fma3_available.obj
 0001:00010170       _log10_special             0000000180011170 f   libucrt:log_special.obj
 0001:00010228       __dcrt_lowio_initialize_console_output 0000000180011228 f   libucrt:initcon.obj
 0001:00010264       __dcrt_terminate_console_output 0000000180011264 f   libucrt:initcon.obj
 0001:00010284       _raise_exc                 0000000180011284 f   libucrt:fpexcept.obj
 0001:000102ac       _raise_exc_ex              00000001800112ac f   libucrt:fpexcept.obj
 0001:000105b4       _set_errno_from_matherr    00000001800115b4 f   libucrt:fpexcept.obj
 0001:000105e4       _clrfp                     00000001800115e4 f   libucrt:fpctrl.obj
 0001:00010604       _ctrlfp                    0000000180011604 f   libucrt:fpctrl.obj
 0001:00010680       _set_statfp                0000000180011680 f   libucrt:fpctrl.obj
 0001:000106a0       _statfp                    00000001800116a0 f   libucrt:fpctrl.obj
 0001:000106b2       IsProcessorFeaturePresent  00000001800116b2 f   kernel32:KERNEL32.dll
 0001:000106b8       RtlUnwindEx                00000001800116b8 f   kernel32:KERNEL32.dll
 0001:000106c0       _FindPESection             00000001800116c0 f   LIBCMT:pesect.obj
 0001:00010710       _IsNonwritableInCurrentImage 0000000180011710 f   LIBCMT:pesect.obj
 0001:00010760       _ValidateImageBase         0000000180011760 f   LIBCMT:pesect.obj
 0001:000107a0       memcmp                     00000001800117a0 f   libvcruntime:memcmp.obj
 0001:00010880       _guard_dispatch_icall_nop  0000000180011880 f   LIBCMT:_guard_dispatch_.obj
 0002:00000000       __imp_IsDebuggerPresent    0000000180012000     kernel32:KERNEL32.dll
 0002:00000008       __imp_GetLocalTime         0000000180012008     kernel32:KERNEL32.dll
 0002:00000010       __imp_GetTickCount         0000000180012010     kernel32:KERNEL32.dll
 0002:00000018       __imp_GetModuleFileNameW   0000000180012018     kernel32:KERNEL32.dll
 0002:00000020       __imp_GetPrivateProfileStringW 0000000180012020     kernel32:KERNEL32.dll
 0002:00000028       __imp_MultiByteToWideChar  0000000180012028     kernel32:KERNEL32.dll
 0002:00000030       __imp_WideCharToMultiByte  0000000180012030     kernel32:KERNEL32.dll
 0002:00000038       __imp_RtlCaptureContext    0000000180012038     kernel32:KERNEL32.dll
 0002:00000040       __imp_RtlLookupFunctionEntry 0000000180012040     kernel32:KERNEL32.dll
 0002:00000048       __imp_RtlVirtualUnwind     0000000180012048     kernel32:KERNEL32.dll
 0002:00000050       __imp_UnhandledExceptionFilter 0000000180012050     kernel32:KERNEL32.dll
 0002:00000058       __imp_SetUnhandledExceptionFilter 0000000180012058     kernel32:KERNEL32.dll
 0002:00000060       __imp_GetCurrentProcess    0000000180012060     kernel32:KERNEL32.dll
 0002:00000068       __imp_TerminateProcess     0000000180012068     kernel32:KERNEL32.dll
 0002:00000070       __imp_IsProcessorFeaturePresent 0000000180012070     kernel32:KERNEL32.dll
 0002:00000078       __imp_QueryPerformanceCounter 0000000180012078     kernel32:KERNEL32.dll
 0002:00000080       __imp_GetCurrentProcessId  0000000180012080     kernel32:KERNEL32.dll
 0002:00000088       __imp_GetCurrentThreadId   0000000180012088     kernel32:KERNEL32.dll
 0002:00000090       __imp_GetSystemTimeAsFileTime 0000000180012090     kernel32:KERNEL32.dll
 0002:00000098       __imp_InitializeSListHead  0000000180012098     kernel32:KERNEL32.dll
 0002:000000a0       __imp_GetStartupInfoW      00000001800120a0     kernel32:KERNEL32.dll
 0002:000000a8       __imp_GetModuleHandleW     00000001800120a8     kernel32:KERNEL32.dll
 0002:000000b0       __imp_RtlUnwindEx          00000001800120b0     kernel32:KERNEL32.dll
 0002:000000b8       __imp_InterlockedFlushSList 00000001800120b8     kernel32:KERNEL32.dll
 0002:000000c0       __imp_GetLastError         00000001800120c0     kernel32:KERNEL32.dll
 0002:000000c8       __imp_SetLastError         00000001800120c8     kernel32:KERNEL32.dll
 0002:000000d0       __imp_EnterCriticalSection 00000001800120d0     kernel32:KERNEL32.dll
 0002:000000d8       __imp_LeaveCriticalSection 00000001800120d8     kernel32:KERNEL32.dll
 0002:000000e0       __imp_DeleteCriticalSection 00000001800120e0     kernel32:KERNEL32.dll
 0002:000000e8       __imp_InitializeCriticalSectionAndSpinCount 00000001800120e8     kernel32:KERNEL32.dll
 0002:000000f0       __imp_TlsAlloc             00000001800120f0     kernel32:KERNEL32.dll
 0002:000000f8       __imp_TlsGetValue          00000001800120f8     kernel32:KERNEL32.dll
 0002:00000100       __imp_TlsSetValue          0000000180012100     kernel32:KERNEL32.dll
 0002:00000108       __imp_TlsFree              0000000180012108     kernel32:KERNEL32.dll
 0002:00000110       __imp_FreeLibrary          0000000180012110     kernel32:KERNEL32.dll
 0002:00000118       __imp_GetProcAddress       0000000180012118     kernel32:KERNEL32.dll
 0002:00000120       __imp_LoadLibraryExW       0000000180012120     kernel32:KERNEL32.dll
 0002:00000128       __imp_ExitProcess          0000000180012128     kernel32:KERNEL32.dll
 0002:00000130       __imp_GetModuleHandleExW   0000000180012130     kernel32:KERNEL32.dll
 0002:00000138       __imp_GetModuleFileNameA   0000000180012138     kernel32:KERNEL32.dll
 0002:00000140       __imp_HeapFree             0000000180012140     kernel32:KERNEL32.dll
 0002:00000148       __imp_HeapAlloc            0000000180012148     kernel32:KERNEL32.dll
 0002:00000150       __imp_GetStringTypeW       0000000180012150     kernel32:KERNEL32.dll
 0002:00000158       __imp_GetACP               0000000180012158     kernel32:KERNEL32.dll
 0002:00000160       __imp_GetStdHandle         0000000180012160     kernel32:KERNEL32.dll
 0002:00000168       __imp_GetFileType          0000000180012168     kernel32:KERNEL32.dll
 0002:00000170       __imp_LCMapStringW         0000000180012170     kernel32:KERNEL32.dll
 0002:00000178       __imp_FindClose            0000000180012178     kernel32:KERNEL32.dll
 0002:00000180       __imp_FindFirstFileExA     0000000180012180     kernel32:KERNEL32.dll
 0002:00000188       __imp_FindNextFileA        0000000180012188     kernel32:KERNEL32.dll
 0002:00000190       __imp_IsValidCodePage      0000000180012190     kernel32:KERNEL32.dll
 0002:00000198       __imp_GetOEMCP             0000000180012198     kernel32:KERNEL32.dll
 0002:000001a0       __imp_GetCPInfo            00000001800121a0     kernel32:KERNEL32.dll
 0002:000001a8       __imp_GetCommandLineA      00000001800121a8     kernel32:KERNEL32.dll
 0002:000001b0       __imp_GetCommandLineW      00000001800121b0     kernel32:KERNEL32.dll
 0002:000001b8       __imp_GetEnvironmentStringsW 00000001800121b8     kernel32:KERNEL32.dll
 0002:000001c0       __imp_FreeEnvironmentStringsW 00000001800121c0     kernel32:KERNEL32.dll
 0002:000001c8       __imp_GetProcessHeap       00000001800121c8     kernel32:KERNEL32.dll
 0002:000001d0       __imp_SetStdHandle         00000001800121d0     kernel32:KERNEL32.dll
 0002:000001d8       __imp_HeapSize             00000001800121d8     kernel32:KERNEL32.dll
 0002:000001e0       __imp_HeapReAlloc          00000001800121e0     kernel32:KERNEL32.dll
 0002:000001e8       __imp_GetConsoleMode       00000001800121e8     kernel32:KERNEL32.dll
 0002:000001f0       __imp_FlushFileBuffers     00000001800121f0     kernel32:KERNEL32.dll
 0002:000001f8       __imp_WriteFile            00000001800121f8     kernel32:KERNEL32.dll
 0002:00000200       __imp_GetConsoleCP         0000000180012200     kernel32:KERNEL32.dll
 0002:00000208       __imp_SetFilePointerEx     0000000180012208     kernel32:KERNEL32.dll
 0002:00000210       __imp_CloseHandle          0000000180012210     kernel32:KERNEL32.dll
 0002:00000218       __imp_WriteConsoleW        0000000180012218     kernel32:KERNEL32.dll
 0002:00000220       __imp_CreateFileW          0000000180012220     kernel32:KERNEL32.dll
 0002:00000228       __imp_RaiseException       0000000180012228     kernel32:KERNEL32.dll
 0002:00000230       \177KERNEL32_NULL_THUNK_DATA 0000000180012230     kernel32:KERNEL32.dll
 0002:00000238       __guard_check_icall_fptr   0000000180012238     LIBCMT:guard_support.obj
 0002:00000240       __guard_dispatch_icall_fptr 0000000180012240     LIBCMT:guard_support.obj
 0002:00000248       __xc_a                     0000000180012248     LIBCMT:initializers.obj
 0002:00000258       __xc_z                     0000000180012258     LIBCMT:initializers.obj
 0002:00000260       __xi_a                     0000000180012260     LIBCMT:initializers.obj
 0002:00000268       __acrt_stdio_initializer   0000000180012268     libucrt:stdio_initializer.obj
 0002:00000270       __acrt_multibyte_initializer 0000000180012270     libucrt:multibyte_initializer.obj
 0002:00000278       __acrt_tran_fma3_initializer 0000000180012278     libucrt:fma3_initializer.obj
 0002:00000280       __xi_z                     0000000180012280     LIBCMT:initializers.obj
 0002:00000288       __xp_a                     0000000180012288     LIBCMT:initializers.obj
 0002:00000290       __acrt_locale_terminator   0000000180012290     libucrt:locale_initializer.obj
 0002:00000298       __dcrt_console_output_terminator 0000000180012298     libucrt:console_output_initializer.obj
 0002:000002a0       __acrt_stdio_terminator    00000001800122a0     libucrt:stdio_initializer.obj
 0002:000002a8       __xp_z                     00000001800122a8     LIBCMT:initializers.obj
 0002:000002b0       __xt_a                     00000001800122b0     LIBCMT:initializers.obj
 0002:000002b8       __xt_z                     00000001800122b8     LIBCMT:initializers.obj
 0002:000002c0       ??_C@_1CK@BPLDJAJP@?$AAV?$AAM?$AAP?$AAr?$AAo?$AAt?$AAe?$AAc?$AAt?$AAL?$AAi?$AAc?$AAe?$AAn?$AAs?$AAe?$AA?4?$AAi?$AAn?$AAi?$AA?$AA@ 00000001800122c0     sdk.obj
 0002:000002ec       ??_C@_11LOCGONAA@?$AA?$AA@ 00000001800122ec     sdk.obj
 0002:000002f0       ??_C@_1BI@EAIGNDDA@?$AAT?$AAe?$AAs?$AAt?$AAL?$AAi?$AAc?$AAe?$AAn?$AAs?$AAe?$AA?$AA@ 00000001800122f0     sdk.obj
 0002:00000308       ??_C@_09OHILOMME@TimeLimit?$AA@ 0000000180012308     sdk.obj
 0002:00000318       ??_C@_07EKJOEOBD@ExpDate?$AA@ 0000000180012318     sdk.obj
 0002:00000320       ??_C@_0N@DEAKEBCF@?$CF04d?$CF02d?$CF02d?$AA@ 0000000180012320     sdk.obj
 0002:00000330       ??_C@_0N@KIALGLLC@MaxBuildDate?$AA@ 0000000180012330     sdk.obj
 0002:00000340       ??_C@_07MOIONJLL@KeyHWID?$AA@ 0000000180012340     sdk.obj
 0002:00000348       ??_C@_06LOGFHAOM@MyHWID?$AA@ 0000000180012348     sdk.obj
 0002:00000350       ??_C@_0BF@LKLPJOPI@AcceptedSerialNumber?$AA@ 0000000180012350     sdk.obj
 0002:00000368       ??_C@_0N@CDFKGDLF@serialnumber?$AA@ 0000000180012368     sdk.obj
 0002:00000378       ??_C@_0BI@DBABLFHD@BlackListedSerialNumber?$AA@ 0000000180012378     sdk.obj
 0002:00000390       ??_C@_08KAFEAHEM@UserName?$AA@ 0000000180012390     sdk.obj
 0002:0000039c       ??_C@_05LMBPBNBJ@EMail?$AA@ 000000018001239c     sdk.obj
 0002:000003a8       ??_C@_08JNHPECBG@UserData?$AA@ 00000001800123a8     sdk.obj
 0002:000003b4       ??_C@_06LNOCKLAI@myhwid?$AA@ 00000001800123b4     sdk.obj
 0002:000003c0       ??_C@_0BH@MGNCJJIG@AcceptedActivationCode?$AA@ 00000001800123c0     sdk.obj
 0002:000003d8       ??_C@_0P@DDJBCCN@activationcode?$AA@ 00000001800123d8     sdk.obj
 0002:000003e8       _pDefaultRawDllMain        00000001800123e8     LIBCMT:dll_dllmain.obj
 0002:000003e8       _pRawDllMain               00000001800123e8     LIBCMT:dll_dllmain.obj
 0002:00000420       ??_C@_1BC@DNHGCMLG@?$AAa?$AAd?$AAv?$AAa?$AAp?$AAi?$AA3?$AA2?$AA?$AA@ 0000000180012420     libvcruntime:winapi_downlevel.obj
 0002:00000438       ??_C@_1DM@KHCHBNEB@?$AAa?$AAp?$AAi?$AA?9?$AAm?$AAs?$AA?9?$AAw?$AAi?$AAn?$AA?9?$AAc?$AAo?$AAr?$AAe?$AA?9?$AAf?$AAi?$AAb?$AAe?$AAr?$AAs?$AA?9?$AAl?$AA1?$AA?9?$AA1?$AA?9?$AA1?$AA?$AA@ 0000000180012438     libvcruntime:winapi_downlevel.obj
 0002:00000478       ??_C@_1DK@LPPGFMPP@?$AAa?$AAp?$AAi?$AA?9?$AAm?$AAs?$AA?9?$AAw?$AAi?$AAn?$AA?9?$AAc?$AAo?$AAr?$AAe?$AA?9?$AAs?$AAy?$AAn?$AAc?$AAh?$AA?9?$AAl?$AA1?$AA?9?$AA2?$AA?9?$AA0?$AA?$AA@ 0000000180012478     libvcruntime:winapi_downlevel.obj
 0002:000004b8       ??_C@_1BC@GDMECMAK@?$AAk?$AAe?$AAr?$AAn?$AAe?$AAl?$AA3?$AA2?$AA?$AA@ 00000001800124b8     libvcruntime:winapi_downlevel.obj
 0002:000004d8       ??_C@_08KNHFBNJ@FlsAlloc?$AA@ 00000001800124d8     libvcruntime:winapi_downlevel.obj
 0002:000004f0       ??_C@_07PEJMOBNF@FlsFree?$AA@ 00000001800124f0     libvcruntime:winapi_downlevel.obj
 0002:00000500       ??_C@_0M@GDNOONDI@FlsGetValue?$AA@ 0000000180012500     libvcruntime:winapi_downlevel.obj
 0002:00000518       ??_C@_0M@JCPCPOEF@FlsSetValue?$AA@ 0000000180012518     libvcruntime:winapi_downlevel.obj
 0002:00000530       ??_C@_0BM@HCFOFFN@InitializeCriticalSectionEx?$AA@ 0000000180012530     libvcruntime:winapi_downlevel.obj
 0002:00000870       ??_C@_08EHJDFFNH@__based?$CI?$AA@ 0000000180012870     libvcruntime:undname.obj
 0002:00000880       ??_C@_07KOLFKCDI@__cdecl?$AA@ 0000000180012880     libvcruntime:undname.obj
 0002:00000888       ??_C@_08GHMPAG@__pascal?$AA@ 0000000180012888     libvcruntime:undname.obj
 0002:00000898       ??_C@_09IFJBGAPI@__stdcall?$AA@ 0000000180012898     libvcruntime:undname.obj
 0002:000008a8       ??_C@_0L@NPHFGOKO@__thiscall?$AA@ 00000001800128a8     libvcruntime:undname.obj
 0002:000008b8       ??_C@_0L@JMKHOMEK@__fastcall?$AA@ 00000001800128b8     libvcruntime:undname.obj
 0002:000008c8       ??_C@_0N@BCKKPABJ@__vectorcall?$AA@ 00000001800128c8     libvcruntime:undname.obj
 0002:000008d8       ??_C@_09HIJEGCPM@__clrcall?$AA@ 00000001800128d8     libvcruntime:undname.obj
 0002:000008e4       ??_C@_06GHPCKEAG@__eabi?$AA@ 00000001800128e4     libvcruntime:undname.obj
 0002:000008f0       ??_C@_07JOMMBBKO@__ptr64?$AA@ 00000001800128f0     libvcruntime:undname.obj
 0002:000008f8       ??_C@_0L@PILCLIHE@__restrict?$AA@ 00000001800128f8     libvcruntime:undname.obj
 0002:00000908       ??_C@_0M@GFIIJFMG@__unaligned?$AA@ 0000000180012908     libvcruntime:undname.obj
 0002:00000918       ??_C@_09DHDLOLLB@restrict?$CI?$AA@ 0000000180012918     libvcruntime:undname.obj
 0002:00000922       ??_C@_00CNPNBAHC@?$AA@     0000000180012922     libvcruntime:undname.obj
 0002:00000924       ??_C@_04NIHEBCM@?5new?$AA@ 0000000180012924     libvcruntime:undname.obj
 0002:00000930       ??_C@_07FPCDHGMM@?5delete?$AA@ 0000000180012930     libvcruntime:undname.obj
 0002:00000938       ??_C@_01NEMOKFLO@?$DN?$AA@ 0000000180012938     libvcruntime:undname.obj
 0002:0000093c       ??_C@_02GPIOPFAK@?$DO?$DO?$AA@ 000000018001293c     libvcruntime:undname.obj
 0002:00000940       ??_C@_02FODMEDOG@?$DM?$DM?$AA@ 0000000180012940     libvcruntime:undname.obj
 0002:00000944       ??_C@_01DCLJPIOD@?$CB?$AA@ 0000000180012944     libvcruntime:undname.obj
 0002:00000948       ??_C@_02EGOFBIJA@?$DN?$DN?$AA@ 0000000180012948     libvcruntime:undname.obj
 0002:0000094c       ??_C@_02FDNJECIE@?$CB?$DN?$AA@ 000000018001294c     libvcruntime:undname.obj
 0002:00000950       ??_C@_02GPECMEKF@?$FL?$FN?$AA@ 0000000180012950     libvcruntime:undname.obj
 0002:00000958       ??_C@_08LHJFAFGD@operator?$AA@ 0000000180012958     libvcruntime:undname.obj
 0002:00000964       ??_C@_02HBOOOICD@?9?$DO?$AA@ 0000000180012964     libvcruntime:undname.obj
 0002:00000968       ??_C@_01NBENCBCI@?$CK?$AA@ 0000000180012968     libvcruntime:undname.obj
 0002:0000096c       ??_C@_02ECNGHCIF@?$CL?$CL?$AA@ 000000018001296c     libvcruntime:undname.obj
 0002:00000970       ??_C@_02BAABKJLB@?9?9?$AA@ 0000000180012970     libvcruntime:undname.obj
 0002:00000974       ??_C@_01JOAMLHOP@?9?$AA@   0000000180012974     libvcruntime:undname.obj
 0002:00000978       ??_C@_01MIFGBAGJ@?$CL?$AA@ 0000000180012978     libvcruntime:undname.obj
 0002:0000097c       ??_C@_01HNPIGOCE@?$CG?$AA@ 000000018001297c     libvcruntime:undname.obj
 0002:00000980       ??_C@_03MNHNFDLC@?9?$DO?$CK?$AA@ 0000000180012980     libvcruntime:undname.obj
 0002:00000984       ??_C@_01KMDKNFGN@?1?$AA@   0000000180012984     libvcruntime:undname.obj
 0002:00000988       ??_C@_01FGNFDNOH@?$CF?$AA@ 0000000180012988     libvcruntime:undname.obj
 0002:0000098c       ??_C@_01MNNFJEPP@?$DM?$AA@ 000000018001298c     libvcruntime:undname.obj
 0002:00000990       ??_C@_02EHCHHCKH@?$DM?$DN?$AA@ 0000000180012990     libvcruntime:undname.obj
 0002:00000994       ??_C@_01PPODPGHN@?$DO?$AA@ 0000000180012994     libvcruntime:undname.obj
 0002:00000998       ??_C@_02EEKDKGMJ@?$DO?$DN?$AA@ 0000000180012998     libvcruntime:undname.obj
 0002:0000099c       ??_C@_01IHBHIGKO@?0?$AA@   000000018001299c     libvcruntime:undname.obj
 0002:000009a0       ??_C@_02HCKGKOFO@?$CI?$CJ?$AA@ 00000001800129a0     libvcruntime:undname.obj
 0002:000009a4       ??_C@_01PJKLJHI@?$HO?$AA@  00000001800129a4     libvcruntime:undname.obj
 0002:000009a8       ??_C@_01JKBOJNNK@?$FO?$AA@ 00000001800129a8     libvcruntime:undname.obj
 0002:000009ac       ??_C@_01DNKMNLPK@?$HM?$AA@ 00000001800129ac     libvcruntime:undname.obj
 0002:000009b0       ??_C@_02PPKAJPJL@?$CG?$CG?$AA@ 00000001800129b0     libvcruntime:undname.obj
 0002:000009b4       ??_C@_02NONPIBCD@?$HM?$HM?$AA@ 00000001800129b4     libvcruntime:undname.obj
 0002:000009b8       ??_C@_02FPIMKNGF@?$CK?$DN?$AA@ 00000001800129b8     libvcruntime:undname.obj
 0002:000009bc       ??_C@_02FOEOMHFC@?$CL?$DN?$AA@ 00000001800129bc     libvcruntime:undname.obj
 0002:000009c0       ??_C@_02FKMDLLOA@?9?$DN?$AA@ 00000001800129c0     libvcruntime:undname.obj
 0002:000009c4       ??_C@_02FJEHGPIO@?1?$DN?$AA@ 00000001800129c4     libvcruntime:undname.obj
 0002:000009c8       ??_C@_02FENAOKFI@?$CF?$DN?$AA@ 00000001800129c8     libvcruntime:undname.obj
 0002:000009cc       ??_C@_03IKFCCPFF@?$DO?$DO?$DN?$AA@ 00000001800129cc     libvcruntime:undname.obj
 0002:000009d0       ??_C@_03CDNPDDLA@?$DM?$DM?$DN?$AA@ 00000001800129d0     libvcruntime:undname.obj
 0002:000009d4       ??_C@_02FGJGFEAB@?$CG?$DN?$AA@ 00000001800129d4     libvcruntime:undname.obj
 0002:000009d8       ??_C@_02DHLNPPGH@?$HM?$DN?$AA@ 00000001800129d8     libvcruntime:undname.obj
 0002:000009dc       ??_C@_02MHEGNOJ@?$FO?$DN?$AA@ 00000001800129dc     libvcruntime:undname.obj
 0002:000009e0       ??_C@_09IFPLHPGF@?$GAvftable?8?$AA@ 00000001800129e0     libvcruntime:undname.obj
 0002:000009f0       ??_C@_09BLBHBJP@?$GAvbtable?8?$AA@ 00000001800129f0     libvcruntime:undname.obj
 0002:00000a00       ??_C@_07FEEIOKP@?$GAvcall?8?$AA@ 0000000180012a00     libvcruntime:undname.obj
 0002:00000a08       ??_C@_08LLFFHHDJ@?$GAtypeof?8?$AA@ 0000000180012a08     libvcruntime:undname.obj
 0002:00000a18       ??_C@_0BF@KDPPACIK@?$GAlocal?5static?5guard?8?$AA@ 0000000180012a18     libvcruntime:undname.obj
 0002:00000a30       ??_C@_08OBABFOLI@?$GAstring?8?$AA@ 0000000180012a30     libvcruntime:undname.obj
 0002:00000a40       ??_C@_0BD@JDLKDPAB@?$GAvbase?5destructor?8?$AA@ 0000000180012a40     libvcruntime:undname.obj
 0002:00000a58       ??_C@_0BN@DEGPLNFK@?$GAvector?5deleting?5destructor?8?$AA@ 0000000180012a58     libvcruntime:undname.obj
 0002:00000a78       ??_C@_0BO@OBMKPJIG@?$GAdefault?5constructor?5closure?8?$AA@ 0000000180012a78     libvcruntime:undname.obj
 0002:00000a98       ??_C@_0BN@IMDCHIKM@?$GAscalar?5deleting?5destructor?8?$AA@ 0000000180012a98     libvcruntime:undname.obj
 0002:00000ab8       ??_C@_0BO@PFGOCPJJ@?$GAvector?5constructor?5iterator?8?$AA@ 0000000180012ab8     libvcruntime:undname.obj
 0002:00000ad8       ??_C@_0BN@LFPFMEDL@?$GAvector?5destructor?5iterator?8?$AA@ 0000000180012ad8     libvcruntime:undname.obj
 0002:00000af8       ??_C@_0CE@IKBNEHA@?$GAvector?5vbase?5constructor?5iterat@ 0000000180012af8     libvcruntime:undname.obj
 0002:00000b20       ??_C@_0BL@NILFHHPC@?$GAvirtual?5displacement?5map?8?$AA@ 0000000180012b20     libvcruntime:undname.obj
 0002:00000b40       ??_C@_0CB@JONCMFFK@?$GAeh?5vector?5constructor?5iterator?8@ 0000000180012b40     libvcruntime:undname.obj
 0002:00000b68       ??_C@_0CA@GCEOPDGL@?$GAeh?5vector?5destructor?5iterator?8?$AA@ 0000000180012b68     libvcruntime:undname.obj
 0002:00000b88       ??_C@_0CH@OOJPLCPH@?$GAeh?5vector?5vbase?5constructor?5ite@ 0000000180012b88     libvcruntime:undname.obj
 0002:00000bb0       ??_C@_0BL@LLKPOHJI@?$GAcopy?5constructor?5closure?8?$AA@ 0000000180012bb0     libvcruntime:undname.obj
 0002:00000bd0       ??_C@_0BA@KBCDOMBN@?$GAudt?5returning?8?$AA@ 0000000180012bd0     libvcruntime:undname.obj
 0002:00000be0       ??_C@_03KLGMFNMG@?$GAEH?$AA@ 0000000180012be0     libvcruntime:undname.obj
 0002:00000be4       ??_C@_05KHLCHHI@?$GARTTI?$AA@ 0000000180012be4     libvcruntime:undname.obj
 0002:00000bf0       ??_C@_0BA@KKLDJDLB@?$GAlocal?5vftable?8?$AA@ 0000000180012bf0     libvcruntime:undname.obj
 0002:00000c00       ??_C@_0CE@IIHCMGGL@?$GAlocal?5vftable?5constructor?5closu@ 0000000180012c00     libvcruntime:undname.obj
 0002:00000c24       ??_C@_06FHBGPFGH@?5new?$FL?$FN?$AA@ 0000000180012c24     libvcruntime:undname.obj
 0002:00000c30       ??_C@_09LBNFPBCA@?5delete?$FL?$FN?$AA@ 0000000180012c30     libvcruntime:undname.obj
 0002:00000c40       ??_C@_0P@HJKNJFNN@?$GAomni?5callsig?8?$AA@ 0000000180012c40     libvcruntime:undname.obj
 0002:00000c50       ??_C@_0BL@CNOONJFP@?$GAplacement?5delete?5closure?8?$AA@ 0000000180012c50     libvcruntime:undname.obj
 0002:00000c70       ??_C@_0BN@CKNJLHMB@?$GAplacement?5delete?$FL?$FN?5closure?8?$AA@ 0000000180012c70     libvcruntime:undname.obj
 0002:00000c90       ??_C@_0CG@CFDHKGGD@?$GAmanaged?5vector?5constructor?5iter@ 0000000180012c90     libvcruntime:undname.obj
 0002:00000cb8       ??_C@_0CF@IMGKMJNO@?$GAmanaged?5vector?5destructor?5itera@ 0000000180012cb8     libvcruntime:undname.obj
 0002:00000ce0       ??_C@_0CG@HLDDJMAG@?$GAeh?5vector?5copy?5constructor?5iter@ 0000000180012ce0     libvcruntime:undname.obj
 0002:00000d08       ??_C@_0CM@FCBBDIGB@?$GAeh?5vector?5vbase?5copy?5constructo@ 0000000180012d08     libvcruntime:undname.obj
 0002:00000d38       ??_C@_0BL@CLIPGLGB@?$GAdynamic?5initializer?5for?5?8?$AA@ 0000000180012d38     libvcruntime:undname.obj
 0002:00000d58       ??_C@_0CB@PDBIFEP@?$GAdynamic?5atexit?5destructor?5for?5?8@ 0000000180012d58     libvcruntime:undname.obj
 0002:00000d80       ??_C@_0CD@CGAJBKEJ@?$GAvector?5copy?5constructor?5iterato@ 0000000180012d80     libvcruntime:undname.obj
 0002:00000da8       ??_C@_0CJ@GJELGAMM@?$GAvector?5vbase?5copy?5constructor?5i@ 0000000180012da8     libvcruntime:undname.obj
 0002:00000dd8       ??_C@_0CL@FGIJHLCE@?$GAmanaged?5vector?5copy?5constructor@ 0000000180012dd8     libvcruntime:undname.obj
 0002:00000e08       ??_C@_0BM@PMGGMLDN@?$GAlocal?5static?5thread?5guard?8?$AA@ 0000000180012e08     libvcruntime:undname.obj
 0002:00000e28       ??_C@_0N@BDNMDMOL@operator?5?$CC?$CC?5?$AA@ 0000000180012e28     libvcruntime:undname.obj
 0002:00000e38       ??_C@_0BC@DAFEJGAK@?5Type?5Descriptor?8?$AA@ 0000000180012e38     libvcruntime:undname.obj
 0002:00000e50       ??_C@_0BM@LDKODKLH@?5Base?5Class?5Descriptor?5at?5?$CI?$AA@ 0000000180012e50     libvcruntime:undname.obj
 0002:00000e70       ??_C@_0BD@LGICGFMM@?5Base?5Class?5Array?8?$AA@ 0000000180012e70     libvcruntime:undname.obj
 0002:00000e88       ??_C@_0BN@MECKDCOJ@?5Class?5Hierarchy?5Descriptor?8?$AA@ 0000000180012e88     libvcruntime:undname.obj
 0002:00000ea8       ??_C@_0BK@CFCOFLF@?5Complete?5Object?5Locator?8?$AA@ 0000000180012ea8     libvcruntime:undname.obj
 0002:00000ed0       ?large_power_data@?1??multiply_by_power_of_ten@__crt_strtox@@YA_NAEAUbig_integer@2@I@Z@4QBIB 0000000180012ed0     libucrt:input.obj
 0002:000017e0       ?large_power_indices@?1??multiply_by_power_of_ten@__crt_strtox@@YA_NAEAUbig_integer@2@I@Z@4QBUunpack_index@?1??12@YA_N0I@Z@B 00000001800137e0     libucrt:input.obj
 0002:00001878       ?small_powers_of_ten@?6??multiply_by_power_of_ten@__crt_strtox@@YA_NAEAUbig_integer@2@I@Z@4QBIB 0000000180013878     libucrt:input.obj
 0002:000018a0       ??_C@_1GE@DPGDJKLM@?$AAm?$AAi?$AAn?$AAk?$AAe?$AAr?$AAn?$AAe?$AAl?$AA?2?$AAc?$AAr?$AAt?$AAs?$AA?2?$AAu?$AAc?$AAr?$AAt?$AA?2?$AAi?$AAn?$AAc?$AA?2?$AAc?$AAo?$AAr?$AAe?$AAc?$AAr?$AAt?$AA_@ 00000001800138a0     libucrt:input.obj
 0002:00001910       ??_C@_1FM@FELNCOBF@?$AA_?$AA_?$AAc?$AAr?$AAt?$AA_?$AAs?$AAt?$AAr?$AAt?$AAo?$AAx?$AA?3?$AA?3?$AAf?$AAl?$AAo?$AAa?$AAt?$AAi?$AAn?$AAg?$AA_?$AAp?$AAo?$AAi?$AAn?$AAt?$AA_?$AAv?$AAa?$AAl@ 0000000180013910     libucrt:input.obj
 0002:00001970       ??_C@_1BG@GEMHBGAF@?$AA_?$AAi?$AAs?$AA_?$AAd?$AAo?$AAu?$AAb?$AAl?$AAe?$AA?$AA@ 0000000180013970     libucrt:input.obj
 0002:00001990       ??_C@_1FK@JOJELFFO@?$AA_?$AA_?$AAc?$AAr?$AAt?$AA_?$AAs?$AAt?$AAr?$AAt?$AAo?$AAx?$AA?3?$AA?3?$AAf?$AAl?$AAo?$AAa?$AAt?$AAi?$AAn?$AAg?$AA_?$AAp?$AAo?$AAi?$AAn?$AAt?$AA_?$AAv?$AAa?$AAl@ 0000000180013990     libucrt:input.obj
 0002:000019f0       ??_C@_1BI@BANMPGJI@?$AA?$CB?$AA_?$AAi?$AAs?$AA_?$AAd?$AAo?$AAu?$AAb?$AAl?$AAe?$AA?$AA@ 00000001800139f0     libucrt:input.obj
 0002:00001a10       ?constraints@?1??is_length_valid@__crt_stdio_input@@YA_NW4conversion_mode@2@W4length_modifier@2@@Z@4QAY0M@$$CBEA 0000000180013a10     libucrt:input.obj
 0002:00001a88       ?inf_uppercase@?2???$parse_floating_point_possible_infinity@DV?$input_adapter_character_source@V?$string_input_adapter@D@__crt_stdio_input@@@__crt_strtox@@_K@__crt_strtox@@YA?AW4floating_point_parse_result@1@AEADAEAV?$input_adapter_character_source@V?$string_input_adapter@D@__crt_stdio_input@@@1@_K@Z@4QBDB 0000000180013a88     libucrt:input.obj
 0002:00001a8c       ?inf_lowercase@?2???$parse_floating_point_possible_infinity@DV?$input_adapter_character_source@V?$string_input_adapter@D@__crt_stdio_input@@@__crt_strtox@@_K@__crt_strtox@@YA?AW4floating_point_parse_result@1@AEADAEAV?$input_adapter_character_source@V?$string_input_adapter@D@__crt_stdio_input@@@1@_K@Z@4QBDB 0000000180013a8c     libucrt:input.obj
 0002:00001a90       ?inity_uppercase@?5???$parse_floating_point_possible_infinity@DV?$input_adapter_character_source@V?$string_input_adapter@D@__crt_stdio_input@@@__crt_strtox@@_K@__crt_strtox@@YA?AW4floating_point_parse_result@1@AEADAEAV?$input_adapter_character_source@V?$string_input_adapter@D@__crt_stdio_input@@@1@_K@Z@4QBDB 0000000180013a90     libucrt:input.obj
 0002:00001a98       ?inity_lowercase@?5???$parse_floating_point_possible_infinity@DV?$input_adapter_character_source@V?$string_input_adapter@D@__crt_stdio_input@@@__crt_strtox@@_K@__crt_strtox@@YA?AW4floating_point_parse_result@1@AEADAEAV?$input_adapter_character_source@V?$string_input_adapter@D@__crt_stdio_input@@@1@_K@Z@4QBDB 0000000180013a98     libucrt:input.obj
 0002:00001aa0       ?uppercase@?2???$parse_floating_point_possible_nan@DV?$input_adapter_character_source@V?$string_input_adapter@D@__crt_stdio_input@@@__crt_strtox@@_K@__crt_strtox@@YA?AW4floating_point_parse_result@1@AEADAEAV?$input_adapter_character_source@V?$string_input_adapter@D@__crt_stdio_input@@@1@_K@Z@4QBDB 0000000180013aa0     libucrt:input.obj
 0002:00001aa4       ?lowercase@?2???$parse_floating_point_possible_nan@DV?$input_adapter_character_source@V?$string_input_adapter@D@__crt_stdio_input@@@__crt_strtox@@_K@__crt_strtox@@YA?AW4floating_point_parse_result@1@AEADAEAV?$input_adapter_character_source@V?$string_input_adapter@D@__crt_stdio_input@@@1@_K@Z@4QBDB 0000000180013aa4     libucrt:input.obj
 0002:00001aa8       ?uppercase@?1???$parse_floating_point_possible_nan_is_snan@DV?$input_adapter_character_source@V?$string_input_adapter@D@__crt_stdio_input@@@__crt_strtox@@@__crt_strtox@@YA_NAEADAEAV?$input_adapter_character_source@V?$string_input_adapter@D@__crt_stdio_input@@@1@@Z@4QBDB 0000000180013aa8     libucrt:input.obj
 0002:00001ab0       ?lowercase@?1???$parse_floating_point_possible_nan_is_snan@DV?$input_adapter_character_source@V?$string_input_adapter@D@__crt_stdio_input@@@__crt_strtox@@@__crt_strtox@@YA_NAEADAEAV?$input_adapter_character_source@V?$string_input_adapter@D@__crt_stdio_input@@@1@@Z@4QBDB 0000000180013ab0     libucrt:input.obj
 0002:00001ab8       ?uppercase@?1???$parse_floating_point_possible_nan_is_ind@DV?$input_adapter_character_source@V?$string_input_adapter@D@__crt_stdio_input@@@__crt_strtox@@@__crt_strtox@@YA_NAEADAEAV?$input_adapter_character_source@V?$string_input_adapter@D@__crt_stdio_input@@@1@@Z@4QBDB 0000000180013ab8     libucrt:input.obj
 0002:00001abc       ?lowercase@?1???$parse_floating_point_possible_nan_is_ind@DV?$input_adapter_character_source@V?$string_input_adapter@D@__crt_stdio_input@@@__crt_strtox@@@__crt_strtox@@YA_NAEADAEAV?$input_adapter_character_source@V?$string_input_adapter@D@__crt_stdio_input@@@1@@Z@4QBDB 0000000180013abc     libucrt:input.obj
 0002:00001ac0       __acrt_exception_action_table 0000000180013ac0     libucrt:exception_filter.obj
 0002:00001b80       __acrt_signal_action_table_count 0000000180013b80     libucrt:exception_filter.obj
 0002:00001b88       __acrt_signal_action_first_fpe_index 0000000180013b88     libucrt:exception_filter.obj
 0002:00001b90       __acrt_signal_action_fpe_count 0000000180013b90     libucrt:exception_filter.obj
 0002:00001b98       ??_C@_1BI@BGOHAHKC@?$AAm?$AAs?$AAc?$AAo?$AAr?$AAe?$AAe?$AA?4?$AAd?$AAl?$AAl?$AA?$AA@ 0000000180013b98     libucrt:exit.obj
 0002:00001bb0       ??_C@_0P@MIGLKIOC@CorExitProcess?$AA@ 0000000180013bb0     libucrt:exit.obj
 0002:00001e20       __newctype                 0000000180013e20     libucrt:ctype.obj
 0002:00002120       __newclmap                 0000000180014120     libucrt:ctype.obj
 0002:000022a0       __newcumap                 00000001800142a0     libucrt:ctype.obj
 0002:00002420       __lc_time_c                0000000180014420     libucrt:nlsdata.obj
 0002:000026e0       ??_C@_03KOEHGMDN@Sun?$AA@  00000001800146e0     libucrt:nlsdata.obj
 0002:000026e4       ??_C@_03PDAGKDH@Mon?$AA@   00000001800146e4     libucrt:nlsdata.obj
 0002:000026e8       ??_C@_03NAGEINEP@Tue?$AA@  00000001800146e8     libucrt:nlsdata.obj
 0002:000026ec       ??_C@_03MHOMLAJA@Wed?$AA@  00000001800146ec     libucrt:nlsdata.obj
 0002:000026f0       ??_C@_03IOFIKPDN@Thu?$AA@  00000001800146f0     libucrt:nlsdata.obj
 0002:000026f4       ??_C@_03IDIOELNC@Fri?$AA@  00000001800146f4     libucrt:nlsdata.obj
 0002:000026f8       ??_C@_03FEFJNEK@Sat?$AA@   00000001800146f8     libucrt:nlsdata.obj
 0002:000026fc       ??_C@_06OOPIFAJ@Sunday?$AA@ 00000001800146fc     libucrt:nlsdata.obj
 0002:00002704       ??_C@_06JLEDEDGH@Monday?$AA@ 0000000180014704     libucrt:nlsdata.obj
 0002:00002710       ??_C@_07BAAGCFCM@Tuesday?$AA@ 0000000180014710     libucrt:nlsdata.obj
 0002:00002718       ??_C@_09DLIGFAKA@Wednesday?$AA@ 0000000180014718     libucrt:nlsdata.obj
 0002:00002728       ??_C@_08HACCIKIA@Thursday?$AA@ 0000000180014728     libucrt:nlsdata.obj
 0002:00002734       ??_C@_06JECMNKMI@Friday?$AA@ 0000000180014734     libucrt:nlsdata.obj
 0002:00002740       ??_C@_08INBOOONO@Saturday?$AA@ 0000000180014740     libucrt:nlsdata.obj
 0002:0000274c       ??_C@_03JIHJHPIE@Jan?$AA@  000000018001474c     libucrt:nlsdata.obj
 0002:00002750       ??_C@_03HJBDCHOM@Feb?$AA@  0000000180014750     libucrt:nlsdata.obj
 0002:00002754       ??_C@_03ODNJBKGA@Mar?$AA@  0000000180014754     libucrt:nlsdata.obj
 0002:00002758       ??_C@_03LEOLGMJP@Apr?$AA@  0000000180014758     libucrt:nlsdata.obj
 0002:0000275c       ??_C@_03CNMDKL@May?$AA@    000000018001475c     libucrt:nlsdata.obj
 0002:00002760       ??_C@_03IDFGHECI@Jun?$AA@  0000000180014760     libucrt:nlsdata.obj
 0002:00002764       ??_C@_03LBGABGKK@Jul?$AA@  0000000180014764     libucrt:nlsdata.obj
 0002:00002768       ??_C@_03IFJFEIGA@Aug?$AA@  0000000180014768     libucrt:nlsdata.obj
 0002:0000276c       ??_C@_03GGCAPAJC@Sep?$AA@  000000018001476c     libucrt:nlsdata.obj
 0002:00002770       ??_C@_03BMAOKBAD@Oct?$AA@  0000000180014770     libucrt:nlsdata.obj
 0002:00002774       ??_C@_03JPJOFNIA@Nov?$AA@  0000000180014774     libucrt:nlsdata.obj
 0002:00002778       ??_C@_03MKABNOCG@Dec?$AA@  0000000180014778     libucrt:nlsdata.obj
 0002:00002780       ??_C@_07CGJPFGJA@January?$AA@ 0000000180014780     libucrt:nlsdata.obj
 0002:00002788       ??_C@_08GNJGEPFN@February?$AA@ 0000000180014788     libucrt:nlsdata.obj
 0002:00002794       ??_C@_05HPCKOFNC@March?$AA@ 0000000180014794     libucrt:nlsdata.obj
 0002:0000279c       ??_C@_05DMJDNLEJ@April?$AA@ 000000018001479c     libucrt:nlsdata.obj
 0002:000027a4       ??_C@_04CNLMGBGM@June?$AA@ 00000001800147a4     libucrt:nlsdata.obj
 0002:000027ac       ??_C@_04MIEPOIFP@July?$AA@ 00000001800147ac     libucrt:nlsdata.obj
 0002:000027b4       ??_C@_06LBBHFDDG@August?$AA@ 00000001800147b4     libucrt:nlsdata.obj
 0002:000027c0       ??_C@_09BHHEALKD@September?$AA@ 00000001800147c0     libucrt:nlsdata.obj
 0002:000027d0       ??_C@_07JJNFCEND@October?$AA@ 00000001800147d0     libucrt:nlsdata.obj
 0002:000027d8       ??_C@_08HCHEGEOA@November?$AA@ 00000001800147d8     libucrt:nlsdata.obj
 0002:000027e8       ??_C@_08EDHMEBNP@December?$AA@ 00000001800147e8     libucrt:nlsdata.obj
 0002:000027f4       ??_C@_02DEDBPAFC@AM?$AA@   00000001800147f4     libucrt:nlsdata.obj
 0002:000027f8       ??_C@_02CJNFDJBF@PM?$AA@   00000001800147f8     libucrt:nlsdata.obj
 0002:00002800       ??_C@_08BPBNCDIB@MM?1dd?1yy?$AA@ 0000000180014800     libucrt:nlsdata.obj
 0002:00002810       ??_C@_0BE@CKGJFCPC@dddd?0?5MMMM?5dd?0?5yyyy?$AA@ 0000000180014810     libucrt:nlsdata.obj
 0002:00002828       ??_C@_08JCCMCCIL@HH?3mm?3ss?$AA@ 0000000180014828     libucrt:nlsdata.obj
 0002:00002838       ??_C@_17MBGCMIPB@?$AAS?$AAu?$AAn?$AA?$AA@ 0000000180014838     libucrt:nlsdata.obj
 0002:00002840       ??_C@_17KBOMKBF@?$AAM?$AAo?$AAn?$AA?$AA@ 0000000180014840     libucrt:nlsdata.obj
 0002:00002848       ??_C@_17BMKGEGOJ@?$AAT?$AAu?$AAe?$AA?$AA@ 0000000180014848     libucrt:nlsdata.obj
 0002:00002850       ??_C@_17CJEDCEPE@?$AAW?$AAe?$AAd?$AA?$AA@ 0000000180014850     libucrt:nlsdata.obj
 0002:00002858       ??_C@_17PDPHAADD@?$AAT?$AAh?$AAu?$AA?$AA@ 0000000180014858     libucrt:nlsdata.obj
 0002:00002860       ??_C@_17HFOLPPLP@?$AAF?$AAr?$AAi?$AA?$AA@ 0000000180014860     libucrt:nlsdata.obj
 0002:00002868       ??_C@_17GGIBDPIH@?$AAS?$AAa?$AAt?$AA?$AA@ 0000000180014868     libucrt:nlsdata.obj
 0002:00002870       ??_C@_1O@IHNHDHPB@?$AAS?$AAu?$AAn?$AAd?$AAa?$AAy?$AA?$AA@ 0000000180014870     libucrt:nlsdata.obj
 0002:00002880       ??_C@_1O@MMNBFLIA@?$AAM?$AAo?$AAn?$AAd?$AAa?$AAy?$AA?$AA@ 0000000180014880     libucrt:nlsdata.obj
 0002:00002890       ??_C@_1BA@ENFBFFEK@?$AAT?$AAu?$AAe?$AAs?$AAd?$AAa?$AAy?$AA?$AA@ 0000000180014890     libucrt:nlsdata.obj
 0002:000028a0       ??_C@_1BE@EBOGMDOH@?$AAW?$AAe?$AAd?$AAn?$AAe?$AAs?$AAd?$AAa?$AAy?$AA?$AA@ 00000001800148a0     libucrt:nlsdata.obj
 0002:000028b8       ??_C@_1BC@HHMNLIHE@?$AAT?$AAh?$AAu?$AAr?$AAs?$AAd?$AAa?$AAy?$AA?$AA@ 00000001800148b8     libucrt:nlsdata.obj
 0002:000028d0       ??_C@_1O@PDICJHAG@?$AAF?$AAr?$AAi?$AAd?$AAa?$AAy?$AA?$AA@ 00000001800148d0     libucrt:nlsdata.obj
 0002:000028e0       ??_C@_1BC@ENMNNPAJ@?$AAS?$AAa?$AAt?$AAu?$AAr?$AAd?$AAa?$AAy?$AA?$AA@ 00000001800148e0     libucrt:nlsdata.obj
 0002:000028f8       ??_C@_17DKNBKCHM@?$AAJ?$AAa?$AAn?$AA?$AA@ 00000001800148f8     libucrt:nlsdata.obj
 0002:00002900       ??_C@_17LMDJEKJN@?$AAF?$AAe?$AAb?$AA?$AA@ 0000000180014900     libucrt:nlsdata.obj
 0002:00002908       ??_C@_17CKNLEDEC@?$AAM?$AAa?$AAr?$AA?$AA@ 0000000180014908     libucrt:nlsdata.obj
 0002:00002910       ??_C@_17LFPOIHDD@?$AAA?$AAp?$AAr?$AA?$AA@ 0000000180014910     libucrt:nlsdata.obj
 0002:00002918       ??_C@_17PNNKMEED@?$AAM?$AAa?$AAy?$AA?$AA@ 0000000180014918     libucrt:nlsdata.obj
 0002:00002920       ??_C@_17KCJGOCPB@?$AAJ?$AAu?$AAn?$AA?$AA@ 0000000180014920     libucrt:nlsdata.obj
 0002:00002928       ??_C@_17IJPCKHK@?$AAJ?$AAu?$AAl?$AA?$AA@ 0000000180014928     libucrt:nlsdata.obj
 0002:00002930       ??_C@_17ICPELBCN@?$AAA?$AAu?$AAg?$AA?$AA@ 0000000180014930     libucrt:nlsdata.obj
 0002:00002938       ??_C@_17HCHCOKMG@?$AAS?$AAe?$AAp?$AA?$AA@ 0000000180014938     libucrt:nlsdata.obj
 0002:00002940       ??_C@_17FNLKOI@?$AAO?$AAc?$AAt?$AA?$AA@ 0000000180014940     libucrt:nlsdata.obj
 0002:00002948       ??_C@_17BBDMLCIG@?$AAN?$AAo?$AAv?$AA?$AA@ 0000000180014948     libucrt:nlsdata.obj
 0002:00002950       ??_C@_17EGKACKIF@?$AAD?$AAe?$AAc?$AA?$AA@ 0000000180014950     libucrt:nlsdata.obj
 0002:00002958       ??_C@_1BA@EFMEIEBA@?$AAJ?$AAa?$AAn?$AAu?$AAa?$AAr?$AAy?$AA?$AA@ 0000000180014958     libucrt:nlsdata.obj
 0002:00002968       ??_C@_1BC@JGDDFFAM@?$AAF?$AAe?$AAb?$AAr?$AAu?$AAa?$AAr?$AAy?$AA?$AA@ 0000000180014968     libucrt:nlsdata.obj
 0002:00002980       ??_C@_1M@IKEENEDF@?$AAM?$AAa?$AAr?$AAc?$AAh?$AA?$AA@ 0000000180014980     libucrt:nlsdata.obj
 0002:00002990       ??_C@_1M@GJNLMHFD@?$AAA?$AAp?$AAr?$AAi?$AAl?$AA?$AA@ 0000000180014990     libucrt:nlsdata.obj
 0002:000029a0       ??_C@_19EPFLPGAP@?$AAJ?$AAu?$AAn?$AAe?$AA?$AA@ 00000001800149a0     libucrt:nlsdata.obj
 0002:000029b0       ??_C@_19BIFMLPCD@?$AAJ?$AAu?$AAl?$AAy?$AA?$AA@ 00000001800149b0     libucrt:nlsdata.obj
 0002:000029c0       ??_C@_1O@PAHLKOAC@?$AAA?$AAu?$AAg?$AAu?$AAs?$AAt?$AA?$AA@ 00000001800149c0     libucrt:nlsdata.obj
 0002:000029d0       ??_C@_1BE@DKAAMBJL@?$AAS?$AAe?$AAp?$AAt?$AAe?$AAm?$AAb?$AAe?$AAr?$AA?$AA@ 00000001800149d0     libucrt:nlsdata.obj
 0002:000029e8       ??_C@_1BA@EPANDLNG@?$AAO?$AAc?$AAt?$AAo?$AAb?$AAe?$AAr?$AA?$AA@ 00000001800149e8     libucrt:nlsdata.obj
 0002:000029f8       ??_C@_1BC@BGLIFPF@?$AAN?$AAo?$AAv?$AAe?$AAm?$AAb?$AAe?$AAr?$AA?$AA@ 00000001800149f8     libucrt:nlsdata.obj
 0002:00002a10       ??_C@_1BC@FEMKIFH@?$AAD?$AAe?$AAc?$AAe?$AAm?$AAb?$AAe?$AAr?$AA?$AA@ 0000000180014a10     libucrt:nlsdata.obj
 0002:00002a24       ??_C@_15ODEHAHHF@?$AAA?$AAM?$AA?$AA@ 0000000180014a24     libucrt:nlsdata.obj
 0002:00002a2c       ??_C@_15CLMNNGEL@?$AAP?$AAM?$AA?$AA@ 0000000180014a2c     libucrt:nlsdata.obj
 0002:00002a38       ??_C@_1BC@IEBCMHCM@?$AAM?$AAM?$AA?1?$AAd?$AAd?$AA?1?$AAy?$AAy?$AA?$AA@ 0000000180014a38     libucrt:nlsdata.obj
 0002:00002a50       ??_C@_1CI@KNAKOEBC@?$AAd?$AAd?$AAd?$AAd?$AA?0?$AA?5?$AAM?$AAM?$AAM?$AAM?$AA?5?$AAd?$AAd?$AA?0?$AA?5?$AAy?$AAy?$AAy?$AAy?$AA?$AA@ 0000000180014a50     libucrt:nlsdata.obj
 0002:00002a78       ??_C@_1BC@GDGBMEMK@?$AAH?$AAH?$AA?3?$AAm?$AAm?$AA?3?$AAs?$AAs?$AA?$AA@ 0000000180014a78     libucrt:nlsdata.obj
 0002:00002a90       ??_C@_1M@BMHNFIME@?$AAe?$AAn?$AA?9?$AAU?$AAS?$AA?$AA@ 0000000180014a90     libucrt:nlsdata.obj
 0002:00002b40       ??_C@_1EG@CNNIPFIM@?$AAa?$AAp?$AAi?$AA?9?$AAm?$AAs?$AA?9?$AAw?$AAi?$AAn?$AA?9?$AAa?$AAp?$AAp?$AAm?$AAo?$AAd?$AAe?$AAl?$AA?9?$AAr?$AAu?$AAn?$AAt?$AAi?$AAm?$AAe?$AA?9?$AAl?$AA1?$AA?9?$AA1@ 0000000180014b40     libucrt:winapi_thunks.obj
 0002:00002b90       ??_C@_1EA@JGEFHKEI@?$AAa?$AAp?$AAi?$AA?9?$AAm?$AAs?$AA?9?$AAw?$AAi?$AAn?$AA?9?$AAc?$AAo?$AAr?$AAe?$AA?9?$AAd?$AAa?$AAt?$AAe?$AAt?$AAi?$AAm?$AAe?$AA?9?$AAl?$AA1?$AA?9?$AA1?$AA?9?$AA1?$AA?$AA@ 0000000180014b90     libucrt:winapi_thunks.obj
 0002:00002bd0       ??_C@_1DI@GCIAAENM@?$AAa?$AAp?$AAi?$AA?9?$AAm?$AAs?$AA?9?$AAw?$AAi?$AAn?$AA?9?$AAc?$AAo?$AAr?$AAe?$AA?9?$AAf?$AAi?$AAl?$AAe?$AA?9?$AAl?$AA2?$AA?9?$AA1?$AA?9?$AA1?$AA?$AA@ 0000000180014bd0     libucrt:winapi_thunks.obj
 0002:00002c10       ??_C@_1EI@MPIAOHOC@?$AAa?$AAp?$AAi?$AA?9?$AAm?$AAs?$AA?9?$AAw?$AAi?$AAn?$AA?9?$AAc?$AAo?$AAr?$AAe?$AA?9?$AAl?$AAo?$AAc?$AAa?$AAl?$AAi?$AAz?$AAa?$AAt?$AAi?$AAo?$AAn?$AA?9?$AAl?$AA1?$AA?9@ 0000000180014c10     libucrt:winapi_thunks.obj
 0002:00002c60       ??_C@_1FK@FPHCKFIE@?$AAa?$AAp?$AAi?$AA?9?$AAm?$AAs?$AA?9?$AAw?$AAi?$AAn?$AA?9?$AAc?$AAo?$AAr?$AAe?$AA?9?$AAl?$AAo?$AAc?$AAa?$AAl?$AAi?$AAz?$AAa?$AAt?$AAi?$AAo?$AAn?$AA?9?$AAo?$AAb?$AAs@ 0000000180014c60     libucrt:winapi_thunks.obj
 0002:00002cc0       ??_C@_1EM@DILCGIIO@?$AAa?$AAp?$AAi?$AA?9?$AAm?$AAs?$AA?9?$AAw?$AAi?$AAn?$AA?9?$AAc?$AAo?$AAr?$AAe?$AA?9?$AAp?$AAr?$AAo?$AAc?$AAe?$AAs?$AAs?$AAt?$AAh?$AAr?$AAe?$AAa?$AAd?$AAs?$AA?9?$AAl@ 0000000180014cc0     libucrt:winapi_thunks.obj
 0002:00002d10       ??_C@_1DM@LNCGDDPN@?$AAa?$AAp?$AAi?$AA?9?$AAm?$AAs?$AA?9?$AAw?$AAi?$AAn?$AA?9?$AAc?$AAo?$AAr?$AAe?$AA?9?$AAs?$AAt?$AAr?$AAi?$AAn?$AAg?$AA?9?$AAl?$AA1?$AA?9?$AA1?$AA?9?$AA0?$AA?$AA@ 0000000180014d10     libucrt:winapi_thunks.obj
 0002:00002d50       ??_C@_1DO@FPAPJEMD@?$AAa?$AAp?$AAi?$AA?9?$AAm?$AAs?$AA?9?$AAw?$AAi?$AAn?$AA?9?$AAc?$AAo?$AAr?$AAe?$AA?9?$AAs?$AAy?$AAs?$AAi?$AAn?$AAf?$AAo?$AA?9?$AAl?$AA1?$AA?9?$AA2?$AA?9?$AA1?$AA?$AA@ 0000000180014d50     libucrt:winapi_thunks.obj
[...]
 0004:00000960       $pdata$?try_get_function@@YAPEAXW4function_id@?A0x63058377@@QEBDQEBW4module_id@2@2@Z 000000018001e960     libucrt:winapi_thunks.obj
 0004:0000096c       $pdata$__acrt_FlsAlloc     000000018001e96c     libucrt:winapi_thunks.obj
 0004:00000978       $pdata$__acrt_FlsFree      000000018001e978     libucrt:winapi_thunks.obj
 0004:00000984       $pdata$__acrt_FlsGetValue  000000018001e984     libucrt:winapi_thunks.obj
 0004:00000990       $pdata$__acrt_FlsSetValue  000000018001e990     libucrt:winapi_thunks.obj
 0004:0000099c       $pdata$__acrt_InitializeCriticalSectionEx 000000018001e99c     libucrt:winapi_thunks.obj
 0004:000009a8       $pdata$__acrt_LCMapStringEx 000000018001e9a8     libucrt:winapi_thunks.obj
 0004:000009b4       $pdata$__acrt_LocaleNameToLCID 000000018001e9b4     libucrt:winapi_thunks.obj
 0004:000009c0       $pdata$__acrt_initialize_winapi_thunks 000000018001e9c0     libucrt:winapi_thunks.obj
 0004:000009cc       $pdata$__acrt_is_packaged_app 000000018001e9cc     libucrt:winapi_thunks.obj
 0004:000009d8       $pdata$__acrt_uninitialize_winapi_thunks 000000018001e9d8     libucrt:winapi_thunks.obj
 0004:000009e4       $pdata$??$common_expand_argv_wildcards@D@@YAHQEAPEADQEAPEAPEAD@Z 000000018001e9e4     libucrt:argv_wildcards.obj
 0004:000009f0       $pdata$??$copy_and_add_argument_to_buffer@D@@YAHQEBD0_KAEAV?$argument_list@D@?A0xca0879c4@@@Z 000000018001e9f0     libucrt:argv_wildcards.obj
 0004:000009fc       $pdata$??$expand_argument_wildcards@D@@YAHQEAD0AEAV?$argument_list@D@?A0xca0879c4@@@Z 000000018001e9fc     libucrt:argv_wildcards.obj
 0004:00000a08       $pdata$?expand_if_necessary@?$argument_list@D@?A0xca0879c4@@AEAAHXZ 000000018001ea08     libucrt:argv_wildcards.obj
 0004:00000a14       $pdata$??$?RV<lambda_99476a1ad63dd22509b5d3e65b0ffc95>@@AEAV<lambda_ad1ced32f4ac17aa236e5ef05d6b3b7c>@@V<lambda_f7424dd8d45958661754dc4f2697e9c3>@@@?$__crt_seh_guarded_call@X@@QEAAX$$QEAV<lambda_99476a1ad63dd22509b5d3e65b0ffc95>@@AEAV<lambda_ad1ced32f4ac17aa236e5ef05d6b3b7c>@@$$QEAV<lambda_f7424dd8d45958661754dc4f2697e9c3>@@@Z 000000018001ea14     libucrt:mbctype.obj
 0004:00000a20       $pdata$??R<lambda_ad1ced32f4ac17aa236e5ef05d6b3b7c>@@QEBAXXZ 000000018001ea20     libucrt:mbctype.obj
 0004:00000a2c       $pdata$?getSystemCP@@YAHH@Z 000000018001ea2c     libucrt:mbctype.obj
 0004:00000a38       $pdata$?setSBCS@@YAXPEAU__crt_multibyte_data@@@Z 000000018001ea38     libucrt:mbctype.obj
 0004:00000a44       $pdata$?setSBUpLow@@YAXPEAU__crt_multibyte_data@@@Z 000000018001ea44     libucrt:mbctype.obj
 0004:00000a50       $pdata$?setmbcp_internal@@YAHH_N@Z 000000018001ea50     libucrt:mbctype.obj
 0004:00000a5c       $pdata$__acrt_initialize_multibyte 000000018001ea5c     libucrt:mbctype.obj
 0004:00000a68       $pdata$__acrt_update_thread_multibyte_data 000000018001ea68     libucrt:mbctype.obj
 0004:00000a74       $pdata$_setmbcp_nolock     000000018001ea74     libucrt:mbctype.obj
 0004:00000a80       $pdata$?x_ismbbtype_l@@YAHPEAU__crt_locale_pointers@@IHH@Z 000000018001ea80     libucrt:ismbbyte.obj
 0004:00000a8c       $pdata$__acrt_initialize_command_line 000000018001ea8c     libucrt:argv_data.obj
 0004:00000a98       $pdata$__dcrt_get_narrow_environment_from_os 000000018001ea98     libucrt:get_environment_from_os.obj
 0004:00000aa4       $pdata$_recalloc_base      000000018001eaa4     libucrt:recalloc.obj
 0004:00000ab0       $pdata$__acrt_initialize_heap 000000018001eab0     libucrt:heap_handle.obj
 0004:00000abc       $pdata$__acrt_execute_initializers 000000018001eabc     libucrt:shared_initialization.obj
 0004:00000ac8       $pdata$__acrt_execute_uninitializers 000000018001eac8     libucrt:shared_initialization.obj
 0004:00000ad4       $pdata$_callnewh           000000018001ead4     libucrt:new_handler.obj
 0004:00000ae0       $pdata$_query_new_handler  000000018001eae0     libucrt:new_handler.obj
 0004:00000aec       $pdata$??$?RV<lambda_c36588078e9f5dfd39652860aa6b3aaf>@@AEAV<lambda_ec61778202f4f5fc7e7711acc23c3bca>@@V<lambda_dc9d2797ccde5d239b4a0efae8ebd7db>@@@?$__crt_seh_guarded_call@P6AXH@Z@@QEAAP6AXH@Z$$QEAV<lambda_c36588078e9f5dfd39652860aa6b3aaf>@@AEAV<lambda_ec61778202f4f5fc7e7711acc23c3bca>@@$$QEAV<lambda_dc9d2797ccde5d239b4a0efae8ebd7db>@@@Z 000000018001eaec     libucrt:signal.obj
 0004:00000af8       $pdata$__acrt_get_sigabrt_handler 000000018001eaf8     libucrt:signal.obj
 0004:00000b04       $pdata$raise               000000018001eb04     libucrt:signal.obj
 0004:00000b10       $pdata$__acrt_invoke_user_matherr 000000018001eb10     libucrt:matherr.obj
 0004:00000b1c       $pdata$_isleadbyte_l       000000018001eb1c     libucrt:_wctype.obj
 0004:00000b28       $pdata$__acrt_GetStringTypeA 000000018001eb28     libucrt:getstringtypea.obj
 0004:00000b34       $pdata$__acrt_free_locale  000000018001eb34     libucrt:locale_refcounting.obj
 0004:00000b40       $pdata$__acrt_locale_free_lc_time_if_unreferenced 000000018001eb40     libucrt:locale_refcounting.obj
 0004:00000b4c       $pdata$__acrt_release_locale_ref 000000018001eb4c     libucrt:locale_refcounting.obj
 0004:00000b58       $pdata$__acrt_update_thread_locale_data 000000018001eb58     libucrt:locale_refcounting.obj
 0004:00000b64       $pdata$_updatetlocinfoEx_nolock 000000018001eb64     libucrt:locale_refcounting.obj
 0004:00000b70       $pdata$__acrt_locale_free_monetary 000000018001eb70     libucrt:initmon.obj
 0004:00000b7c       $pdata$__acrt_locale_free_numeric 000000018001eb7c     libucrt:initnum.obj
 0004:00000b88       $pdata$?free_crt_array_internal@@YAXQEAPEBX_K@Z 000000018001eb88     libucrt:inittime.obj
 0004:00000b94       $pdata$__acrt_locale_free_time 000000018001eb94     libucrt:inittime.obj
 0004:00000ba0       $pdata$_fcloseall          000000018001eba0     libucrt:closeall.obj
 0004:00000bac       $pdata$__acrt_stdio_flush_nolock 000000018001ebac     libucrt:fflush.obj
 0004:00000bb8       $pdata$_fflush_nolock      000000018001ebb8     libucrt:fflush.obj
 0004:00000bc4       $pdata$common_flush_all    000000018001ebc4     libucrt:fflush.obj
 0004:00000bd0       $pdata$__acrt_stdio_free_buffer_nolock 000000018001ebd0     libucrt:_freebuf.obj
 0004:00000bdc       $pdata$_getfpcontrolword   000000018001ebdc     libucrt:_fenvutils.obj
 0004:00000be8       $pdata$__acrt_lowio_create_handle_array 000000018001ebe8     libucrt:osfinfo.obj
 0004:00000bf4       $pdata$__acrt_lowio_destroy_handle_array 000000018001ebf4     libucrt:osfinfo.obj
 0004:00000c00       $pdata$__acrt_lowio_ensure_fh_exists 000000018001ec00     libucrt:osfinfo.obj
 0004:00000c0c       $pdata$_free_osfhnd        000000018001ec0c     libucrt:osfinfo.obj
 0004:00000c18       $pdata$_get_osfhandle      000000018001ec18     libucrt:osfinfo.obj
 0004:00000c24       $pdata$?GetTableIndexFromLocaleName@@YAHPEB_W@Z 000000018001ec24     libucrt:lcidtoname_downlevel.obj
 0004:00000c30       $pdata$__acrt_DownlevelLocaleNameToLCID 000000018001ec30     libucrt:lcidtoname_downlevel.obj
 0004:00000c3c       $pdata$?shortsort@@YAXPEAD0_KP6AHPEBX2@Z@Z 000000018001ec3c     libucrt:qsort.obj
 0004:00000c48       $pdata$2$?shortsort@@YAXPEAD0_KP6AHPEBX2@Z@Z 000000018001ec48     libucrt:qsort.obj
 0004:00000c54       $pdata$3$?shortsort@@YAXPEAD0_KP6AHPEBX2@Z@Z 000000018001ec54     libucrt:qsort.obj
 0004:00000c60       $pdata$qsort               000000018001ec60     libucrt:qsort.obj
 0004:00000c6c       $pdata$4$qsort             000000018001ec6c     libucrt:qsort.obj
 0004:00000c78       $pdata$5$qsort             000000018001ec78     libucrt:qsort.obj
 0004:00000c84       $pdata$strpbrk             000000018001ec84     libucrt:strpbrk.obj
 0004:00000c90       $pdata$_mbsdec_l           000000018001ec90     libucrt:mbsdec.obj
 0004:00000c9c       $pdata$?initialize_multibyte@@YAHXZ 000000018001ec9c     libucrt:multibyte_initializer.obj
 0004:00000ca8       $pdata$?__acrt_LCMapStringA_stat@@YAHPEAU__crt_locale_pointers@@PEB_WKPEBDHPEADHHH@Z 000000018001eca8     libucrt:lcmapstringa.obj
 0004:00000cb4       $pdata$__acrt_LCMapStringA 000000018001ecb4     libucrt:lcmapstringa.obj
 0004:00000cc0       $pdata$_msize              000000018001ecc0     libucrt:msize.obj
 0004:00000ccc       $pdata$_realloc_base       000000018001eccc     libucrt:realloc_base.obj
 0004:00000cd8       $pdata$_isatty             000000018001ecd8     libucrt:isatty.obj
 0004:00000ce4       $pdata$_fclose_nolock      000000018001ece4     libucrt:fclose.obj
 0004:00000cf0       $pdata$fclose              000000018001ecf0     libucrt:fclose.obj
 0004:00000cfc       $pdata$??$?RV<lambda_b521505b218e5242e90febf6bfebc422>@@AEAV<lambda_6978c1fb23f02e42e1d9e99668cc68aa>@@V<lambda_314360699dd331753a4119843814e9a7>@@@?$__crt_seh_guarded_call@H@@QEAAH$$QEAV<lambda_b521505b218e5242e90febf6bfebc422>@@AEAV<lambda_6978c1fb23f02e42e1d9e99668cc68aa>@@$$QEAV<lambda_314360699dd331753a4119843814e9a7>@@@Z 000000018001ecfc     libucrt:commit.obj
 0004:00000d08       $pdata$_commit             000000018001ed08     libucrt:commit.obj
 0004:00000d14       $pdata$?write_double_translated_ansi_nolock@@YA?AUwrite_result@?A0x9c548279@@HQEBDI@Z 000000018001ed14     libucrt:write.obj
 0004:00000d20       $pdata$?write_text_ansi_nolock@@YA?AUwrite_result@?A0x9c548279@@HQEBDI@Z 000000018001ed20     libucrt:write.obj
 0004:00000d2c       $pdata$?write_text_utf16le_nolock@@YA?AUwrite_result@?A0x9c548279@@HQEBDI@Z 000000018001ed2c     libucrt:write.obj
 0004:00000d38       $pdata$?write_text_utf8_nolock@@YA?AUwrite_result@?A0x9c548279@@HQEBDI@Z 000000018001ed38     libucrt:write.obj
 0004:00000d44       $pdata$_write              000000018001ed44     libucrt:write.obj
 0004:00000d50       $pdata$_write_nolock       000000018001ed50     libucrt:write.obj
 0004:00000d5c       $pdata$common_control87    000000018001ed5c     libucrt:ieee.obj
 0004:00000d80       $pdata$??$common_lseek_nolock@_J@@YA_JH_JH@Z 000000018001ed80     libucrt:lseek.obj
 0004:00000d8c       $pdata$??$?RV<lambda_bfedae4ebbf01fab1bb6dcc6a9e276e0>@@AEAV<lambda_2fe9b910cf3cbf4a0ab98a02ba45b3ec>@@V<lambda_237c231691f317818eb88cc1d5d642d6>@@@?$__crt_seh_guarded_call@H@@QEAAH$$QEAV<lambda_bfedae4ebbf01fab1bb6dcc6a9e276e0>@@AEAV<lambda_2fe9b910cf3cbf4a0ab98a02ba45b3ec>@@$$QEAV<lambda_237c231691f317818eb88cc1d5d642d6>@@@Z 000000018001ed8c     libucrt:close.obj
 0004:00000d98       $pdata$_close              000000018001ed98     libucrt:close.obj
 0004:00000da4       $pdata$_close_nolock       000000018001eda4     libucrt:close.obj
 0004:00000db0       $pdata$_putwch_nolock      000000018001edb0     libucrt:putwch.obj
 0004:00000dbc       $pdata$_call_matherr       000000018001edbc     libucrt:libm_error.obj
 0004:00000dc8       $pdata$_exception_enabled  000000018001edc8     libucrt:libm_error.obj
 0004:00000dd4       $pdata$_handle_error       000000018001edd4     libucrt:libm_error.obj
 0004:00000de0       $pdata$__acrt_initialize_fma3 000000018001ede0     libucrt:fma3_available.obj
 0004:00000dec       $pdata$_log10_special      000000018001edec     libucrt:log_special.obj
 0004:00000df8       $pdata$_log_special_common 000000018001edf8     libucrt:log_special.obj
 0004:00000e04       $pdata$__dcrt_lowio_initialize_console_output 000000018001ee04     libucrt:initcon.obj
 0004:00000e10       $pdata$__dcrt_terminate_console_output 000000018001ee10     libucrt:initcon.obj
 0004:00000e1c       $pdata$_raise_exc          000000018001ee1c     libucrt:fpexcept.obj
 0004:00000e28       $pdata$_raise_exc_ex       000000018001ee28     libucrt:fpexcept.obj
 0004:00000e34       $pdata$_set_errno_from_matherr 000000018001ee34     libucrt:fpexcept.obj
 0004:00000e40       $pdata$_clrfp              000000018001ee40     libucrt:fpctrl.obj
 0004:00000e4c       $pdata$_ctrlfp             000000018001ee4c     libucrt:fpctrl.obj
 0004:00000e58       $pdata$_set_statfp         000000018001ee58     libucrt:fpctrl.obj
 0004:00000e64       $pdata$_statfp             000000018001ee64     libucrt:fpctrl.obj
 0004:00000e70       $pdata$_IsNonwritableInCurrentImage 000000018001ee70     LIBCMT:pesect.obj
 0004:00000e94       $pdata$?fin$0@?0??dllmain_crt_process_attach@@YAHQEAUHINSTANCE__@@QEAX@Z@4HA 000000018001ee94     LIBCMT:dll_dllmain.obj
 0004:00000ea0       $pdata$?fin$0@?0??dllmain_crt_process_detach@@YAH_N@Z@4HA 000000018001eea0     LIBCMT:dll_dllmain.obj
 0004:00000eac       $pdata$?filt$0@?0??dllmain_dispatch@@YAHQEAUHINSTANCE__@@KQEAX@Z@4HA 000000018001eeac     LIBCMT:dll_dllmain.obj
 0004:00000eb8       $pdata$__scrt_is_nonwritable_in_current_image$filt$0 000000018001eeb8     LIBCMT:utility.obj
 0004:00000ec4       $pdata$?filt$0@?0??common_exit@@YAXHW4_crt_exit_cleanup_mode@@W4_crt_exit_return_mode@@@Z@4HA 000000018001eec4     libucrt:exit.obj
 0004:00000ed0       $pdata$?fin$1@?0??common_exit@@YAXHW4_crt_exit_cleanup_mode@@W4_crt_exit_return_mode@@@Z@4HA 000000018001eed0     libucrt:exit.obj
 0004:00000edc       $pdata$?fin$0@?0???$?RV<lambda_e24bbb7b643b32fcea6fa61b31d4c984>@@AEAV<lambda_275893d493268fdec8709772e3fcec0e>@@V<lambda_9d71df4d7cf3f480f8d633942495c3b0>@@@?$__crt_seh_guarded_call@H@@QEAAH$$QEAV<lambda_e24bbb7b643b32fcea6fa61b31d4c984>@@AEAV<lambda_275893d493268fdec8709772e3fcec0e>@@$$QEAV<lambda_9d71df4d7cf3f480f8d633942495c3b0>@@@Z@4HA 000000018001eedc     libucrt:onexit.obj
 0004:00000ee8       $pdata$__acrt_update_thread_multibyte_data$fin$0 000000018001eee8     libucrt:mbctype.obj
 0004:00000ef4       $pdata$_query_new_handler$fin$0 000000018001eef4     libucrt:new_handler.obj
 0004:00000f00       $pdata$?fin$0@?0???$?RV<lambda_5e887d1dcbef67a5eb4283622ba103bf>@@AEAV<lambda_4466841279450cc726390878d4a41900>@@V<lambda_341c25c0346d94847f1f3c463c57e077>@@@?$__crt_seh_guarded_call@X@@QEAAX$$QEAV<lambda_5e887d1dcbef67a5eb4283622ba103bf>@@AEAV<lambda_4466841279450cc726390878d4a41900>@@$$QEAV<lambda_341c25c0346d94847f1f3c463c57e077>@@@Z@4HA 000000018001ef00     libucrt:per_thread_data.obj
 0004:00000f00       $pdata$?fin$0@?0???$?RV<lambda_99476a1ad63dd22509b5d3e65b0ffc95>@@AEAV<lambda_ad1ced32f4ac17aa236e5ef05d6b3b7c>@@V<lambda_f7424dd8d45958661754dc4f2697e9c3>@@@?$__crt_seh_guarded_call@X@@QEAAX$$QEAV<lambda_99476a1ad63dd22509b5d3e65b0ffc95>@@AEAV<lambda_ad1ced32f4ac17aa236e5ef05d6b3b7c>@@$$QEAV<lambda_f7424dd8d45958661754dc4f2697e9c3>@@@Z@4HA 000000018001ef00     libucrt:mbctype.obj
 0004:00000f00       $pdata$?fin$0@?0???$?RV<lambda_c36588078e9f5dfd39652860aa6b3aaf>@@AEAV<lambda_ec61778202f4f5fc7e7711acc23c3bca>@@V<lambda_dc9d2797ccde5d239b4a0efae8ebd7db>@@@?$__crt_seh_guarded_call@P6AXH@Z@@QEAAP6AXH@Z$$QEAV<lambda_c36588078e9f5dfd39652860aa6b3aaf>@@AEAV<lambda_ec61778202f4f5fc7e7711acc23c3bca>@@$$QEAV<lambda_dc9d2797ccde5d239b4a0efae8ebd7db>@@@Z@4HA 000000018001ef00     libucrt:signal.obj
 0004:00000f00       $pdata$?fin$0@?0???$?RV<lambda_72d1df2b273a38828b1ce30cbf4cdab5>@@AEAV<lambda_876a65b173b8412d3a47c70a915b0cf4>@@V<lambda_41932305e351933ebe8f8be3ed8bb5dc>@@@?$__crt_seh_guarded_call@X@@QEAAX$$QEAV<lambda_72d1df2b273a38828b1ce30cbf4cdab5>@@AEAV<lambda_876a65b173b8412d3a47c70a915b0cf4>@@$$QEAV<lambda_41932305e351933ebe8f8be3ed8bb5dc>@@@Z@4HA 000000018001ef00     libucrt:per_thread_data.obj
 0004:00000f00       $pdata$?fin$0@?0???$?RV<lambda_46352004c1216016012b18bd6f87e700>@@AEAV<lambda_3bd07e1a1191394380780325891bf33f>@@V<lambda_334532d3f185bcaa59b5be82d7d22bff>@@@?$__crt_seh_guarded_call@X@@QEAAX$$QEAV<lambda_46352004c1216016012b18bd6f87e700>@@AEAV<lambda_3bd07e1a1191394380780325891bf33f>@@$$QEAV<lambda_334532d3f185bcaa59b5be82d7d22bff>@@@Z@4HA 000000018001ef00     libucrt:per_thread_data.obj
 0004:00000f00       $pdata$?fin$0@?0???$?RV<lambda_fb3a7dec4e47f37f22dae91bb15c9095>@@AEAV<lambda_698284760c8add0bfb0756c19673e34b>@@V<lambda_dfb8eca1e75fef3034a8fb18dd509707>@@@?$__crt_seh_guarded_call@X@@QEAAX$$QEAV<lambda_fb3a7dec4e47f37f22dae91bb15c9095>@@AEAV<lambda_698284760c8add0bfb0756c19673e34b>@@$$QEAV<lambda_dfb8eca1e75fef3034a8fb18dd509707>@@@Z@4HA 000000018001ef00     libucrt:per_thread_data.obj
 0004:00000f00       $pdata$?fin$0@?0???$?RV<lambda_b8c45f8f788dd370798f47cfe8ac3a86>@@AEAV<lambda_4e60a939b0d047cfe11ddc22648dfba9>@@V<lambda_332c3edc96d0294ec56c57d38c1cdfd5>@@@?$__crt_seh_guarded_call@H@@QEAAH$$QEAV<lambda_b8c45f8f788dd370798f47cfe8ac3a86>@@AEAV<lambda_4e60a939b0d047cfe11ddc22648dfba9>@@$$QEAV<lambda_332c3edc96d0294ec56c57d38c1cdfd5>@@@Z@4HA 000000018001ef00     libucrt:onexit.obj
 0004:00000f0c       $pdata$raise$fin$0         000000018001ef0c     libucrt:signal.obj
 0004:00000f18       $pdata$__acrt_uninitialize_locale$fin$0 000000018001ef18     libucrt:wsetlocale.obj
 0004:00000f18       $pdata$__acrt_update_thread_locale_data$fin$0 000000018001ef18     libucrt:locale_refcounting.obj
 0004:00000f24       $pdata$_fcloseall$fin$0    000000018001ef24     libucrt:closeall.obj
 0004:00000f30       $pdata$common_flush_all$fin$0 000000018001ef30     libucrt:fflush.obj
 0004:00000f3c       $pdata$common_flush_all$fin$1 000000018001ef3c     libucrt:fflush.obj
 0004:00000f48       $pdata$__acrt_initialize_lowio$fin$0 000000018001ef48     libucrt:ioinit.obj
 0004:00000f48       $pdata$__acrt_lowio_ensure_fh_exists$fin$0 000000018001ef48     libucrt:osfinfo.obj
 0004:00000f54       $pdata$fclose$fin$0        000000018001ef54     libucrt:fclose.obj
 0004:00000f60       $pdata$_write$fin$0        000000018001ef60     libucrt:write.obj
 0004:00000f6c       $pdata$_ctrlfp$filt$0      000000018001ef6c     libucrt:fpctrl.obj
 0004:00000f6c       $pdata$common_control87$filt$0 000000018001ef6c     libucrt:ieee.obj
 0004:00000f78       $pdata$?fin$0@?0???$?RV<lambda_b521505b218e5242e90febf6bfebc422>@@AEAV<lambda_6978c1fb23f02e42e1d9e99668cc68aa>@@V<lambda_314360699dd331753a4119843814e9a7>@@@?$__crt_seh_guarded_call@H@@QEAAH$$QEAV<lambda_b521505b218e5242e90febf6bfebc422>@@AEAV<lambda_6978c1fb23f02e42e1d9e99668cc68aa>@@$$QEAV<lambda_314360699dd331753a4119843814e9a7>@@@Z@4HA 000000018001ef78     libucrt:commit.obj
 0004:00000f78       $pdata$?fin$0@?0???$?RV<lambda_bfedae4ebbf01fab1bb6dcc6a9e276e0>@@AEAV<lambda_2fe9b910cf3cbf4a0ab98a02ba45b3ec>@@V<lambda_237c231691f317818eb88cc1d5d642d6>@@@?$__crt_seh_guarded_call@H@@QEAAH$$QEAV<lambda_bfedae4ebbf01fab1bb6dcc6a9e276e0>@@AEAV<lambda_2fe9b910cf3cbf4a0ab98a02ba45b3ec>@@$$QEAV<lambda_237c231691f317818eb88cc1d5d642d6>@@@Z@4HA 000000018001ef78     libucrt:close.obj
 0004:00000f84       $pdata$_IsNonwritableInCurrentImage$filt$0 000000018001ef84     LIBCMT:pesect.obj
 0005:00000000       __guard_fids__             000000018001f000     libucrt:initialization.obj
 0005:00000060       __guard_fids___acrt_initialize_ptd 000000018001f060     libucrt:per_thread_data.obj
 0005:00000064       __guard_fids_??$expand_argument_wildcards@D@@YAHQEAD0AEAV?$argument_list@D@?A0xca0879c4@@@Z 000000018001f064     libucrt:argv_wildcards.obj
 0005:00000068       __guard_fids__             000000018001f068     libucrt:locale_initializer.obj
 0005:0000006c       __guard_fids__             000000018001f06c     libucrt:stdio_initializer.obj
 0005:00000070       __guard_fids__             000000018001f070     libucrt:stdio_initializer.obj
 0005:00000074       __guard_fids__             000000018001f074     libucrt:multibyte_initializer.obj
 0005:00000078       __guard_fids__             000000018001f078     libucrt:fma3_initializer.obj
 0005:0000007c       __guard_fids__             000000018001f07c     libucrt:console_output_initializer.obj
 0005:00000080       __guard_fids_?dllmain_crt_process_attach@@YAHQEAUHINSTANCE__@@QEAX@Z 000000018001f080     LIBCMT:dll_dllmain.obj
 0005:00000088       __guard_fids_?dllmain_dispatch@@YAHQEAUHINSTANCE__@@KQEAX@Z 000000018001f088     LIBCMT:dll_dllmain.obj
 0005:0000008c       __guard_fids__             000000018001f08c     LIBCMT:guard_support.obj
 0005:00000090       __guard_fids___vcrt_initialize_ptd 000000018001f090     libvcruntime:per_thread_data.obj
 0006:00000060       $R000000                   0000000180020060     * linker generated manifest res *
