 win_runtime

 Timestamp is 657de7da (Sun Dec 17 02:09:30 2023)

 Preferred load address is 0000000180000000

 Start         Length     Name                   Class
 0001:00000000 000289d0H .text$mn                CODE
 0001:000289d0 00000020H .text$mn$00             CODE
 0001:000289f0 00000fa0H .text$x                 CODE
 0002:00000000 00000390H .idata$5                DATA
 0002:00000390 00000010H .00cfg                  DATA
 0002:000003a0 00000008H .CRT$XCA                DATA
 0002:000003a8 00000008H .CRT$XCZ                DATA
 0002:000003b0 00000008H .CRT$XIA                DATA
 0002:000003b8 00000018H .CRT$XIC                DATA
 0002:000003d0 00000008H .CRT$XIZ                DATA
 0002:000003d8 00000008H .CRT$XPA                DATA
 0002:000003e0 00000010H .CRT$XPX                DATA
 0002:000003f0 00000008H .CRT$XPXA               DATA
 0002:000003f8 00000008H .CRT$XPZ                DATA
 0002:00000400 00000008H .CRT$XTA                DATA
 0002:00000408 00000008H .CRT$XTZ                DATA
 0002:00000410 00009428H .rdata                  DATA
 0002:00009838 0000037cH .rdata$r                DATA
 0002:00009bb4 000002b4H .rdata$zzzdbg           DATA
 0002:00009e68 00000008H .rtc$IAA                DATA
 0002:00009e70 00000008H .rtc$IZZ                DATA
 0002:00009e78 00000008H .rtc$TAA                DATA
 0002:00009e80 00000010H .rtc$TZZ                DATA
 0002:00009e90 00004788H .xdata                  DATA
 0002:0000e618 000001e8H .xdata$x                DATA
 0002:0000e800 0000046cH .edata                  DATA
 0002:0000ec6c 0000003cH .idata$2                DATA
 0002:0000eca8 00000018H .idata$3                DATA
 0002:0000ecc0 00000390H .idata$4                DATA
 0002:0000f050 00000872H .idata$6                DATA
 0003:00000000 00000900H .data                   DATA
 0003:00000900 00000120H .data$r                 DATA
 0003:00000a20 000011d0H .bss                    DATA
 0004:00000000 00002730H .pdata                  DATA
 0005:00000000 00000080H .gfids$x                DATA
 0005:00000080 00000050H .gfids$y                DATA

  Address         Publics by Value              Rva+Base               Lib:Object

 0000:00000000       __dynamic_value_reloc_table 0000000000000000     <absolute>
 0000:00000000       __guard_iat_count          0000000000000000     <absolute>
 0000:00000000       __guard_iat_table          0000000000000000     <absolute>
 0000:00000000       __guard_longjmp_table      0000000000000000     <absolute>
 0000:00000000       __guard_longjmp_count      0000000000000000     <absolute>
 0000:00000000       __guard_fids_count         0000000000000000     <absolute>
 0000:00000000       ___safe_se_handler_table   0000000000000000     <absolute>
 0000:00000000       ___safe_se_handler_count   0000000000000000     <absolute>
 0000:00000000       __guard_fids_table         0000000000000000     <absolute>
 0000:00000100       __guard_flags              0000000000000100     <absolute>
 0000:00000000       __ImageBase                0000000180000000     <linker-defined>
 0001:00000000       ??0UnicodeString@@QEAA@XZ  0000000180001000 f i registry_manager.obj
 0001:00000050       ??0UnicodeString@@QEAA@PEB_W_K@Z 0000000180001050 f i registry_manager.obj
 0001:000000c0       ??0UnicodeString@@QEAA@AEBV0@@Z 00000001800010c0 f i registry_manager.obj
 0001:00000140       ??1UnicodeString@@QEAA@XZ  0000000180001140 f i registry_manager.obj
 0001:00000150       ?append@UnicodeString@@QEAAAEAV1@PEB_W_K@Z 0000000180001150 f i registry_manager.obj
 0001:00000200       ?HookedNtSetValueKey@@YAJPEAXPEAU_UNICODE_STRING@@KK0K@Z 0000000180001200 f   registry_manager.obj
 0001:00000270       ?HookedNtDeleteValueKey@@YAJPEAXPEAU_UNICODE_STRING@@@Z 0000000180001270 f   registry_manager.obj
 0001:000002a0       ?HookedNtCreateKey@@YAJPEAPEAXKPEAU_OBJECT_ATTRIBUTES@@KPEAU_UNICODE_STRING@@KPEAK@Z 00000001800012a0 f   registry_manager.obj
 0001:00000310       ?HookedNtQueryValueKey@@YAJPEAXPEAU_UNICODE_STRING@@W4_KEY_VALUE_INFORMATION_CLASS@@0KPEAK@Z 0000000180001310 f   registry_manager.obj
 0001:00000380       ?HookedNtOpenKey@@YAJPEAPEAXKPEAU_OBJECT_ATTRIBUTES@@@Z 0000000180001380 f   registry_manager.obj
 0001:000003c0       ?HookedNtOpenKeyEx@@YAJPEAPEAXKPEAU_OBJECT_ATTRIBUTES@@K@Z 00000001800013c0 f   registry_manager.obj
 0001:00000410       ?HookedNtDeleteKey@@YAJPEAX@Z 0000000180001410 f   registry_manager.obj
 0001:00000430       ?HookedNtQueryKey@@YAJPEAXW4_KEY_INFORMATION_CLASS@@0KPEAK@Z 0000000180001430 f   registry_manager.obj
 0001:00000490       ?HookedNtEnumerateValueKey@@YAJPEAXKW4_KEY_VALUE_INFORMATION_CLASS@@0KPEAK@Z 0000000180001490 f   registry_manager.obj
 0001:00000500       ?HookedNtEnumerateKey@@YAJPEAXKW4_KEY_INFORMATION_CLASS@@0KPEAK@Z 0000000180001500 f   registry_manager.obj
 0001:00000570       ??0RegistryKey@@QEAA@PEAV0@PEB_W_N@Z 0000000180001570 f   registry_manager.obj
 0001:00000620       ??1RegistryKey@@QEAA@XZ    0000000180001620 f   registry_manager.obj
 0001:00000710       ?GetValue@RegistryKey@@QEBAPEAVRegistryValue@@PEB_W@Z 0000000180001710 f   registry_manager.obj
 0001:00000780       ?AddValue@RegistryKey@@AEAAPEAVRegistryValue@@PEA_W@Z 0000000180001780 f   registry_manager.obj
 0001:000008b0       ?SetValue@RegistryKey@@QEAAXPEA_WIPEAXI@Z 00000001800018b0 f   registry_manager.obj
 0001:00000990       ?DeleteValue@RegistryKey@@QEAA_NPEA_W@Z 0000000180001990 f   registry_manager.obj
 0001:00000a60       ?GetChild@RegistryKey@@AEBAPEAV1@PEB_W@Z 0000000180001a60 f   registry_manager.obj
 0001:00000b00       ?GetKey@RegistryKey@@QEBAPEAV1@PEB_W@Z 0000000180001b00 f   registry_manager.obj
 0001:00000c00       ?AddChild@RegistryKey@@AEAAPEAV1@PEB_W_NPEA_N@Z 0000000180001c00 f   registry_manager.obj
 0001:00000cc0       ?AddKey@RegistryKey@@QEAAPEAV1@PEB_W_NPEA_N@Z 0000000180001cc0 f   registry_manager.obj
 0001:00000de0       ?DeleteKey@RegistryKey@@QEAA_NPEAV1@@Z 0000000180001de0 f   registry_manager.obj
 0001:00000e80       ?full_name@RegistryKey@@QEBA?AVUnicodeString@@XZ 0000000180001e80 f   registry_manager.obj
 0001:00000f50       ??0RegistryManager@@QEAA@PEBEPEAUHINSTANCE__@@0PEAVVirtualObjectList@@@Z 0000000180001f50 f   registry_manager.obj
 0001:00001000       ?HookAPIs@RegistryManager@@QEAAXAEAVHookManager@@@Z 0000000180002000 f   registry_manager.obj
 0001:00001270       ?UnhookAPIs@RegistryManager@@QEAAXAEAVHookManager@@@Z 0000000180002270 f   registry_manager.obj
 0001:00001350       ?NtSetValueKey@RegistryManager@@QEAAJPEAXPEAU_UNICODE_STRING@@KK0K@Z 0000000180002350 f   registry_manager.obj
 0001:00001480       ?NtDeleteValueKey@RegistryManager@@QEAAJPEAXPEAU_UNICODE_STRING@@@Z 0000000180002480 f   registry_manager.obj
 0001:00001560       ?GetRootKey@RegistryManager@@AEAAPEAVRegistryKey@@PEAXPEAI_N@Z 0000000180002560 f   registry_manager.obj
 0001:00001750       ?NtCreateKey@RegistryManager@@QEAAJPEAPEAXKPEAU_OBJECT_ATTRIBUTES@@KPEAU_UNICODE_STRING@@KPEAK@Z 0000000180002750 f   registry_manager.obj
 0001:000019e0       ?NtOpenKey@RegistryManager@@QEAAJPEAPEAXKPEAU_OBJECT_ATTRIBUTES@@@Z 00000001800029e0 f   registry_manager.obj
 0001:00001cd0       ?NtOpenKeyEx@RegistryManager@@QEAAJPEAPEAXKPEAU_OBJECT_ATTRIBUTES@@K@Z 0000000180002cd0 f   registry_manager.obj
 0001:00001fd0       ?QueryValueKey@RegistryManager@@AEAAJPEAVRegistryValue@@W4_KEY_VALUE_INFORMATION_CLASS@@PEAXKPEAK@Z 0000000180002fd0 f   registry_manager.obj
 0001:000021e0       ?NtQueryValueKey@RegistryManager@@QEAAJPEAXPEAU_UNICODE_STRING@@W4_KEY_VALUE_INFORMATION_CLASS@@0KPEAK@Z 00000001800031e0 f   registry_manager.obj
 0001:000023d0       ?NtDeleteKey@RegistryManager@@QEAAJPEAX@Z 00000001800033d0 f   registry_manager.obj
 0001:000024a0       ?QueryKey@RegistryManager@@AEAAJPEAVRegistryKey@@W4_KEY_INFORMATION_CLASS@@PEAXKPEAK@Z 00000001800034a0 f   registry_manager.obj
 0001:000028e0       ?NtQueryKey@RegistryManager@@QEAAJPEAXW4_KEY_INFORMATION_CLASS@@0KPEAK@Z 00000001800038e0 f   registry_manager.obj
 0001:00002a70       ?NtEnumerateValueKey@RegistryManager@@QEAAJPEAXKW4_KEY_VALUE_INFORMATION_CLASS@@0KPEAK@Z 0000000180003a70 f   registry_manager.obj
 0001:00002ba0       ?NtEnumerateKey@RegistryManager@@QEAAJPEAXKW4_KEY_INFORMATION_CLASS@@0KPEAK@Z 0000000180003ba0 f   registry_manager.obj
 0001:00002f90       ??1?$vector@PEAVRegistryValue@@@@QEAA@XZ 0000000180003f90 f i registry_manager.obj
 0001:00002fa0       ?push_back@?$vector@PEAVRegistryKey@@@@QEAAXAEBQEAVRegistryKey@@@Z 0000000180003fa0 f i registry_manager.obj
 0001:00003050       ??1?$vector@PEAVRegistryKey@@@@QEAA@XZ 0000000180004050 f i registry_manager.obj
 0001:00003060       ?ShowMessage@@YAXPEB_W@Z   0000000180004060 f   utils.obj
 0001:000031e0       ?InternalGetProcAddress@@YAPEAXPEAUHINSTANCE__@@PEBD@Z 00000001800041e0 f   utils.obj
 0001:00003440       ?LzmaDecode@@YAHPEAU_CLzmaDecoderState@@PEBE_KPEA_KPEAE23@Z 0000000180004440 f   LzmaDecode.obj
 0001:00003e60       DllMain                    0000000180004e60 f   core.obj
 0001:00003f00       ?InternalFindFirmwareVendor@@YA_NPEBE_K@Z 0000000180004f00 f   core.obj
 0001:00004020       ??0CRCData@@QEAA@XZ        0000000180005020 f i core.obj
 0001:00004040       ?ExportedIsValidImageCRC@@YA_NXZ 0000000180005040 f   core.obj
 0001:00004290       ?ExportedIsVirtualMachinePresent@@YA_NXZ 0000000180005290 f   core.obj
 0001:00004730       ?ExportedIsDebuggerPresent@@YA_N_N@Z 0000000180005730 f   core.obj
 0001:00004ce0       ?ExportedIsProtected@@YA_NXZ 0000000180005ce0 f   core.obj
 0001:00004cf0       ??1VirtualObjectList@@QEAA@XZ 0000000180005cf0 f   core.obj
 0001:00004d70       ?Add@VirtualObjectList@@QEAAPEAVVirtualObject@@W4VirtualObjectType@@PEAX1I@Z 0000000180005d70 f   core.obj
 0001:00004e60       ?DeleteObject@VirtualObjectList@@QEAAXPEAX@Z 0000000180005e60 f   core.obj
 0001:00004f20       ?DeleteRef@VirtualObjectList@@QEAAXPEAX0@Z 0000000180005f20 f   core.obj
 0001:00004ff0       ??1Core@@QEAA@XZ           0000000180005ff0 f   core.obj
 0001:000051a0       ??_GFileManager@@QEAAPEAXI@Z 00000001800061a0 f i core.obj
 0001:00005230       ?Instance@Core@@SAPEAV1@XZ 0000000180006230 f   core.obj
 0001:000052d0       ??0CoreData@@QEAA@XZ       00000001800062d0 f i core.obj
 0001:00005320       ?Init@Core@@QEAA_NPEAUHINSTANCE__@@@Z 0000000180006320 f   core.obj
 0001:00005700       ?hardware_id@Core@@QEAAPEAVHardwareID@@XZ 0000000180006700 f   core.obj
 0001:00005750       ?HookedNtProtectVirtualMemory@@YAJPEAXPEAPEAXPEA_KKPEAK@Z 0000000180006750 f   core.obj
 0001:000057b0       ?HookedDbgUiRemoteBreakin@@YAXXZ 00000001800067b0 f   core.obj
 0001:000057d0       ?HookedNtClose@@YAJPEAX@Z  00000001800067d0 f   core.obj
 0001:00005830       ?HookedNtQueryObject@@YAJPEAXW4_OBJECT_INFORMATION_CLASS@@0KPEAK@Z 0000000180006830 f   core.obj
 0001:00005890       ?HookAPIs@Core@@AEAAXAEAVHookManager@@I@Z 0000000180006890 f   core.obj
 0001:00005a20       ?UnhookAPIs@Core@@AEAAXAEAVHookManager@@@Z 0000000180006a20 f   core.obj
 0001:00005ac0       ?NtProtectVirtualMemory@Core@@QEAAJPEAXPEAPEAXPEA_KKPEAK@Z 0000000180006ac0 f   core.obj
 0001:00005c00       ?NtQueryObject@Core@@QEAAJPEAXW4_OBJECT_INFORMATION_CLASS@@0KPEAK@Z 0000000180006c00 f   core.obj
 0001:00005cf0       ??1?$vector@VUnicodeString@@@@QEAA@XZ 0000000180006cf0 f i core.obj
 0001:00005d40       ??0CipherRC5@@QEAA@AEBURC5Key@@@Z 0000000180006d40 f   crypto.obj
 0001:00005e30       ??0BigNumber@@QEAA@PEBE_K_N@Z 0000000180006e30 f   crypto.obj
 0001:000060d0       ??1BigNumber@@QEAA@XZ      00000001800070d0 f   crypto.obj
 0001:000060e0       ?init@BigNumber@@AEAAX_K@Z 00000001800070e0 f   crypto.obj
 0001:000063a0       ?internal_mul@BigNumber@@AEBAXPEAG00H@Z 00000001800073a0 f   crypto.obj
 0001:00006610       ?internal_mod@BigNumber@@AEBAXPEAGH0H0H@Z 0000000180007610 f   crypto.obj
 0001:00006a90       ?modpow@BigNumber@@QEBAPEAVCryptoContainer@@AEBV2@_K111@Z 0000000180007a90 f   crypto.obj
 0001:000079c0       ?bignum_byte@BigNumber@@AEBAEPEAG_K@Z 00000001800089c0 f   crypto.obj
 0001:00007a90       ?EncryptValue@CryptoContainer@@AEBA_N_KPEAE0@Z 0000000180008a90 f   crypto.obj
 0001:00007c50       ?DecryptValue@CryptoContainer@@AEBA_N_KPEAE0@Z 0000000180008c50 f   crypto.obj
 0001:00007d70       ?UTF8ToUnicode@CryptoContainer@@QEBAX_K0PEA_W0@Z 0000000180008d70 f   crypto.obj
 0001:00007f50       ?Base64Encode@@YA_NPEBE_KPEADAEA_K@Z 0000000180008f50 f   crypto.obj
 0001:000080b0       ?Base64Decode@@YA_NPEBD_KPEAEAEA_K@Z 00000001800090b0 f   crypto.obj
 0001:000081b0       ?Input@SHA1@@QEAAXPEBE_K@Z 00000001800091b0 f   crypto.obj
 0001:00008230       ?Input@SHA1@@QEAAXAEBVCryptoContainer@@_K1@Z 0000000180009230 f   crypto.obj
 0001:000082d0       ?ProcessMessageBlock@SHA1@@AEAAXXZ 00000001800092d0 f   crypto.obj
 0001:000084d0       ?Result@SHA1@@QEAAPEBEXZ   00000001800094d0 f   crypto.obj
 0001:00008580       ?CalcCRC@@YAIPEBX_K@Z      0000000180009580 f   crypto.obj
 0001:000085d0       ?HookAPI@HookManager@@QEAAPEAXPEAUHINSTANCE__@@PEBDPEAX_NPEAPEAX@Z 00000001800095d0 f   hook_manager.obj
 0001:00008940       ?UnhookAPI@HookManager@@QEAA_NPEAX@Z 0000000180009940 f   hook_manager.obj
 0001:00008ac0       ?GetThreads@HookManager@@AEAAXXZ 0000000180009ac0 f   hook_manager.obj
 0001:00008c40       ?End@HookManager@@QEAAXXZ  0000000180009c40 f   hook_manager.obj
 0001:00008cd0       ?GetInstructionSize@@YA_NPEBEAEAUsCommandInfo@@@Z 0000000180009cd0 f   hook_manager.obj
 0001:00009180       ?Hook@HookedAPI@@QEAA_NPEAX0PEAPEAX@Z 000000018000a180 f   hook_manager.obj
 0001:00009430       ?Unhook@HookedAPI@@QEAAXXZ 000000018000a430 f   hook_manager.obj
 0001:00009510       ??$swprintf_s@$0CAA@@@YAHAEAY0CAA@_WPEB_WZZ 000000018000a510 f i hook_manager.obj
 0001:00009570       ??$swprintf_s@$0GE@@@YAHAEAY0GE@_WPEB_WZZ 000000018000a570 f i hook_manager.obj
 0001:000095d0       __local_stdio_printf_options 000000018000a5d0 f i hook_manager.obj
 0001:000095e0       ?ExportedGetCurrentHWID@@YAHPEADH@Z 000000018000a5e0 f   hwid.obj
 0001:00009660       ??0HardwareID@@QEAA@XZ     000000018000a660 f   hwid.obj
 0001:000099a0       ?AddBlock@HardwareID@@AEAAXPEBX_KW4BlockType@1@@Z 000000018000a9a0 f   hwid.obj
 0001:00009b10       ?GetCPU@HardwareID@@AEAAXE@Z 000000018000ab10 f   hwid.obj
 0001:00009cd0       ?GetMachineName@HardwareID@@AEAAXXZ 000000018000acd0 f   hwid.obj
 0001:00009d60       ?ProcessMAC@HardwareID@@AEAAXPEBE_K@Z 000000018000ad60 f   hwid.obj
 0001:00009e20       ?GetMacAddresses@HardwareID@@AEAAXXZ 000000018000ae20 f   hwid.obj
 0001:00009f50       ?GetHDD@HardwareID@@AEAAXXZ 000000018000af50 f   hwid.obj
 0001:0000a090       ?GetCurrent@HardwareID@@QEAAHPEADH@Z 000000018000b090 f   hwid.obj
 0001:0000a1f0       ?IsCorrect@HardwareID@@QEBA_NPEAE_K@Z 000000018000b1f0 f   hwid.obj
 0001:0000a340       ?IsCorrect@HardwareID@@QEBA_NAEAVCryptoContainer@@_K1@Z 000000018000b340 f   hwid.obj
 0001:0000a430       ?ExportedSetSerialNumber@@YAHPEBD@Z 000000018000b430 f   licensing_manager.obj
 0001:0000a460       ?ExportedGetSerialNumberState@@YAHXZ 000000018000b460 f   licensing_manager.obj
 0001:0000a4e0       ?ExportedGetSerialNumberData@@YA_NPEAUVMProtectSerialNumberData@@H@Z 000000018000b4e0 f   licensing_manager.obj
 0001:0000a520       ?ExportedActivateLicense@@YAHPEBDPEADH@Z 000000018000b520 f   licensing_manager.obj
 0001:0000a580       ?ExportedDeactivateLicense@@YAHPEBD@Z 000000018000b580 f   licensing_manager.obj
 0001:0000a5b0       ?ExportedGetOfflineActivationString@@YAHPEBDPEADH@Z 000000018000b5b0 f   licensing_manager.obj
 0001:0000a610       ?ExportedGetOfflineDeactivationString@@YAHPEBDPEADH@Z 000000018000b610 f   licensing_manager.obj
 0001:0000a670       ?ExportedDecryptBuffer@@YAXPEAE@Z 000000018000b670 f   licensing_manager.obj
 0001:0000a6a0       ??0LicensingManager@@QEAA@PEAEI0@Z 000000018000b6a0 f   licensing_manager.obj
 0001:0000a7a0       ??1LicensingManager@@QEAA@XZ 000000018000b7a0 f   licensing_manager.obj
 0001:0000a830       ?save_state@LicensingManager@@AEAAHH@Z 000000018000b830 f   licensing_manager.obj
 0001:0000a8c0       ?CheckLicenseDataCRC@LicensingManager@@AEBA_NXZ 000000018000b8c0 f   licensing_manager.obj
 0001:0000aa20       ?SetSerialNumber@LicensingManager@@QEAAHPEBD@Z 000000018000ba20 f   licensing_manager.obj
 0001:0000ae90       ?GetCurrentDate@LicensingManager@@SAIXZ 000000018000be90 f   licensing_manager.obj
 0001:0000b100       ?ParseSerial@LicensingManager@@AEAAHPEAUVMProtectSerialNumberData@@@Z 000000018000c100 f   licensing_manager.obj
 0001:0000b810       ?GetSerialNumberData@LicensingManager@@QEAA_NPEAUVMProtectSerialNumberData@@H@Z 000000018000c810 f   licensing_manager.obj
 0001:0000b8e0       ?ActivateLicense@LicensingManager@@QEBAHPEBDPEADH@Z 000000018000c8e0 f   licensing_manager.obj
 0001:0000b9d0       ??1ActivationRequest@@UEAA@XZ 000000018000c9d0 f i licensing_manager.obj
 0001:0000b9f0       ?DeactivateLicense@LicensingManager@@QEBAHPEBD@Z 000000018000c9f0 f   licensing_manager.obj
 0001:0000ba80       ??1DeactivationRequest@@UEAA@XZ 000000018000ca80 f i licensing_manager.obj
 0001:0000baa0       ??_GDeactivationRequest@@UEAAPEAXI@Z 000000018000caa0 f i licensing_manager.obj
 0001:0000baa0       ??_EDeactivationRequest@@UEAAPEAXI@Z 000000018000caa0 f i * CIL library *:* CIL module *
 0001:0000baf0       ?GetOfflineActivationString@LicensingManager@@QEBAHPEBDPEADH@Z 000000018000caf0 f   licensing_manager.obj
 0001:0000bc60       ?GetOfflineDeactivationString@LicensingManager@@QEBAHPEBDPEADH@Z 000000018000cc60 f   licensing_manager.obj
 0001:0000bd80       ?DecryptBuffer@LicensingManager@@QEAAXPEAE@Z 000000018000cd80 f   licensing_manager.obj
 0001:0000be40       ??_EBaseRequest@@UEAAPEAXI@Z 000000018000ce40 f i * CIL library *:* CIL module *
 0001:0000be40       ??_GBaseRequest@@UEAAPEAXI@Z 000000018000ce40 f i licensing_manager.obj
 0001:0000be90       ?BuildUrl@BaseRequest@@IEAA_NAEBVCryptoContainer@@@Z 000000018000ce90 f   licensing_manager.obj
 0001:0000bf90       ?Send@BaseRequest@@QEAA_NXZ 000000018000cf90 f   licensing_manager.obj
 0001:0000c600       ?AppendUrlParam@BaseRequest@@IEAAXPEBD0@Z 000000018000d600 f   licensing_manager.obj
 0001:0000c730       ??_GActivationRequest@@UEAAPEAXI@Z 000000018000d730 f i licensing_manager.obj
 0001:0000c730       ??_EActivationRequest@@UEAAPEAXI@Z 000000018000d730 f i * CIL library *:* CIL module *
 0001:0000c780       ?BuildUrl@ActivationRequest@@AEAA_NAEBVCryptoContainer@@PEBD_N@Z 000000018000d780 f   licensing_manager.obj
 0001:0000cc60       ?Process@ActivationRequest@@QEAAHAEBVCryptoContainer@@PEBD_N@Z 000000018000dc60 f   licensing_manager.obj
 0001:0000ce50       ?BuildUrl@DeactivationRequest@@AEAA_NAEBVCryptoContainer@@PEBD_N@Z 000000018000de50 f   licensing_manager.obj
 0001:0000d090       ?Process@DeactivationRequest@@QEAAHAEBVCryptoContainer@@PEBD_N@Z 000000018000e090 f   licensing_manager.obj
 0001:0000d1c0       ?reserve@?$basic_string@_WU?$char_traits@_W@std@@V?$allocator@_W@2@@std@@QEAAX_K@Z 000000018000e1c0 f i licensing_manager.obj
 0001:0000d280       ??$_Construct@PEAD@?$basic_string@_WU?$char_traits@_W@std@@V?$allocator@_W@2@@std@@QEAAXPEAD0Uinput_iterator_tag@1@@Z 000000018000e280 f i licensing_manager.obj
 0001:0000d390       ?allocate@?$_Wrap_alloc@V?$allocator@_W@std@@@std@@QEAAPEA_W_K@Z 000000018000e390 f i licensing_manager.obj
 0001:0000d400       ?_Copy@?$basic_string@_WU?$char_traits@_W@std@@V?$allocator@_W@2@@std@@QEAAX_K0@Z 000000018000e400 f i licensing_manager.obj
 0001:0000d5d0       ?_Tidy@?$basic_string@_WU?$char_traits@_W@std@@V?$allocator@_W@2@@std@@QEAAX_N_K@Z 000000018000e5d0 f i licensing_manager.obj
 0001:0000d6a0       ??1?$basic_string@_WU?$char_traits@_W@std@@V?$allocator@_W@2@@std@@QEAA@XZ 000000018000e6a0 f i licensing_manager.obj
 0001:0000d740       ??0SETUP_IMAGE_DATA@@QEAA@XZ 000000018000e740 f i loader.obj
 0001:0000d750       ?file_base@SETUP_IMAGE_DATA@@QEAAPEAEXZ 000000018000e750 f i loader.obj
 0001:0000d760       ?image_base@SETUP_IMAGE_DATA@@QEAAPEAEXZ 000000018000e760 f i loader.obj
 0001:0000d770       ?options@SETUP_IMAGE_DATA@@QEAAIXZ 000000018000e770 f i loader.obj
 0001:0000d780       ?storage@SETUP_IMAGE_DATA@@QEAAIXZ 000000018000e780 f i loader.obj
 0001:0000d790       ?runtime_entry@SETUP_IMAGE_DATA@@QEAAIXZ 000000018000e790 f i loader.obj
 0001:0000d7a0       ?tls_index_info@SETUP_IMAGE_DATA@@QEAAIXZ 000000018000e7a0 f i loader.obj
 0001:0000d7b0       ?file_crc_info@SETUP_IMAGE_DATA@@QEAAIXZ 000000018000e7b0 f i loader.obj
 0001:0000d7c0       ?file_crc_info_size@SETUP_IMAGE_DATA@@QEAAIXZ 000000018000e7c0 f i loader.obj
 0001:0000d7d0       ?loader_crc_info@SETUP_IMAGE_DATA@@QEAAIXZ 000000018000e7d0 f i loader.obj
 0001:0000d7e0       ?loader_crc_info_size@SETUP_IMAGE_DATA@@QEAAIXZ 000000018000e7e0 f i loader.obj
 0001:0000d7f0       ?loader_crc_info_hash@SETUP_IMAGE_DATA@@QEAAIXZ 000000018000e7f0 f i loader.obj
 0001:0000d800       ?section_info@SETUP_IMAGE_DATA@@QEAAIXZ 000000018000e800 f i loader.obj
 0001:0000d810       ?section_info_size@SETUP_IMAGE_DATA@@QEAAIXZ 000000018000e810 f i loader.obj
 0001:0000d820       ?packer_info@SETUP_IMAGE_DATA@@QEAAIXZ 000000018000e820 f i loader.obj
 0001:0000d830       ?packer_info_size@SETUP_IMAGE_DATA@@QEAAIXZ 000000018000e830 f i loader.obj
 0001:0000d840       ?fixup_info@SETUP_IMAGE_DATA@@QEAAIXZ 000000018000e840 f i loader.obj
 0001:0000d850       ?fixup_info_size@SETUP_IMAGE_DATA@@QEAAIXZ 000000018000e850 f i loader.obj
 0001:0000d860       ?relocation_info@SETUP_IMAGE_DATA@@QEAAIXZ 000000018000e860 f i loader.obj
 0001:0000d870       ?relocation_info_size@SETUP_IMAGE_DATA@@QEAAIXZ 000000018000e870 f i loader.obj
 0001:0000d880       ?iat_info@SETUP_IMAGE_DATA@@QEAAIXZ 000000018000e880 f i loader.obj
 0001:0000d890       ?iat_info_size@SETUP_IMAGE_DATA@@QEAAIXZ 000000018000e890 f i loader.obj
 0001:0000d8a0       ?import_info@SETUP_IMAGE_DATA@@QEAAIXZ 000000018000e8a0 f i loader.obj
 0001:0000d8b0       ?import_info_size@SETUP_IMAGE_DATA@@QEAAIXZ 000000018000e8b0 f i loader.obj
 0001:0000d8c0       ?internal_import_info@SETUP_IMAGE_DATA@@QEAAIXZ 000000018000e8c0 f i loader.obj
 0001:0000d8d0       ?internal_import_info_size@SETUP_IMAGE_DATA@@QEAAIXZ 000000018000e8d0 f i loader.obj
 0001:0000d8e0       ?memory_crc_info@SETUP_IMAGE_DATA@@QEAAIXZ 000000018000e8e0 f i loader.obj
 0001:0000d8f0       ?memory_crc_info_size@SETUP_IMAGE_DATA@@QEAAIXZ 000000018000e8f0 f i loader.obj
 0001:0000d900       ?memory_crc_info_hash@SETUP_IMAGE_DATA@@QEAAIXZ 000000018000e900 f i loader.obj
 0001:0000d910       ?delay_import_info@SETUP_IMAGE_DATA@@QEAAIXZ 000000018000e910 f i loader.obj
 0001:0000d920       ?delay_import_info_size@SETUP_IMAGE_DATA@@QEAAIXZ 000000018000e920 f i loader.obj
 0001:0000d930       ?LoaderFindFirmwareVendor@@YA_NPEBE_K@Z 000000018000e930 f   loader.obj
 0001:0000da50       ?LoaderLoadLibraryEnc@@YAPEAUHINSTANCE__@@PEBD@Z 000000018000ea50 f   loader.obj
 0001:0000dab0       ?LoaderFindFileVersion@@YAPEB_WPEBE_K@Z 000000018000eab0 f   loader.obj
 0001:0000dbc0       ?LoaderGetProcAddress@@YAPEAXPEAUHINSTANCE__@@PEBD_N@Z 000000018000ebc0 f   loader.obj
 0001:0000def0       ?LoaderGetModuleHandleEnc@@YAPEAUHINSTANCE__@@PEBD@Z 000000018000eef0 f   loader.obj
 0001:0000df50       ?LoaderMessage@@YAXW4MessageType@@PEBX1@Z 000000018000ef50 f   loader.obj
 0001:0000e380       ?FreeImage@@YAXXZ          000000018000f380 f   loader.obj
 0001:0000e410       ?LoaderProcessFixups@@YAX_JIIPEAE1@Z 000000018000f410 f   loader.obj
 0001:0000e4d0       ?SetupImage@@YAIXZ         000000018000f4d0 f   loader.obj
 0001:00011410       ??1CriticalSection@@QEAA@XZ 0000000180012410 f   objects.obj
 0001:00011420       ?ExportedLoadResource@@YAPEAXPEAUHINSTANCE__@@PEAUHRSRC__@@@Z 0000000180012420 f   resource_manager.obj
 0001:00011480       ?ExportedFindResourceA@@YAPEAUHRSRC__@@PEAUHINSTANCE__@@PEBD1@Z 0000000180012480 f   resource_manager.obj
 0001:000114d0       ?ExportedFindResourceExA@@YAPEAUHRSRC__@@PEAUHINSTANCE__@@PEBD1G@Z 00000001800124d0 f   resource_manager.obj
 0001:00011530       ?ExportedFindResourceW@@YAPEAUHRSRC__@@PEAUHINSTANCE__@@PEB_W1@Z 0000000180012530 f   resource_manager.obj
 0001:00011580       ?ExportedFindResourceExW@@YAPEAUHRSRC__@@PEAUHINSTANCE__@@PEB_W1G@Z 0000000180012580 f   resource_manager.obj
 0001:000115e0       ?ExportedLoadStringA@@YAHPEAUHINSTANCE__@@IPEADH@Z 00000001800125e0 f   resource_manager.obj
 0001:00011660       ?ExportedLoadStringW@@YAHPEAUHINSTANCE__@@IPEA_WH@Z 0000000180012660 f   resource_manager.obj
 0001:000116e0       ?ExportedEnumResourceNamesA@@YAHPEAUHINSTANCE__@@PEBDP6AH01PEAD_J@Z3@Z 00000001800126e0 f   resource_manager.obj
 0001:00011740       ?ExportedEnumResourceNamesW@@YAHPEAUHINSTANCE__@@PEB_WP6AH01PEA_W_J@Z3@Z 0000000180012740 f   resource_manager.obj
 0001:000117a0       ?ExportedEnumResourceLanguagesA@@YAHPEAUHINSTANCE__@@PEBD1P6AH011G_J@Z2@Z 00000001800127a0 f   resource_manager.obj
 0001:00011810       ?ExportedEnumResourceLanguagesW@@YAHPEAUHINSTANCE__@@PEB_W1P6AH011G_J@Z2@Z 0000000180012810 f   resource_manager.obj
 0001:00011880       ?ExportedEnumResourceTypesA@@YAHPEAUHINSTANCE__@@P6AH0PEAD_J@Z2@Z 0000000180012880 f   resource_manager.obj
 0001:000118e0       ?ExportedEnumResourceTypesW@@YAHPEAUHINSTANCE__@@P6AH0PEA_W_J@Z2@Z 00000001800128e0 f   resource_manager.obj
 0001:00011940       ?HookedLoadStringA@@YAHPEAUHINSTANCE__@@IPEADH@Z 0000000180012940 f   resource_manager.obj
 0001:000119c0       ?HookedLoadStringW@@YAHPEAUHINSTANCE__@@IPEA_WH@Z 00000001800129c0 f   resource_manager.obj
 0001:00011a40       ?HookedLdrFindResource_U@@YAJPEAUHINSTANCE__@@PEBULDR_RESOURCE_INFO@@KPEAPEBU_IMAGE_RESOURCE_DATA_ENTRY@@@Z 0000000180012a40 f   resource_manager.obj
 0001:00011ad0       ?HookedLdrAccessResource@@YAJPEAUHINSTANCE__@@PEBU_IMAGE_RESOURCE_DATA_ENTRY@@PEAPEAXPEAK@Z 0000000180012ad0 f   resource_manager.obj
 0001:00011b60       ??0ResourceManager@@QEAA@PEBEPEAUHINSTANCE__@@0@Z 0000000180012b60 f   resource_manager.obj
 0001:00011c20       ?HookAPIs@ResourceManager@@QEAAXAEAVHookManager@@@Z 0000000180012c20 f   resource_manager.obj
 0001:00011e00       ?UnhookAPIs@ResourceManager@@QEAAXAEAVHookManager@@@Z 0000000180012e00 f   resource_manager.obj
 0001:00011ec0       ?InternalLoadResource@ResourceManager@@AEAAPEAXPEAUHINSTANCE__@@PEAUHRSRC__@@@Z 0000000180012ec0 f   resource_manager.obj
 0001:00011f80       ?InternalFindResourceExW@ResourceManager@@AEAAPEAUHRSRC__@@PEAUHINSTANCE__@@PEB_W1G@Z 0000000180012f80 f   resource_manager.obj
 0001:00012060       ?CreateResourceName@@YAHPEB_WAEAPEA_W@Z 0000000180013060 f   resource_manager.obj
 0001:00012140       ?CreateResourceName@@YAHPEBDAEAPEA_W@Z 0000000180013140 f   resource_manager.obj
 0001:00012240       ?FindResourceExW@ResourceManager@@QEAAPEAUHRSRC__@@PEAUHINSTANCE__@@PEB_W1G@Z 0000000180013240 f   resource_manager.obj
 0001:00012350       ?FindResourceExA@ResourceManager@@QEAAPEAUHRSRC__@@PEAUHINSTANCE__@@PEBD1G@Z 0000000180013350 f   resource_manager.obj
 0001:00012460       ?FindEntryById@ResourceManager@@AEAAPEBURESOURCE_DIRECTORY@@PEBU2@GK@Z 0000000180013460 f   resource_manager.obj
 0001:00012510       ?DecryptStringW@ResourceManager@@AEBAPEA_WPEB_W@Z 0000000180013510 f   resource_manager.obj
 0001:000125c0       ?FindEntryByName@ResourceManager@@AEAAPEBURESOURCE_DIRECTORY@@PEBU2@PEB_WK@Z 00000001800135c0 f   resource_manager.obj
 0001:000126d0       ?FindResourceEntry@ResourceManager@@AEAAPEBURESOURCE_DIRECTORY@@PEB_W0G@Z 00000001800136d0 f   resource_manager.obj
 0001:00012900       ?InternalFindStringResource@ResourceManager@@AEAAPEA_WPEAUHINSTANCE__@@I@Z 0000000180013900 f   resource_manager.obj
 0001:000129b0       ?InternalLoadStringW@ResourceManager@@AEAAHPEB_WPEA_WH@Z 00000001800139b0 f   resource_manager.obj
 0001:00012a40       ?InternalLoadStringA@ResourceManager@@AEAAHPEB_WPEADH@Z 0000000180013a40 f   resource_manager.obj
 0001:00012b60       ?EnumResourceNamesA@ResourceManager@@QEAAHPEAUHINSTANCE__@@PEBDP6AH01PEAD_J@Z3@Z 0000000180013b60 f   resource_manager.obj
 0001:00012d90       ?EnumResourceNamesW@ResourceManager@@QEAAHPEAUHINSTANCE__@@PEB_WP6AH01PEA_W_J@Z3@Z 0000000180013d90 f   resource_manager.obj
 0001:00012f20       ?EnumResourceLanguagesA@ResourceManager@@QEAAHPEAUHINSTANCE__@@PEBD1P6AH011G_J@Z2@Z 0000000180013f20 f   resource_manager.obj
 0001:000130a0       ?EnumResourceLanguagesW@ResourceManager@@QEAAHPEAUHINSTANCE__@@PEB_W1P6AH011G_J@Z2@Z 00000001800140a0 f   resource_manager.obj
 0001:00013220       ?EnumResourceTypesA@ResourceManager@@QEAAHPEAUHINSTANCE__@@P6AH0PEAD_J@Z2@Z 0000000180014220 f   resource_manager.obj
 0001:000133c0       ?EnumResourceTypesW@ResourceManager@@QEAAHPEAUHINSTANCE__@@P6AH0PEA_W_J@Z2@Z 00000001800143c0 f   resource_manager.obj
 0001:000134d0       ?Decrypt@VirtualResource@@QEAAPEAXPEAUHINSTANCE__@@I@Z 00000001800144d0 f   resource_manager.obj
 0001:00013560       ??1VirtualResourceList@@QEAA@XZ 0000000180014560 f   resource_manager.obj
 0001:000135e0       ?Add@VirtualResourceList@@QEAAPEAVVirtualResource@@PEBURESOURCE_DATA_ENTRY@@I@Z 00000001800145e0 f   resource_manager.obj
 0001:000136d0       ?ExportedDecryptString@@YAPEBXPEBX@Z 00000001800146d0 f   string_manager.obj
 0001:00013700       ?ExportedFreeString@@YA_NPEBX@Z 0000000180014700 f   string_manager.obj
 0001:00013730       ??1StringManager@@QEAA@XZ  0000000180014730 f   string_manager.obj
 0001:000137d0       ??_GVirtualString@@QEAAPEAXI@Z 00000001800147d0 f i string_manager.obj
 0001:00013830       ?DecryptString@StringManager@@QEAAPEBXPEBX@Z 0000000180014830 f   string_manager.obj
 0001:00013940       ?FreeString@StringManager@@QEAA_NPEBX@Z 0000000180014940 f   string_manager.obj
 0001:00013a30       ??0VirtualString@@QEAA@PEBUSTRING_ENTRY@@PEAUHINSTANCE__@@I@Z 0000000180014a30 f   string_manager.obj
 0001:00013ac0       ??0Path@@QEAA@PEA_W@Z      0000000180014ac0 f i file_manager.obj
 0001:00013c00       ?Combine@Path@@QEAA?AVUnicodeString@@PEA_W@Z 0000000180014c00 f i file_manager.obj
 0001:00013f70       ??1Path@@QEAA@XZ           0000000180014f70 f i file_manager.obj
 0001:00013fc0       ?HookedNtQueryAttributesFile@@YAJPEAU_OBJECT_ATTRIBUTES@@PEAU_FILE_BASIC_INFORMATION@@@Z 0000000180014fc0 f   file_manager.obj
 0001:00013ff0       ?HookedNtCreateFile@@YAJPEAPEAXKPEAU_OBJECT_ATTRIBUTES@@PEAU_IO_STATUS_BLOCK@@PEAT_LARGE_INTEGER@@KKKKPEAXK@Z 0000000180014ff0 f   file_manager.obj
 0001:000140a0       ?HookedNtOpenFile@@YAJPEAPEAXKPEAU_OBJECT_ATTRIBUTES@@PEAU_IO_STATUS_BLOCK@@KK@Z 00000001800150a0 f   file_manager.obj
 0001:00014100       ?HookedNtQueryInformationFile@@YAJPEAXPEAU_IO_STATUS_BLOCK@@0KW4_FILE_INFORMATION_CLASS@@@Z 0000000180015100 f   file_manager.obj
 0001:00014160       ?HookedNtQueryVolumeInformationFile@@YAJPEAXPEAU_IO_STATUS_BLOCK@@0KW4_FSINFOCLASS@@@Z 0000000180015160 f   file_manager.obj
 0001:000141c0       ?HookedNtSetInformationFile@@YAJPEAXPEAU_IO_STATUS_BLOCK@@0KW4_FILE_INFORMATION_CLASS@@@Z 00000001800151c0 f   file_manager.obj
 0001:00014220       ?HookedNtQueryDirectoryFile@@YAJPEAX0P6AX0PEAU_IO_STATUS_BLOCK@@K@Z010KW4_FILE_INFORMATION_CLASS@@EPEAU_UNICODE_STRING@@E@Z 0000000180015220 f   file_manager.obj
 0001:000142d0       ?HookedNtReadFile@@YAJPEAX0P6AX0PEAU_IO_STATUS_BLOCK@@K@Z010KPEAT_LARGE_INTEGER@@PEAK@Z 00000001800152d0 f   file_manager.obj
 0001:00014360       ?HookedNtCreateSection@@YAJPEAPEAXKPEAU_OBJECT_ATTRIBUTES@@PEAT_LARGE_INTEGER@@KKPEAX@Z 0000000180015360 f   file_manager.obj
 0001:000143d0       ?HookedNtQuerySection@@YAJPEAXW4_SECTION_INFORMATION_CLASS@@0KPEAK@Z 00000001800153d0 f   file_manager.obj
 0001:00014430       ?HookedNtMapViewOfSection@@YAJPEAX0PEAPEAX_K2PEAT_LARGE_INTEGER@@PEA_KW4_SECTION_INHERIT@@KK@Z 0000000180015430 f   file_manager.obj
 0001:000144d0       ?HookedNtUnmapViewOfSection@@YAJPEAX0@Z 00000001800154d0 f   file_manager.obj
 0001:00014540       ?HookedNtQueryVirtualMemory@@YAJPEAX0W4_MEMORY_INFORMATION_CLASS@@0KPEAK@Z 0000000180015540 f   file_manager.obj
 0001:000145b0       ??0FileManager@@QEAA@PEBEPEAUHINSTANCE__@@0PEAVVirtualObjectList@@@Z 00000001800155b0 f   file_manager.obj
 0001:00014b00       ?HookAPIs@FileManager@@QEAAXAEAVHookManager@@@Z 0000000180015b00 f   file_manager.obj
 0001:00014e00       ?UnhookAPIs@FileManager@@QEAAXAEAVHookManager@@@Z 0000000180015e00 f   file_manager.obj
 0001:00014f10       ?OpenFiles@FileManager@@QEAA_NAEAVRegistryManager@@@Z 0000000180015f10 f   file_manager.obj
 0001:000151c0       ?FindEntry@FileManager@@AEAAPEBUOBJECT_ENTRY@@PEAXPEAU_UNICODE_STRING@@@Z 00000001800161c0 f   file_manager.obj
 0001:00015590       ?ReadFile@FileManager@@AEBA_NPEBUOBJECT_ENTRY@@_KPEAX1@Z 0000000180016590 f   file_manager.obj
 0001:000155f0       ?ReadImageHeader@FileManager@@AEBAJPEBUOBJECT_ENTRY@@PEAU_IMAGE_NT_HEADERS64@@@Z 00000001800165f0 f   file_manager.obj
 0001:00015730       ?ReadImage@FileManager@@AEBAJPEBUOBJECT_ENTRY@@PEAX@Z 0000000180016730 f   file_manager.obj
 0001:00015a60       ?NtQueryAttributesFile@FileManager@@QEAAJPEAU_OBJECT_ATTRIBUTES@@PEAU_FILE_BASIC_INFORMATION@@@Z 0000000180016a60 f   file_manager.obj
 0001:00015ac0       ?NtCreateFile@FileManager@@QEAAJPEAPEAXKPEAU_OBJECT_ATTRIBUTES@@PEAU_IO_STATUS_BLOCK@@PEAT_LARGE_INTEGER@@KKKKPEAXK@Z 0000000180016ac0 f   file_manager.obj
 0001:00015c50       ?NtOpenFile@FileManager@@QEAAJPEAPEAXKPEAU_OBJECT_ATTRIBUTES@@PEAU_IO_STATUS_BLOCK@@KK@Z 0000000180016c50 f   file_manager.obj
 0001:00015d30       ?NtQueryInformationFile@FileManager@@QEAAJPEAXPEAU_IO_STATUS_BLOCK@@0KW4_FILE_INFORMATION_CLASS@@@Z 0000000180016d30 f   file_manager.obj
 0001:00015f00       ?NtQueryVolumeInformationFile@FileManager@@QEAAJPEAXPEAU_IO_STATUS_BLOCK@@0KW4_FSINFOCLASS@@@Z 0000000180016f00 f   file_manager.obj
 0001:00016020       ?NtSetInformationFile@FileManager@@QEAAJPEAXPEAU_IO_STATUS_BLOCK@@0KW4_FILE_INFORMATION_CLASS@@@Z 0000000180017020 f   file_manager.obj
 0001:00016110       ?NtQueryDirectoryFile@FileManager@@QEAAJPEAX0P6AX0PEAU_IO_STATUS_BLOCK@@K@Z010KW4_FILE_INFORMATION_CLASS@@EPEAU_UNICODE_STRING@@E@Z 0000000180017110 f   file_manager.obj
 0001:00016370       ?NtReadFile@FileManager@@QEAAJPEAX0P6AX0PEAU_IO_STATUS_BLOCK@@K@Z010KPEAT_LARGE_INTEGER@@PEAK@Z 0000000180017370 f   file_manager.obj
 0001:00016540       ?NtCreateSection@FileManager@@QEAAJPEAPEAXKPEAU_OBJECT_ATTRIBUTES@@PEAT_LARGE_INTEGER@@KKPEAX@Z 0000000180017540 f   file_manager.obj
 0001:00016710       ?NtQuerySection@FileManager@@QEAAJPEAXW4_SECTION_INFORMATION_CLASS@@0KPEAK@Z 0000000180017710 f   file_manager.obj
 0001:00016940       ?NtMapViewOfSection@FileManager@@QEAAJPEAX0PEAPEAX_K2PEAT_LARGE_INTEGER@@PEA_KW4_SECTION_INHERIT@@KK@Z 0000000180017940 f   file_manager.obj
 0001:00016bf0       ?NtQueryVirtualMemory@FileManager@@QEAAJPEAX0W4_MEMORY_INFORMATION_CLASS@@0KPEAK@Z 0000000180017bf0 f   file_manager.obj
 0001:00016cf0       ??1?$vector@PEBVUnicodeString@@@@QEAA@XZ 0000000180017cf0 f i file_manager.obj
 0001:00016d00       ?push_back@?$vector@VUnicodeString@@@@QEAAXAEBVUnicodeString@@@Z 0000000180017d00 f i file_manager.obj
 0001:00016f00       ??$swprintf_s@$0BGI@@@YAHAEAY0BGI@_WPEB_WZZ 0000000180017f00 f i file_manager.obj
 0001:00016f58       ??0bad_alloc@std@@QEAA@AEBV01@@Z 0000000180017f58 f i libcpmt:xthrow.obj
 0001:00016f98       ??0bad_alloc@std@@QEAA@XZ  0000000180017f98 f i libcpmt:xthrow.obj
 0001:00016fb8       ??0exception@std@@QEAA@AEBV01@@Z 0000000180017fb8 f i libcpmt:xthrow.obj
 0001:00016ff0       ??0length_error@std@@QEAA@AEBV01@@Z 0000000180017ff0 f i libcpmt:xthrow.obj
 0001:00017030       ??0length_error@std@@QEAA@PEBD@Z 0000000180018030 f i libcpmt:xthrow.obj
 0001:0001707c       ??0logic_error@std@@QEAA@AEBV01@@Z 000000018001807c f i libcpmt:xthrow.obj
 0001:000170bc       ??1bad_alloc@std@@UEAA@XZ  00000001800180bc f i libcpmt:xthrow.obj
 0001:000170d0       ??1length_error@std@@UEAA@XZ 00000001800180d0 f i libcpmt:xthrow.obj
 0001:000170e4       ??_Ebad_alloc@std@@UEAAPEAXI@Z 00000001800180e4 f i libcpmt:xthrow.obj
 0001:000170e4       ??_Gbad_alloc@std@@UEAAPEAXI@Z 00000001800180e4 f i libcpmt:xthrow.obj
 0001:00017128       ??_Eexception@std@@UEAAPEAXI@Z 0000000180018128 f i libcpmt:xthrow.obj
 0001:00017128       ??_Gexception@std@@UEAAPEAXI@Z 0000000180018128 f i libcpmt:xthrow.obj
 0001:0001716c       ??_Glength_error@std@@UEAAPEAXI@Z 000000018001816c f i libcpmt:xthrow.obj
 0001:0001716c       ??_Elength_error@std@@UEAAPEAXI@Z 000000018001816c f i libcpmt:xthrow.obj
 0001:000171b0       ??_Glogic_error@std@@UEAAPEAXI@Z 00000001800181b0 f i libcpmt:xthrow.obj
 0001:000171b0       ??_Elogic_error@std@@UEAAPEAXI@Z 00000001800181b0 f i libcpmt:xthrow.obj
 0001:000171f4       ?_Xbad_alloc@std@@YAXXZ    00000001800181f4 f   libcpmt:xthrow.obj
 0001:00017214       ?_Xlength_error@std@@YAXPEBD@Z 0000000180018214 f   libcpmt:xthrow.obj
 0001:00017238       ?what@exception@std@@UEBAPEBDXZ 0000000180018238 f i libcpmt:xthrow.obj
 0001:0001724c       ??_U@YAPEAX_K@Z            000000018001824c f   LIBCMT:new_array.obj
 0001:00017254       ??_V@YAXPEAX@Z             0000000180018254 f   LIBCMT:delete_array.obj
 0001:0001725c       ??3@YAXPEAX_K@Z            000000018001825c f   LIBCMT:delete_scalar_size.obj
 0001:00017264       ??2@YAPEAX_K@Z             0000000180018264 f   LIBCMT:new_scalar.obj
 0001:000172a0       ??_V@YAXPEAX_K@Z           00000001800182a0 f   LIBCMT:delete_array_size.obj
 0001:000172a8       ??_M@YAXPEAX_K1P6AX0@Z@Z   00000001800182a8 f   LIBCMT:ehvecdtr.obj
 0001:00017314       ?__ArrayUnwind@@YAXPEAX_K1P6AX0@Z@Z 0000000180018314 f   LIBCMT:ehvecdtr.obj
 0001:00017378       ??3@YAXPEAX@Z              0000000180018378 f   LIBCMT:delete_scalar.obj
 0001:00017380       ??_L@YAXPEAX_K1P6AX0@Z2@Z  0000000180018380 f   LIBCMT:ehvecctr.obj
 0001:0001773c       _DllMainCRTStartup         000000018001873c f   LIBCMT:dll_dllmain.obj
 0001:0001777c       ??_Etype_info@@UEAAPEAXI@Z 000000018001877c f i LIBCMT:std_type_info_static.obj
 0001:0001777c       ??_Gtype_info@@UEAAPEAXI@Z 000000018001877c f i LIBCMT:std_type_info_static.obj
 0001:000177a8       ??0bad_array_new_length@std@@QEAA@AEBV01@@Z 00000001800187a8 f i LIBCMT:throw_bad_alloc.obj
 0001:000177e8       ??0bad_array_new_length@std@@QEAA@XZ 00000001800187e8 f i LIBCMT:throw_bad_alloc.obj
 0001:00017808       ??1bad_array_new_length@std@@UEAA@XZ 0000000180018808 f i LIBCMT:throw_bad_alloc.obj
 0001:0001781c       ??_Gbad_array_new_length@std@@UEAAPEAXI@Z 000000018001881c f i LIBCMT:throw_bad_alloc.obj
 0001:0001781c       ??_Ebad_array_new_length@std@@UEAAPEAXI@Z 000000018001881c f i LIBCMT:throw_bad_alloc.obj
 0001:00017860       ?__scrt_throw_std_bad_alloc@@YAXXZ 0000000180018860 f   LIBCMT:throw_bad_alloc.obj
 0001:00017880       ?__scrt_throw_std_bad_array_new_length@@YAXXZ 0000000180018880 f   LIBCMT:throw_bad_alloc.obj
 0001:000178a0       _guard_check_icall         00000001800188a0 f i LIBCMT:checkcfg.obj
 0001:000178a8       __scrt_acquire_startup_lock 00000001800188a8 f   LIBCMT:utility.obj
 0001:000178e4       __scrt_dllmain_after_initialize_c 00000001800188e4 f   LIBCMT:utility.obj
 0001:00017918       __scrt_dllmain_before_initialize_c 0000000180018918 f   LIBCMT:utility.obj
 0001:00017930       __scrt_dllmain_crt_thread_attach 0000000180018930 f   LIBCMT:utility.obj
 0001:00017958       __scrt_dllmain_crt_thread_detach 0000000180018958 f   LIBCMT:utility.obj
 0001:00017970       __scrt_dllmain_exception_filter 0000000180018970 f   LIBCMT:utility.obj
 0001:000179d4       __scrt_dllmain_uninitialize_c 00000001800189d4 f   LIBCMT:utility.obj
 0001:00017a04       __scrt_dllmain_uninitialize_critical 0000000180018a04 f   LIBCMT:utility.obj
 0001:00017a18       __scrt_initialize_crt      0000000180018a18 f   LIBCMT:utility.obj
 0001:00017a64       __scrt_initialize_onexit_tables 0000000180018a64 f   LIBCMT:utility.obj
 0001:00017b30       __scrt_is_nonwritable_in_current_image 0000000180018b30 f   LIBCMT:utility.obj
 0001:00017bcc       __scrt_release_startup_lock 0000000180018bcc f   LIBCMT:utility.obj
 0001:00017bf0       __scrt_uninitialize_crt    0000000180018bf0 f   LIBCMT:utility.obj
 0001:00017c1c       _onexit                    0000000180018c1c f   LIBCMT:utility.obj
 0001:00017c6c       atexit                     0000000180018c6c f   LIBCMT:utility.obj
 0001:00017c84       __security_init_cookie     0000000180018c84 f   LIBCMT:gs_support.obj
 0001:00017d30       ?__scrt_initialize_type_info@@YAXXZ 0000000180018d30 f   LIBCMT:tncleanup.obj
 0001:00017d40       ?__scrt_uninitialize_type_info@@YAXXZ 0000000180018d40 f   LIBCMT:tncleanup.obj
 0001:00017d4c       __local_stdio_scanf_options 0000000180018d4c f i LIBCMT:default_local_stdio_options.obj
 0001:00017d54       __scrt_initialize_default_local_stdio_options 0000000180018d54 f   LIBCMT:default_local_stdio_options.obj
 0001:00017d70       __scrt_get_dyn_tls_init_callback 0000000180018d70 f   LIBCMT:dyn_tls_init.obj
 0001:00017d78       __crt_debugger_hook        0000000180018d78 f   LIBCMT:utility_desktop.obj
 0001:00017d80       __scrt_fastfail            0000000180018d80 f   LIBCMT:utility_desktop.obj
 0001:00017ec8       _RTC_Initialize            0000000180018ec8 f   LIBCMT:_initsect_.obj
 0001:00017f14       _RTC_Terminate             0000000180018f14 f   LIBCMT:_initsect_.obj
 0001:00017f60       _guard_check_icall_nop     0000000180018f60 f i LIBCMT:guard_support.obj
 0001:00017f64       __isa_available_init       0000000180018f64 f   LIBCMT:_cpu_disp_.obj
 0001:0001812c       _get_startup_argv_mode     000000018001912c f   LIBCMT:argv_mode.obj
 0001:00018134       __scrt_is_ucrt_dll_in_use  0000000180019134 f   LIBCMT:ucrt_detection.obj
 0001:00018140       __DestructExceptionObject  0000000180019140 f   libvcruntime:frame.obj
 0001:000181c8       ??0bad_exception@std@@QEAA@AEBV01@@Z 00000001800191c8 f i libvcruntime:frame.obj
 0001:00018208       ??0bad_exception@std@@QEAA@XZ 0000000180019208 f i libvcruntime:frame.obj
 0001:00018228       ??1bad_exception@std@@UEAA@XZ 0000000180019228 f i libvcruntime:frame.obj
 0001:0001823c       ??_Ebad_exception@std@@UEAAPEAXI@Z 000000018001923c f i libvcruntime:frame.obj
 0001:0001823c       ??_Gbad_exception@std@@UEAAPEAXI@Z 000000018001923c f i libvcruntime:frame.obj
 0001:00018bdc       ?_CallMemberFunction0@@YAXPEAXP6AX0@Z@Z 0000000180019bdc f i libvcruntime:frame.obj
 0001:00018be0       ?_CallMemberFunction1@@YAXPEAXP6AX0@Z0@Z 0000000180019be0 f i libvcruntime:frame.obj
 0001:00018bec       ?_CallMemberFunction2@@YAXPEAXP6AX0@Z0H@Z 0000000180019bec f i libvcruntime:frame.obj
 0001:00018bfc       __AdjustPointer            0000000180019bfc f   libvcruntime:frame.obj
 0001:00018c20       __BuildCatchObject         0000000180019c20 f   libvcruntime:frame.obj
 0001:00018ce4       __BuildCatchObjectHelper   0000000180019ce4 f   libvcruntime:frame.obj
 0001:00018ec4       __CxxCallCatchBlock        0000000180019ec4 f   libvcruntime:frame.obj
 0001:000190b0       __FrameUnwindFilter        000000018001a0b0 f   libvcruntime:frame.obj
 0001:000190fc       __FrameUnwindToState       000000018001a0fc f   libvcruntime:frame.obj
 0001:00019290       __InternalCxxFrameHandler  000000018001a290 f   libvcruntime:frame.obj
 0001:000194e8       __TypeMatch                000000018001a4e8 f   libvcruntime:frame.obj
 0001:00019628       __std_terminate            000000018001a628 f   libvcruntime:frame.obj
 0001:00019634       wcschr                     000000018001a634 f   libvcruntime:wcschr.obj
 0001:000196c8       wcsrchr                    000000018001a6c8 f   libvcruntime:wcsrchr.obj
 0001:00019778       strchr                     000000018001a778 f   libvcruntime:strchr.obj
 0001:00019804       __std_exception_copy       000000018001a804 f   libvcruntime:std_exception.obj
 0001:00019894       __std_exception_destroy    000000018001a894 f   libvcruntime:std_exception.obj
 0001:000198bc       _CxxThrowException         000000018001a8bc f   libvcruntime:throw.obj
 0001:00019994       __C_specific_handler       000000018001a994 f   libvcruntime:_chandler_.obj
 0001:00019b90       __vcrt_initialize          000000018001ab90 f   libvcruntime:initialization.obj
 0001:00019bc4       __vcrt_thread_attach       000000018001abc4 f   libvcruntime:initialization.obj
 0001:00019bd8       __vcrt_thread_detach       000000018001abd8 f   libvcruntime:initialization.obj
 0001:00019bec       __vcrt_uninitialize        000000018001abec f   libvcruntime:initialization.obj
 0001:00019c0c       __vcrt_uninitialize_critical 000000018001ac0c f   libvcruntime:initialization.obj
 0001:00019c1c       __std_type_info_compare    000000018001ac1c f   libvcruntime:std_type_info.obj
 0001:00019c44       __std_type_info_destroy_list 000000018001ac44 f   libvcruntime:std_type_info.obj
 0001:00019c80       memset                     000000018001ac80 f   libvcruntime:memset.obj
 0001:00019e30       memmove                    000000018001ae30 f   libvcruntime:memcpy.obj
 0001:00019e30       memcpy                     000000018001ae30 f   libvcruntime:memcpy.obj
 0001:0001a268       __vcrt_freefls             000000018001b268 f   libvcruntime:per_thread_data.obj
 0001:0001a288       __vcrt_freeptd             000000018001b288 f   libvcruntime:per_thread_data.obj
 0001:0001a2d8       __vcrt_getptd              000000018001b2d8 f   libvcruntime:per_thread_data.obj
 0001:0001a2f4       __vcrt_getptd_noexit       000000018001b2f4 f   libvcruntime:per_thread_data.obj
 0001:0001a3ac       __vcrt_initialize_ptd      000000018001b3ac f   libvcruntime:per_thread_data.obj
 0001:0001a3ec       __vcrt_uninitialize_ptd    000000018001b3ec f   libvcruntime:per_thread_data.obj
 0001:0001a410       ?__GetCurrentState@@YAHPEA_KPEAU_xDISPATCHER_CONTEXT@@PEBU_s_FuncInfo@@@Z 000000018001b410 f   libvcruntime:ehstate.obj
 0001:0001a438       ?__GetUnwindTryBlock@@YAHPEA_KPEAU_xDISPATCHER_CONTEXT@@PEBU_s_FuncInfo@@@Z 000000018001b438 f   libvcruntime:ehstate.obj
 0001:0001a464       ?__SetState@@YAXPEA_KPEAU_xDISPATCHER_CONTEXT@@PEBU_s_FuncInfo@@H@Z 000000018001b464 f   libvcruntime:ehstate.obj
 0001:0001a470       ?__SetUnwindTryBlock@@YAXPEA_KPEAU_xDISPATCHER_CONTEXT@@PEBU_s_FuncInfo@@H@Z 000000018001b470 f   libvcruntime:ehstate.obj
 0001:0001a4ac       ?__StateFromControlPc@@YAHPEBU_s_FuncInfo@@PEAU_xDISPATCHER_CONTEXT@@@Z 000000018001b4ac f   libvcruntime:ehstate.obj
 0001:0001a4b4       ?__StateFromIp@@YAHPEBU_s_FuncInfo@@PEAU_xDISPATCHER_CONTEXT@@_J@Z 000000018001b4b4 f   libvcruntime:ehstate.obj
 0001:0001a530       _CallSettingFrame          000000018001b530 f   libvcruntime:handlers.obj
 0001:0001a570       ?_ExecutionInCatch@@YAHPEAU_xDISPATCHER_CONTEXT@@PEBU_s_FuncInfo@@@Z 000000018001b570 f   libvcruntime:trnsctrl.obj
 0001:0001a5e4       ?_GetEstablisherFrame@@YAPEA_KPEA_KPEAU_xDISPATCHER_CONTEXT@@PEBU_s_FuncInfo@@0@Z 000000018001b5e4 f   libvcruntime:trnsctrl.obj
 0001:0001a6b0       ?_GetRangeOfTrysToCheck@@YAPEBU_s_TryBlockMapEntry@@PEA_KPEBU_s_FuncInfo@@HHPEAI2PEAU_xDISPATCHER_CONTEXT@@@Z 000000018001b6b0 f   libvcruntime:trnsctrl.obj
 0001:0001a7dc       ?__FrameUnwindToEmptyState@@YAXPEA_KPEAU_xDISPATCHER_CONTEXT@@PEBU_s_FuncInfo@@@Z 000000018001b7dc f   libvcruntime:trnsctrl.obj
 0001:0001a870       ?__SehTransFilter@@YAHPEAU_EXCEPTION_POINTERS@@PEAUEHExceptionRecord@@PEA_KPEAU_CONTEXT@@PEAU_xDISPATCHER_CONTEXT@@PEBU_s_FuncInfo@@PEAH@Z 000000018001b870 f   libvcruntime:trnsctrl.obj
 0001:0001a908       _CallSETranslator          000000018001b908 f   libvcruntime:trnsctrl.obj
 0001:0001a960       _CreateFrameInfo           000000018001b960 f   libvcruntime:trnsctrl.obj
 0001:0001a99c       _FindAndUnlinkFrame        000000018001b99c f   libvcruntime:trnsctrl.obj
 0001:0001a9f4       _GetImageBase              000000018001b9f4 f   libvcruntime:trnsctrl.obj
 0001:0001aa08       _GetThrowImageBase         000000018001ba08 f   libvcruntime:trnsctrl.obj
 0001:0001aa1c       _IsExceptionObjectToBeDestroyed 000000018001ba1c f   libvcruntime:trnsctrl.obj
 0001:0001aa4c       _SetImageBase              000000018001ba4c f   libvcruntime:trnsctrl.obj
 0001:0001aa64       _SetThrowImageBase         000000018001ba64 f   libvcruntime:trnsctrl.obj
 0001:0001aa7c       _UnwindNestedFrames        000000018001ba7c f   libvcruntime:trnsctrl.obj
 0001:0001aba0       __CxxFrameHandler3         000000018001bba0 f   libvcruntime:trnsctrl.obj
 0001:0001ac20       __except_validate_context_record 000000018001bc20 f   libvcruntime:jbcxrval.obj
 0001:0001ac40       _local_unwind              000000018001bc40 f   libvcruntime:_jmpuwind_.obj
 0001:0001ac70       _NLG_Notify                000000018001bc70 f   libvcruntime:_jmpuwind_.obj
 0001:0001ac90       __NLG_Dispatch2            000000018001bc90 f   libvcruntime:_jmpuwind_.obj
 0001:0001aca0       __NLG_Return2              000000018001bca0 f   libvcruntime:_jmpuwind_.obj
 0001:0001aca4       __vcrt_initialize_locks    000000018001bca4 f   libvcruntime:locks.obj
 0001:0001acec       __vcrt_uninitialize_locks  000000018001bcec f   libvcruntime:locks.obj
 0001:0001aeec       __vcrt_FlsAlloc            000000018001beec f   libvcruntime:winapi_downlevel.obj
 0001:0001af40       __vcrt_FlsFree             000000018001bf40 f   libvcruntime:winapi_downlevel.obj
 0001:0001af94       __vcrt_FlsGetValue         000000018001bf94 f   libvcruntime:winapi_downlevel.obj
 0001:0001afe8       __vcrt_FlsSetValue         000000018001bfe8 f   libvcruntime:winapi_downlevel.obj
 0001:0001b050       __vcrt_InitializeCriticalSectionEx 000000018001c050 f   libvcruntime:winapi_downlevel.obj
 0001:0001b0c8       __vcrt_initialize_winapi_thunks 000000018001c0c8 f   libvcruntime:winapi_downlevel.obj
 0001:0001b114       __vcrt_uninitialize_winapi_thunks 000000018001c114 f   libvcruntime:winapi_downlevel.obj
 0001:0001b154       __vcrt_initialize_pure_virtual_call_handler 000000018001c154 f   libvcruntime:purevirt_data.obj
 0001:0001b178       ??0_LocaleUpdate@@QEAA@QEAU__crt_locale_pointers@@@Z 000000018001c178 f i libucrt:wcsicmp.obj
 0001:0001b208       _wcsicmp                   000000018001c208 f   libucrt:wcsicmp.obj
 0001:0001b290       _wcsicmp_l                 000000018001c290 f   libucrt:wcsicmp.obj
 0001:0001b380       _wcsnicmp                  000000018001c380 f   libucrt:wcsnicmp.obj
 0001:0001b41c       _wcsnicmp_l                000000018001c41c f   libucrt:wcsnicmp.obj
 0001:0001b534       ??$is_overflow_condition@K@__crt_strtox@@YA_NIK@Z 000000018001c534 f i libucrt:atox.obj
 0001:0001b560       ??$make_c_string_character_source@D$$T@__crt_strtox@@YA?AV?$c_string_character_source@D@0@QEBD$$T@Z 000000018001c560 f i libucrt:atox.obj
 0001:0001b574       ??$parse_integer@KV?$c_string_character_source@D@__crt_strtox@@@__crt_strtox@@YAKQEAU__crt_locale_pointers@@V?$c_string_character_source@D@0@H_N@Z 000000018001c574 f i libucrt:atox.obj
 0001:0001b888       ??$parse_integer@KV?$c_string_character_source@_W@__crt_strtox@@@__crt_strtox@@YAKQEAU__crt_locale_pointers@@V?$c_string_character_source@_W@0@H_N@Z 000000018001c888 f i libucrt:atox.obj
 0001:0001bf5c       atoi                       000000018001cf5c f   libucrt:atox.obj
 0001:0001bf88       __ascii_stricmp            000000018001cf88 f   libucrt:stricmp.obj
 0001:0001bfc4       _stricmp                   000000018001cfc4 f   libucrt:stricmp.obj
 0001:0001c00c       _stricmp_l                 000000018001d00c f   libucrt:stricmp.obj
 0001:0001c274       ??$ensure_buffer_is_big_enough@D@formatting_buffer@__crt_stdio_output@@QEAA_N_K@Z 000000018001d274 f i libucrt:output.obj
 0001:0001c320       ??$is_wide_character_specifier@_W@__crt_stdio_output@@YA_N_K_WW4length_modifier@0@@Z 000000018001d320 f i libucrt:output.obj
 0001:0001c364       ??$type_case_integer_parse_into_buffer@I@?$output_processor@_WV?$string_output_adapter@_W@__crt_stdio_output@@V?$format_validation_base@_WV?$string_output_adapter@_W@__crt_stdio_output@@@2@@__crt_stdio_output@@AEAAXII_N@Z 000000018001d364 f i libucrt:output.obj
 0001:0001c400       ??$type_case_integer_parse_into_buffer@_K@?$output_processor@_WV?$string_output_adapter@_W@__crt_stdio_output@@V?$format_validation_base@_WV?$string_output_adapter@_W@__crt_stdio_output@@@2@@__crt_stdio_output@@AEAAX_KI_N@Z 000000018001d400 f i libucrt:output.obj
 0001:0001c49c       ??$write_multiple_characters@V?$string_output_adapter@_W@__crt_stdio_output@@D@__crt_stdio_output@@YAXAEBV?$string_output_adapter@_W@0@DHQEAH@Z 000000018001d49c f i libucrt:output.obj
 0001:0001c50c       ??0?$output_processor@_WV?$string_output_adapter@_W@__crt_stdio_output@@V?$format_validation_base@_WV?$string_output_adapter@_W@__crt_stdio_output@@@2@@__crt_stdio_output@@QEAA@AEBV?$string_output_adapter@_W@1@_KQEB_WQEAU__crt_locale_pointers@@QEAD@Z 000000018001d50c f i libucrt:output.obj
 0001:0001c58c       ?force_decimal_point@__crt_stdio_output@@YAXPEADQEAU__crt_locale_pointers@@@Z 000000018001d58c f i libucrt:output.obj
 0001:0001c5fc       ?parse_int_from_format_string@?$output_processor@_WV?$string_output_adapter@_W@__crt_stdio_output@@V?$format_validation_base@_WV?$string_output_adapter@_W@__crt_stdio_output@@@2@@__crt_stdio_output@@AEAA_NQEAH@Z 000000018001d5fc f i libucrt:output.obj
 0001:0001c67c       ?process@?$output_processor@_WV?$string_output_adapter@_W@__crt_stdio_output@@V?$format_validation_base@_WV?$string_output_adapter@_W@__crt_stdio_output@@@2@@__crt_stdio_output@@QEAAHXZ 000000018001d67c f i libucrt:output.obj
 0001:0001c904       ?state_case_size@?$output_processor@_WV?$string_output_adapter@_W@__crt_stdio_output@@V?$format_validation_base@_WV?$string_output_adapter@_W@__crt_stdio_output@@@2@@__crt_stdio_output@@AEAA_NXZ 000000018001d904 f i libucrt:output.obj
 0001:0001caa8       ?state_case_type@?$output_processor@_WV?$string_output_adapter@_W@__crt_stdio_output@@V?$format_validation_base@_WV?$string_output_adapter@_W@__crt_stdio_output@@@2@@__crt_stdio_output@@AEAA_NXZ 000000018001daa8 f i libucrt:output.obj
 0001:0001cd74       ?type_case_Z@?$output_processor@_WV?$string_output_adapter@_W@__crt_stdio_output@@V?$format_validation_base@_WV?$string_output_adapter@_W@__crt_stdio_output@@@2@@__crt_stdio_output@@AEAA_NXZ 000000018001dd74 f i libucrt:output.obj
 0001:0001cdf4       ?type_case_a@?$output_processor@_WV?$string_output_adapter@_W@__crt_stdio_output@@V?$format_validation_base@_WV?$string_output_adapter@_W@__crt_stdio_output@@@2@@__crt_stdio_output@@AEAA_NXZ 000000018001ddf4 f i libucrt:output.obj
 0001:0001d038       ?type_case_c_tchar@?$output_processor@_WV?$string_output_adapter@_W@__crt_stdio_output@@V?$format_validation_base@_WV?$string_output_adapter@_W@__crt_stdio_output@@@2@@__crt_stdio_output@@AEAA_N_W@Z 000000018001e038 f i libucrt:output.obj
 0001:0001d0e0       ?type_case_integer@?$output_processor@_WV?$string_output_adapter@_W@__crt_stdio_output@@V?$format_validation_base@_WV?$string_output_adapter@_W@__crt_stdio_output@@@2@@__crt_stdio_output@@AEAA_NI_N@Z 000000018001e0e0 f i libucrt:output.obj
 0001:0001d280       ?type_case_n@?$output_processor@_WV?$string_output_adapter@_W@__crt_stdio_output@@V?$format_validation_base@_WV?$string_output_adapter@_W@__crt_stdio_output@@@2@@__crt_stdio_output@@AEAA_NXZ 000000018001e280 f i libucrt:output.obj
 0001:0001d35c       ?type_case_s@?$output_processor@_WV?$string_output_adapter@_W@__crt_stdio_output@@V?$format_validation_base@_WV?$string_output_adapter@_W@__crt_stdio_output@@@2@@__crt_stdio_output@@AEAA_NXZ 000000018001e35c f i libucrt:output.obj
 0001:0001d424       ?write_stored_string_tchar@?$output_processor@_WV?$string_output_adapter@_W@__crt_stdio_output@@V?$format_validation_base@_WV?$string_output_adapter@_W@__crt_stdio_output@@@2@@__crt_stdio_output@@AEAA_N_W@Z 000000018001e424 f i libucrt:output.obj
 0001:0001d514       ?write_string@?$string_output_adapter@_W@__crt_stdio_output@@QEBAXQEB_WHQEAH1@Z 000000018001e514 f i libucrt:output.obj
 0001:0001d5d4       __stdio_common_vswprintf_s 000000018001e5d4 f   libucrt:output.obj
 0001:0001d644       wcscat_s                   000000018001e644 f   libucrt:wcscat_s.obj
 0001:0001d6c4       strncpy_s                  000000018001e6c4 f   libucrt:strncpy_s.obj
 0001:0001d798       __acrt_call_reportfault    000000018001e798 f   libucrt:invalid_parameter.obj
 0001:0001d8f4       __acrt_initialize_invalid_parameter_handler 000000018001e8f4 f   libucrt:invalid_parameter.obj
 0001:0001d8fc       _invalid_parameter         000000018001e8fc f   libucrt:invalid_parameter.obj
 0001:0001d9a4       _invalid_parameter_noinfo  000000018001e9a4 f   libucrt:invalid_parameter.obj
 0001:0001d9c4       _invalid_parameter_noinfo_noreturn 000000018001e9c4 f   libucrt:invalid_parameter.obj
 0001:0001d9f4       _invoke_watson             000000018001e9f4 f   libucrt:invalid_parameter.obj
 0001:0001da3c       isalnum                    000000018001ea3c f i libucrt:_ctype.obj
 0001:0001dab8       isdigit                    000000018001eab8 f i libucrt:_ctype.obj
 0001:0001db7c       _tolower_l                 000000018001eb7c f   libucrt:tolower_toupper.obj
 0001:0001dcbc       tolower                    000000018001ecbc f   libucrt:tolower_toupper.obj
 0001:0001dce8       strcpy_s                   000000018001ece8 f   libucrt:strcpy_s.obj
 0001:0001dd48       ??$make_c_string_character_source@DPEAPEAD@__crt_strtox@@YA?AV?$c_string_character_source@D@0@QEBDQEAPEAD@Z 000000018001ed48 f i libucrt:strtox.obj
 0001:0001dd5c       ??$make_c_string_character_source@_WPEAPEA_W@__crt_strtox@@YA?AV?$c_string_character_source@_W@0@QEB_WQEAPEA_W@Z 000000018001ed5c f i libucrt:strtox.obj
 0001:0001dd70       strtoul                    000000018001ed70 f   libucrt:strtox.obj
 0001:0001dda0       wcstol                     000000018001eda0 f   libucrt:strtox.obj
 0001:0001ddd0       wcstoul                    000000018001edd0 f   libucrt:strtox.obj
 0001:0001de00       wcscpy_s                   000000018001ee00 f   libucrt:wcscpy_s.obj
 0001:0001de68       __acrt_initialize_new_handler 000000018001ee68 f   libucrt:new_handler.obj
 0001:0001de70       _callnewh                  000000018001ee70 f   libucrt:new_handler.obj
 0001:0001deb0       _query_new_handler         000000018001eeb0 f   libucrt:new_handler.obj
 0001:0001dee4       malloc                     000000018001eee4 f   libucrt:malloc.obj
 0001:0001deec       terminate                  000000018001eeec f   libucrt:terminate.obj
 0001:0001df14       free                       000000018001ef14 f   libucrt:free.obj
 0001:0001df1c       _initterm                  000000018001ef1c f   libucrt:initterm.obj
 0001:0001df94       _initterm_e                000000018001ef94 f   libucrt:initterm.obj
 0001:0001dfe0       _seh_filter_dll            000000018001efe0 f   libucrt:exception_filter.obj
 0001:0001dff4       _seh_filter_exe            000000018001eff4 f   libucrt:exception_filter.obj
 0001:0001e3b4       __acrt_initialize_thread_local_exit_callback 000000018001f3b4 f   libucrt:exit.obj
 0001:0001e3bc       _cexit                     000000018001f3bc f   libucrt:exit.obj
 0001:0001e3cc       _exit                      000000018001f3cc f   libucrt:exit.obj
 0001:0001e3d8       _is_c_termination_complete 000000018001f3d8 f   libucrt:exit.obj
 0001:0001e59c       __acrt_allocate_buffer_for_argv 000000018001f59c f   libucrt:argv_parsing.obj
 0001:0001e600       _configure_narrow_argv     000000018001f600 f   libucrt:argv_parsing.obj
 0001:0001e9a0       __dcrt_uninitialize_environments_nolock 000000018001f9a0 f   libucrt:environment_initialization.obj
 0001:0001e9d8       _initialize_narrow_environment 000000018001f9d8 f   libucrt:environment_initialization.obj
 0001:0001e9e0       ??$?RV<lambda_b8c45f8f788dd370798f47cfe8ac3a86>@@AEAV<lambda_4e60a939b0d047cfe11ddc22648dfba9>@@V<lambda_332c3edc96d0294ec56c57d38c1cdfd5>@@@?$__crt_seh_guarded_call@H@@QEAAH$$QEAV<lambda_b8c45f8f788dd370798f47cfe8ac3a86>@@AEAV<lambda_4e60a939b0d047cfe11ddc22648dfba9>@@$$QEAV<lambda_332c3edc96d0294ec56c57d38c1cdfd5>@@@Z 000000018001f9e0 f i libucrt:onexit.obj
 0001:0001ea1c       ??$?RV<lambda_e24bbb7b643b32fcea6fa61b31d4c984>@@AEAV<lambda_275893d493268fdec8709772e3fcec0e>@@V<lambda_9d71df4d7cf3f480f8d633942495c3b0>@@@?$__crt_seh_guarded_call@H@@QEAAH$$QEAV<lambda_e24bbb7b643b32fcea6fa61b31d4c984>@@AEAV<lambda_275893d493268fdec8709772e3fcec0e>@@$$QEAV<lambda_9d71df4d7cf3f480f8d633942495c3b0>@@@Z 000000018001fa1c f i libucrt:onexit.obj
 0001:0001ed98       _crt_atexit                000000018001fd98 f   libucrt:onexit.obj
 0001:0001eda8       _execute_onexit_table      000000018001fda8 f   libucrt:onexit.obj
 0001:0001ede4       _initialize_onexit_table   000000018001fde4 f   libucrt:onexit.obj
 0001:0001ee24       _register_onexit_function  000000018001fe24 f   libucrt:onexit.obj
 0001:0001efb4       __acrt_initialize          000000018001ffb4 f   libucrt:initialization.obj
 0001:0001efc8       __acrt_thread_attach       000000018001ffc8 f   libucrt:initialization.obj
 0001:0001efdc       __acrt_thread_detach       000000018001ffdc f   libucrt:initialization.obj
 0001:0001efec       __acrt_uninitialize        000000018001ffec f   libucrt:initialization.obj
 0001:0001f000       __acrt_uninitialize_critical 0000000180020000 f   libucrt:initialization.obj
 0001:0001f010       _free_base                 0000000180020010 f   libucrt:free_base.obj
 0001:0001f050       _malloc_base               0000000180020050 f   libucrt:malloc_base.obj
 0001:0001f0b0       abort                      00000001800200b0 f   libucrt:abort.obj
 0001:0001f108       _calloc_base               0000000180020108 f   libucrt:calloc_base.obj
 0001:0001f180       __acrt_errno_from_os_error 0000000180020180 f   libucrt:errno.obj
 0001:0001f1c8       __acrt_errno_map_os_error  00000001800201c8 f   libucrt:errno.obj
 0001:0001f218       __doserrno                 0000000180020218 f   libucrt:errno.obj
 0001:0001f238       _errno                     0000000180020238 f   libucrt:errno.obj
 0001:0001f258       _towlower_l                0000000180020258 f   libucrt:towlower.obj
 0001:0001f31c       ??$?RV<lambda_46352004c1216016012b18bd6f87e700>@@AEAV<lambda_3bd07e1a1191394380780325891bf33f>@@V<lambda_334532d3f185bcaa59b5be82d7d22bff>@@@?$__crt_seh_guarded_call@X@@QEAAX$$QEAV<lambda_46352004c1216016012b18bd6f87e700>@@AEAV<lambda_3bd07e1a1191394380780325891bf33f>@@$$QEAV<lambda_334532d3f185bcaa59b5be82d7d22bff>@@@Z 000000018002031c f i libucrt:per_thread_data.obj
 0001:0001f37c       ??$?RV<lambda_5e887d1dcbef67a5eb4283622ba103bf>@@AEAV<lambda_4466841279450cc726390878d4a41900>@@V<lambda_341c25c0346d94847f1f3c463c57e077>@@@?$__crt_seh_guarded_call@X@@QEAAX$$QEAV<lambda_5e887d1dcbef67a5eb4283622ba103bf>@@AEAV<lambda_4466841279450cc726390878d4a41900>@@$$QEAV<lambda_341c25c0346d94847f1f3c463c57e077>@@@Z 000000018002037c f i libucrt:per_thread_data.obj
 0001:0001f3c4       ??$?RV<lambda_72d1df2b273a38828b1ce30cbf4cdab5>@@AEAV<lambda_876a65b173b8412d3a47c70a915b0cf4>@@V<lambda_41932305e351933ebe8f8be3ed8bb5dc>@@@?$__crt_seh_guarded_call@X@@QEAAX$$QEAV<lambda_72d1df2b273a38828b1ce30cbf4cdab5>@@AEAV<lambda_876a65b173b8412d3a47c70a915b0cf4>@@$$QEAV<lambda_41932305e351933ebe8f8be3ed8bb5dc>@@@Z 00000001800203c4 f i libucrt:per_thread_data.obj
 0001:0001f404       ??$?RV<lambda_fb3a7dec4e47f37f22dae91bb15c9095>@@AEAV<lambda_698284760c8add0bfb0756c19673e34b>@@V<lambda_dfb8eca1e75fef3034a8fb18dd509707>@@@?$__crt_seh_guarded_call@X@@QEAAX$$QEAV<lambda_fb3a7dec4e47f37f22dae91bb15c9095>@@AEAV<lambda_698284760c8add0bfb0756c19673e34b>@@$$QEAV<lambda_dfb8eca1e75fef3034a8fb18dd509707>@@@Z 0000000180020404 f i libucrt:per_thread_data.obj
 0001:0001f694       __acrt_freeptd             0000000180020694 f   libucrt:per_thread_data.obj
 0001:0001f6d8       __acrt_getptd              00000001800206d8 f   libucrt:per_thread_data.obj
 0001:0001f76c       __acrt_getptd_noexit       000000018002076c f   libucrt:per_thread_data.obj
 0001:0001f80c       __acrt_initialize_ptd      000000018002080c f   libucrt:per_thread_data.obj
 0001:0001f848       __acrt_uninitialize_ptd    0000000180020848 f   libucrt:per_thread_data.obj
 0001:0001f86c       __acrt_update_locale_info  000000018002086c f   libucrt:locale_update.obj
 0001:0001f8a0       __acrt_update_multibyte_info 00000001800208a0 f   libucrt:locale_update.obj
 0001:0001f8d4       __acrt_set_locale_changed  00000001800208d4 f   libucrt:wsetlocale.obj
 0001:0001f8e0       __acrt_uninitialize_locale 00000001800208e0 f   libucrt:wsetlocale.obj
 0001:0001f928       __pctype_func              0000000180020928 f   libucrt:ctype.obj
 0001:0001f958       iswctype                   0000000180020958 f   libucrt:iswctype.obj
 0001:0001f9c8       _isctype_l                 00000001800209c8 f   libucrt:isctype.obj
 0001:0001fad8       _mbtowc_l                  0000000180020ad8 f   libucrt:mbtowc.obj
 0001:0001fc20       mbtowc                     0000000180020c20 f   libucrt:mbtowc.obj
 0001:0001fc28       wcsnlen                    0000000180020c28 f   libucrt:strnlen.obj
 0001:0001fe18       ?__acrt_fp_classify@@YA?AW4__acrt_fp_class@@AEBN@Z 0000000180020e18 f i libucrt:cvt.obj
 0001:00020850       __acrt_fp_format           0000000180021850 f   libucrt:cvt.obj
 0001:00020a94       _fileno                    0000000180021a94 f   libucrt:fileno.obj
 0001:00020abc       __acrt_initialize_stdio    0000000180021abc f   libucrt:_file.obj
 0001:00020bdc       __acrt_uninitialize_stdio  0000000180021bdc f   libucrt:_file.obj
 0001:00020c38       _lock_file                 0000000180021c38 f   libucrt:_file.obj
 0001:00020c44       _unlock_file               0000000180021c44 f   libucrt:_file.obj
 0001:00020c50       _get_printf_count_output   0000000180021c50 f   libucrt:printf_count_output.obj
 0001:00020e50       __acrt_initialize_lowio    0000000180021e50 f   libucrt:ioinit.obj
 0001:00020e8c       __acrt_uninitialize_lowio  0000000180021e8c f   libucrt:ioinit.obj
 0001:00020ecc       _isleadbyte_l              0000000180021ecc f i libucrt:_wctype.obj
 0001:00021268       __acrt_LCMapStringA        0000000180022268 f   libucrt:lcmapstringa.obj
 0001:00021300       __acrt_initialize_locks    0000000180022300 f   libucrt:locks.obj
 0001:00021348       __acrt_lock                0000000180022348 f   libucrt:locks.obj
 0001:00021364       __acrt_uninitialize_locks  0000000180022364 f   libucrt:locks.obj
 0001:0002139c       __acrt_unlock              000000018002239c f   libucrt:locks.obj
 0001:00021558       __acrt_FlsAlloc            0000000180022558 f   libucrt:winapi_thunks.obj
 0001:000215b0       __acrt_FlsFree             00000001800225b0 f   libucrt:winapi_thunks.obj
 0001:00021608       __acrt_FlsGetValue         0000000180022608 f   libucrt:winapi_thunks.obj
 0001:00021660       __acrt_FlsSetValue         0000000180022660 f   libucrt:winapi_thunks.obj
 0001:000216c8       __acrt_InitializeCriticalSectionEx 00000001800226c8 f   libucrt:winapi_thunks.obj
 0001:00021740       __acrt_LCMapStringEx       0000000180022740 f   libucrt:winapi_thunks.obj
 0001:00021830       __acrt_LocaleNameToLCID    0000000180022830 f   libucrt:winapi_thunks.obj
 0001:00021898       __acrt_initialize_winapi_thunks 0000000180022898 f   libucrt:winapi_thunks.obj
 0001:000218d0       __acrt_is_packaged_app     00000001800228d0 f   libucrt:winapi_thunks.obj
 0001:00021958       __acrt_uninitialize_winapi_thunks 0000000180022958 f   libucrt:winapi_thunks.obj
 0001:00021e78       ?expand_if_necessary@?$argument_list@D@?A0xca0879c4@@AEAAHXZ 0000000180022e78 f i libucrt:argv_wildcards.obj
 0001:00021f40       __acrt_expand_narrow_argv_wildcards 0000000180022f40 f   libucrt:argv_wildcards.obj
 0001:00021f48       ??$?RV<lambda_99476a1ad63dd22509b5d3e65b0ffc95>@@AEAV<lambda_ad1ced32f4ac17aa236e5ef05d6b3b7c>@@V<lambda_f7424dd8d45958661754dc4f2697e9c3>@@@?$__crt_seh_guarded_call@X@@QEAAX$$QEAV<lambda_99476a1ad63dd22509b5d3e65b0ffc95>@@AEAV<lambda_ad1ced32f4ac17aa236e5ef05d6b3b7c>@@$$QEAV<lambda_f7424dd8d45958661754dc4f2697e9c3>@@@Z 0000000180022f48 f i libucrt:mbctype.obj
 0001:00022644       __acrt_initialize_multibyte 0000000180023644 f   libucrt:mbctype.obj
 0001:0002266c       __acrt_update_thread_multibyte_data 000000018002366c f   libucrt:mbctype.obj
 0001:0002272c       _setmbcp_nolock            000000018002372c f   libucrt:mbctype.obj
 0001:00022a4c       _ismbblead                 0000000180023a4c f   libucrt:ismbbyte.obj
 0001:00022a60       __acrt_initialize_command_line 0000000180023a60 f   libucrt:argv_data.obj
 0001:00022a88       __acrt_uninitialize_command_line 0000000180023a88 f   libucrt:argv_data.obj
 0001:00022a8c       __dcrt_get_narrow_environment_from_os 0000000180023a8c f   libucrt:get_environment_from_os.obj
 0001:00022b90       _recalloc                  0000000180023b90 f   libucrt:recalloc.obj
 0001:00022b98       _recalloc_base             0000000180023b98 f   libucrt:recalloc.obj
 0001:00022c30       __acrt_initialize_heap     0000000180023c30 f   libucrt:heap_handle.obj
 0001:00022c4c       __acrt_uninitialize_heap   0000000180023c4c f   libucrt:heap_handle.obj
 0001:00022c58       __acrt_execute_initializers 0000000180023c58 f   libucrt:shared_initialization.obj
 0001:00022cec       __acrt_execute_uninitializers 0000000180023cec f   libucrt:shared_initialization.obj
 0001:00022d3c       ??$?RV<lambda_c36588078e9f5dfd39652860aa6b3aaf>@@AEAV<lambda_ec61778202f4f5fc7e7711acc23c3bca>@@V<lambda_dc9d2797ccde5d239b4a0efae8ebd7db>@@@?$__crt_seh_guarded_call@P6AXH@Z@@QEAAP6AXH@Z$$QEAV<lambda_c36588078e9f5dfd39652860aa6b3aaf>@@AEAV<lambda_ec61778202f4f5fc7e7711acc23c3bca>@@$$QEAV<lambda_dc9d2797ccde5d239b4a0efae8ebd7db>@@@Z 0000000180023d3c f i libucrt:signal.obj
 0001:00022d84       __acrt_get_sigabrt_handler 0000000180023d84 f   libucrt:signal.obj
 0001:00022db4       __acrt_initialize_signal_handlers 0000000180023db4 f   libucrt:signal.obj
 0001:00022dd4       raise                      0000000180023dd4 f   libucrt:signal.obj
 0001:00023070       __acrt_has_user_matherr    0000000180024070 f   libucrt:matherr.obj
 0001:00023090       __acrt_initialize_user_matherr 0000000180024090 f   libucrt:matherr.obj
 0001:00023098       __acrt_invoke_user_matherr 0000000180024098 f   libucrt:matherr.obj
 0001:000230e0       _query_new_mode            00000001800240e0 f   libucrt:new_mode.obj
 0001:000230e8       __acrt_LCMapStringW        00000001800240e8 f   libucrt:lcmapstringw.obj
 0001:00023170       __acrt_add_locale_ref      0000000180024170 f   libucrt:locale_refcounting.obj
 0001:000231fc       __acrt_free_locale         00000001800241fc f   libucrt:locale_refcounting.obj
 0001:00023374       __acrt_locale_add_lc_time_reference 0000000180024374 f   libucrt:locale_refcounting.obj
 0001:0002339c       __acrt_locale_free_lc_time_if_unreferenced 000000018002439c f   libucrt:locale_refcounting.obj
 0001:000233d4       __acrt_locale_release_lc_time_reference 00000001800243d4 f   libucrt:locale_refcounting.obj
 0001:000233fc       __acrt_release_locale_ref  00000001800243fc f   libucrt:locale_refcounting.obj
 0001:000234a4       __acrt_update_thread_locale_data 00000001800244a4 f   libucrt:locale_refcounting.obj
 0001:00023514       _updatetlocinfoEx_nolock   0000000180024514 f   libucrt:locale_refcounting.obj
 0001:0002357c       __acrt_locale_free_monetary 000000018002457c f   libucrt:initmon.obj
 0001:00023688       __acrt_locale_free_numeric 0000000180024688 f   libucrt:initnum.obj
 0001:0002374c       __acrt_locale_free_time    000000018002474c f   libucrt:inittime.obj
 0001:00023854       __acrt_GetStringTypeA      0000000180024854 f   libucrt:getstringtypea.obj
 0001:00023a08       __acrt_fp_strflt_to_string 0000000180024a08 f   libucrt:_fptostr.obj
 0001:00023ad0       ?divide@__crt_strtox@@YA_KAEAUbig_integer@1@AEBU21@@Z 0000000180024ad0 f i libucrt:cfout.obj
 0001:00023fa0       __acrt_fltout              0000000180024fa0 f   libucrt:cfout.obj
 0001:00025394       _fcloseall                 0000000180026394 f   libucrt:closeall.obj
 0001:00025448       __acrt_stdio_flush_nolock  0000000180026448 f   libucrt:fflush.obj
 0001:000254c0       _fflush_nolock             00000001800264c0 f   libucrt:fflush.obj
 0001:0002550c       _flushall                  000000018002650c f   libucrt:fflush.obj
 0001:000255fc       __acrt_stdio_free_buffer_nolock 00000001800265fc f   libucrt:_freebuf.obj
 0001:0002563c       _isatty                    000000018002663c f   libucrt:isatty.obj
 0001:0002569c       __acrt_lowio_create_handle_array 000000018002669c f   libucrt:osfinfo.obj
 0001:00025734       __acrt_lowio_destroy_handle_array 0000000180026734 f   libucrt:osfinfo.obj
 0001:00025784       __acrt_lowio_ensure_fh_exists 0000000180026784 f   libucrt:osfinfo.obj
 0001:0002583c       __acrt_lowio_lock_fh       000000018002683c f   libucrt:osfinfo.obj
 0001:00025860       __acrt_lowio_unlock_fh     0000000180026860 f   libucrt:osfinfo.obj
 0001:00025884       _free_osfhnd               0000000180026884 f   libucrt:osfinfo.obj
 0001:00025940       _get_osfhandle             0000000180026940 f   libucrt:osfinfo.obj
 0001:000259b8       __strncnt                  00000001800269b8 f   libucrt:strncnt.obj
 0001:00025a98       __acrt_DownlevelLocaleNameToLCID 0000000180026a98 f   libucrt:lcidtoname_downlevel.obj
 0001:00025ba0       qsort                      0000000180026ba0 f   libucrt:qsort.obj
 0001:00025ed4       strpbrk                    0000000180026ed4 f   libucrt:strpbrk.obj
 0001:00025f74       _mbsdec                    0000000180026f74 f   libucrt:mbsdec.obj
 0001:00025f7c       _mbsdec_l                  0000000180026f7c f   libucrt:mbsdec.obj
 0001:0002602c       _msize                     000000018002702c f   libucrt:msize.obj
 0001:00026068       _realloc_base              0000000180027068 f   libucrt:realloc_base.obj
 0001:000260ec       fegetenv                   00000001800270ec f   libucrt:fegetenv.obj
 0001:0002610c       fesetenv                   000000018002710c f   libucrt:fesetenv.obj
 0001:00026158       feholdexcept               0000000180027158 f   libucrt:feholdexcept.obj
 0001:000261a8       ceil                       00000001800271a8 f   libucrt:ceil.obj
 0001:00026270       log10                      0000000180027270 f   libucrt:log10.obj
 0001:00026dbc       _write                     0000000180027dbc f   libucrt:write.obj
 0001:00026ea8       _write_nolock              0000000180027ea8 f   libucrt:write.obj
 0001:00027228       _lseeki64_nolock           0000000180028228 f   libucrt:lseek.obj
 0001:00027230       _fclose_nolock             0000000180028230 f   libucrt:fclose.obj
 0001:000272b4       fclose                     00000001800282b4 f   libucrt:fclose.obj
 0001:00027320       ??$?RV<lambda_b521505b218e5242e90febf6bfebc422>@@AEAV<lambda_6978c1fb23f02e42e1d9e99668cc68aa>@@V<lambda_314360699dd331753a4119843814e9a7>@@@?$__crt_seh_guarded_call@H@@QEAAH$$QEAV<lambda_b521505b218e5242e90febf6bfebc422>@@AEAV<lambda_6978c1fb23f02e42e1d9e99668cc68aa>@@$$QEAV<lambda_314360699dd331753a4119843814e9a7>@@@Z 0000000180028320 f i libucrt:commit.obj
 0001:000273ac       _commit                    00000001800283ac f   libucrt:commit.obj
 0001:00027440       _query_app_type            0000000180028440 f   libucrt:report_runtime_error.obj
 0001:00027448       _getfpcontrolword          0000000180028448 f   libucrt:_fenvutils.obj
 0001:00027460       _getfpstatusword           0000000180028460 f   libucrt:_fenvutils.obj
 0001:00027474       _setfpcontrolword          0000000180028474 f   libucrt:_fenvutils.obj
 0001:00027480       _setfpstatusword           0000000180028480 f   libucrt:_fenvutils.obj
 0001:000274d0       _clearfp                   00000001800284d0 f   libucrt:ieee.obj
 0001:00027524       _controlfp                 0000000180028524 f   libucrt:ieee.obj
 0001:00027530       _statusfp                  0000000180028530 f   libucrt:ieee.obj
 0001:00027934       _handle_error              0000000180028934 f   libucrt:libm_error.obj
 0001:00027a5c       _handle_nan                0000000180028a5c f   libucrt:libm_error.obj
 0001:00027a80       __acrt_initialize_fma3     0000000180028a80 f   libucrt:fma3_available.obj
 0001:00027af0       _log10_special             0000000180028af0 f   libucrt:log_special.obj
 0001:00027ba8       _putwch_nolock             0000000180028ba8 f   libucrt:putwch.obj
 0001:00027c04       ??$?RV<lambda_bfedae4ebbf01fab1bb6dcc6a9e276e0>@@AEAV<lambda_2fe9b910cf3cbf4a0ab98a02ba45b3ec>@@V<lambda_237c231691f317818eb88cc1d5d642d6>@@@?$__crt_seh_guarded_call@H@@QEAAH$$QEAV<lambda_bfedae4ebbf01fab1bb6dcc6a9e276e0>@@AEAV<lambda_2fe9b910cf3cbf4a0ab98a02ba45b3ec>@@$$QEAV<lambda_237c231691f317818eb88cc1d5d642d6>@@@Z 0000000180028c04 f i libucrt:close.obj
 0001:00027c78       _close                     0000000180028c78 f   libucrt:close.obj
 0001:00027d1c       _close_nolock              0000000180028d1c f   libucrt:close.obj
 0001:00027dd8       ?__acrt_stdio_free_stream@@YAXV__crt_stdio_stream@@@Z 0000000180028dd8 f   libucrt:stream.obj
 0001:00027e30       _get_fpsr                  0000000180028e30 f   libucrt:fpsr.obj
 0001:00027e40       _set_fpsr                  0000000180028e40 f   libucrt:fpsr.obj
 0001:00027e4a       _fclrf                     0000000180028e4a f   libucrt:fpsr.obj
 0001:00027e5e       _frnd                      0000000180028e5e f   libucrt:fpsr.obj
 0001:00027e80       _raise_exc                 0000000180028e80 f   libucrt:fpexcept.obj
 0001:00027ea8       _raise_exc_ex              0000000180028ea8 f   libucrt:fpexcept.obj
 0001:000281b0       _set_errno_from_matherr    00000001800291b0 f   libucrt:fpexcept.obj
 0001:000281e0       _clrfp                     00000001800291e0 f   libucrt:fpctrl.obj
 0001:00028200       _ctrlfp                    0000000180029200 f   libucrt:fpctrl.obj
 0001:0002827c       _set_statfp                000000018002927c f   libucrt:fpctrl.obj
 0001:0002829c       _statfp                    000000018002929c f   libucrt:fpctrl.obj
 0001:000282b0       __dcrt_lowio_initialize_console_output 00000001800292b0 f   libucrt:initcon.obj
 0001:000282ec       __dcrt_terminate_console_output 00000001800292ec f   libucrt:initcon.obj
 0001:0002830c       IsProcessorFeaturePresent  000000018002930c f   kernel32:KERNEL32.dll
 0001:00028312       RtlUnwindEx                0000000180029312 f   kernel32:KERNEL32.dll
 0001:00028320       _FindPESection             0000000180029320 f   LIBCMT:pesect.obj
 0001:00028370       _IsNonwritableInCurrentImage 0000000180029370 f   LIBCMT:pesect.obj
 0001:000283c0       _ValidateImageBase         00000001800293c0 f   LIBCMT:pesect.obj
 0001:000283f0       __GSHandlerCheck           00000001800293f0 f   LIBCMT:_gshandler_.obj
 0001:00028410       __GSHandlerCheckCommon     0000000180029410 f   LIBCMT:_gshandler_.obj
 0001:00028480       __security_check_cookie    0000000180029480 f   LIBCMT:_amdsecgs_.obj
 0001:000284a4       __raise_securityfailure    00000001800294a4 f   LIBCMT:gs_report.obj
 0001:000284d8       __report_gsfailure         00000001800294d8 f   LIBCMT:gs_report.obj
 0001:000285ac       __report_rangecheckfailure 00000001800295ac f   LIBCMT:gs_report.obj
 0001:000285c0       __report_securityfailure   00000001800295c0 f   LIBCMT:gs_report.obj
 0001:00028750       __chkstk                   0000000180029750 f   LIBCMT:_chkstk_.obj
 0001:00028750       _alloca_probe              0000000180029750 f   LIBCMT:_chkstk_.obj
 0001:000287c0       memcmp                     00000001800297c0 f   libvcruntime:memcmp.obj
 0001:00028888       strrchr                    0000000180029888 f   libvcruntime:strrchr.obj
 0001:000289e0       _guard_dispatch_icall_nop  00000001800299e0 f   LIBCMT:_guard_dispatch_.obj
 0002:00000000       __imp_GetSystemTimeAsFileTime 000000018002b000     kernel32:KERNEL32.dll
 0002:00000008       __imp_GetModuleHandleA     000000018002b008     kernel32:KERNEL32.dll
[...]
 0004:00002124       $pdata$?write_text_utf16le_nolock@@YA?AUwrite_result@?A0x9c548279@@HQEBDI@Z 000000018003f124     libucrt:write.obj
 0004:00002130       $pdata$?write_text_utf8_nolock@@YA?AUwrite_result@?A0x9c548279@@HQEBDI@Z 000000018003f130     libucrt:write.obj
 0004:0000213c       $pdata$_write              000000018003f13c     libucrt:write.obj
 0004:00002148       $pdata$_write_nolock       000000018003f148     libucrt:write.obj
 0004:00002154       $pdata$??$common_lseek_nolock@_J@@YA_JH_JH@Z 000000018003f154     libucrt:lseek.obj
 0004:00002160       $pdata$_fclose_nolock      000000018003f160     libucrt:fclose.obj
 0004:0000216c       $pdata$fclose              000000018003f16c     libucrt:fclose.obj
 0004:00002178       $pdata$??$?RV<lambda_b521505b218e5242e90febf6bfebc422>@@AEAV<lambda_6978c1fb23f02e42e1d9e99668cc68aa>@@V<lambda_314360699dd331753a4119843814e9a7>@@@?$__crt_seh_guarded_call@H@@QEAAH$$QEAV<lambda_b521505b218e5242e90febf6bfebc422>@@AEAV<lambda_6978c1fb23f02e42e1d9e99668cc68aa>@@$$QEAV<lambda_314360699dd331753a4119843814e9a7>@@@Z 000000018003f178     libucrt:commit.obj
 0004:00002184       $pdata$_commit             000000018003f184     libucrt:commit.obj
 0004:00002190       $pdata$_getfpcontrolword   000000018003f190     libucrt:_fenvutils.obj
 0004:0000219c       $pdata$_getfpstatusword    000000018003f19c     libucrt:_fenvutils.obj
 0004:000021a8       $pdata$_setfpstatusword    000000018003f1a8     libucrt:_fenvutils.obj
 0004:000021b4       $pdata$_clearfp            000000018003f1b4     libucrt:ieee.obj
 0004:000021c0       $pdata$common_control87    000000018003f1c0     libucrt:ieee.obj
 0004:000021cc       $pdata$_call_matherr       000000018003f1cc     libucrt:libm_error.obj
 0004:000021d8       $pdata$_exception_enabled  000000018003f1d8     libucrt:libm_error.obj
 0004:000021e4       $pdata$_handle_error       000000018003f1e4     libucrt:libm_error.obj
 0004:000021f0       $pdata$__acrt_initialize_fma3 000000018003f1f0     libucrt:fma3_available.obj
 0004:000021fc       $pdata$_log10_special      000000018003f1fc     libucrt:log_special.obj
 0004:00002208       $pdata$_log_special_common 000000018003f208     libucrt:log_special.obj
 0004:00002214       $pdata$_putwch_nolock      000000018003f214     libucrt:putwch.obj
 0004:00002220       $pdata$??$?RV<lambda_bfedae4ebbf01fab1bb6dcc6a9e276e0>@@AEAV<lambda_2fe9b910cf3cbf4a0ab98a02ba45b3ec>@@V<lambda_237c231691f317818eb88cc1d5d642d6>@@@?$__crt_seh_guarded_call@H@@QEAAH$$QEAV<lambda_bfedae4ebbf01fab1bb6dcc6a9e276e0>@@AEAV<lambda_2fe9b910cf3cbf4a0ab98a02ba45b3ec>@@$$QEAV<lambda_237c231691f317818eb88cc1d5d642d6>@@@Z 000000018003f220     libucrt:close.obj
 0004:0000222c       $pdata$_close              000000018003f22c     libucrt:close.obj
 0004:00002238       $pdata$_close_nolock       000000018003f238     libucrt:close.obj
 0004:00002250       $pdata$_raise_exc          000000018003f250     libucrt:fpexcept.obj
 0004:0000225c       $pdata$_raise_exc_ex       000000018003f25c     libucrt:fpexcept.obj
 0004:00002268       $pdata$_set_errno_from_matherr 000000018003f268     libucrt:fpexcept.obj
 0004:00002274       $pdata$_clrfp              000000018003f274     libucrt:fpctrl.obj
 0004:00002280       $pdata$_ctrlfp             000000018003f280     libucrt:fpctrl.obj
 0004:0000228c       $pdata$_set_statfp         000000018003f28c     libucrt:fpctrl.obj
 0004:00002298       $pdata$_statfp             000000018003f298     libucrt:fpctrl.obj
 0004:000022a4       $pdata$__dcrt_lowio_initialize_console_output 000000018003f2a4     libucrt:initcon.obj
 0004:000022b0       $pdata$__dcrt_terminate_console_output 000000018003f2b0     libucrt:initcon.obj
 0004:000022bc       $pdata$_IsNonwritableInCurrentImage 000000018003f2bc     LIBCMT:pesect.obj
 0004:000022c8       $pdata$__GSHandlerCheck    000000018003f2c8     LIBCMT:_gshandler_.obj
 0004:000022d4       $pdata$__GSHandlerCheckCommon 000000018003f2d4     LIBCMT:_gshandler_.obj
 0004:000022ec       $pdata$__raise_securityfailure 000000018003f2ec     LIBCMT:gs_report.obj
 0004:000022f8       $pdata$__report_gsfailure  000000018003f2f8     LIBCMT:gs_report.obj
 0004:00002304       $pdata$__report_rangecheckfailure 000000018003f304     LIBCMT:gs_report.obj
 0004:00002310       $pdata$__report_securityfailure 000000018003f310     LIBCMT:gs_report.obj
 0004:0000231c       $pdata$capture_current_context 000000018003f31c     LIBCMT:gs_report.obj
 0004:00002328       $pdata$capture_previous_context 000000018003f328     LIBCMT:gs_report.obj
 0004:0000234c       $pdata$strrchr             000000018003f34c     libvcruntime:strrchr.obj
 0004:00002364       $pdata$?dtor$0@?0??AddValue@RegistryKey@@AEAAPEAVRegistryValue@@PEA_W@Z@4HA 000000018003f364     registry_manager.obj
 0004:00002370       $pdata$?dtor$0@?0??AddChild@RegistryKey@@AEAAPEAV1@PEB_W_NPEA_N@Z@4HA 000000018003f370     registry_manager.obj
 0004:0000237c       $pdata$?catch$5@?0??NtSetValueKey@RegistryManager@@QEAAJPEAXPEAU_UNICODE_STRING@@KK0K@Z@4HA 000000018003f37c     registry_manager.obj
 0004:00002388       $pdata$?catch$7@?0??NtCreateKey@RegistryManager@@QEAAJPEAPEAXKPEAU_OBJECT_ATTRIBUTES@@KPEAU_UNICODE_STRING@@KPEAK@Z@4HA 000000018003f388     registry_manager.obj
 0004:00002394       $pdata$?dtor$1@?0??NtOpenKey@RegistryManager@@QEAAJPEAPEAXKPEAU_OBJECT_ATTRIBUTES@@@Z@4HA 000000018003f394     registry_manager.obj
 0004:000023a0       $pdata$?catch$10@?0??NtOpenKey@RegistryManager@@QEAAJPEAPEAXKPEAU_OBJECT_ATTRIBUTES@@@Z@4HA 000000018003f3a0     registry_manager.obj
 0004:000023ac       $pdata$?dtor$2@?0??NtOpenKey@RegistryManager@@QEAAJPEAPEAXKPEAU_OBJECT_ATTRIBUTES@@@Z@4HA 000000018003f3ac     registry_manager.obj
 0004:000023b8       $pdata$?dtor$1@?0??NtOpenKeyEx@RegistryManager@@QEAAJPEAPEAXKPEAU_OBJECT_ATTRIBUTES@@K@Z@4HA 000000018003f3b8     registry_manager.obj
 0004:000023c4       $pdata$?catch$10@?0??NtOpenKeyEx@RegistryManager@@QEAAJPEAPEAXKPEAU_OBJECT_ATTRIBUTES@@K@Z@4HA 000000018003f3c4     registry_manager.obj
 0004:000023d0       $pdata$?dtor$2@?0??NtOpenKeyEx@RegistryManager@@QEAAJPEAPEAXKPEAU_OBJECT_ATTRIBUTES@@K@Z@4HA 000000018003f3d0     registry_manager.obj
 0004:000023dc       $pdata$?catch$5@?0??NtQueryKey@RegistryManager@@QEAAJPEAXW4_KEY_INFORMATION_CLASS@@0KPEAK@Z@4HA 000000018003f3dc     registry_manager.obj
 0004:000023e8       $pdata$?catch$14@?0??NtEnumerateKey@RegistryManager@@QEAAJPEAXKW4_KEY_INFORMATION_CLASS@@0KPEAK@Z@4HA 000000018003f3e8     registry_manager.obj
 0004:000023f4       $pdata$?catch$15@?0??NtEnumerateKey@RegistryManager@@QEAAJPEAXKW4_KEY_INFORMATION_CLASS@@0KPEAK@Z@4HA 000000018003f3f4     registry_manager.obj
 0004:00002400       $pdata$?filt$0@?0??ExportedIsVirtualMachinePresent@@YA_NXZ@4HA 000000018003f400     core.obj
 0004:0000240c       $pdata$?filt$1@?0??ExportedIsVirtualMachinePresent@@YA_NXZ@4HA 000000018003f40c     core.obj
 0004:00002418       $pdata$?filt$0@?0??ExportedIsDebuggerPresent@@YA_N_N@Z@4HA 000000018003f418     core.obj
 0004:00002424       $pdata$?dtor$0@?0??Init@Core@@QEAA_NPEAUHINSTANCE__@@@Z@4HA 000000018003f424     core.obj
 0004:00002430       $pdata$?dtor$1@?0??Init@Core@@QEAA_NPEAUHINSTANCE__@@@Z@4HA 000000018003f430     core.obj
 0004:0000243c       $pdata$?dtor$6@?0??Init@Core@@QEAA_NPEAUHINSTANCE__@@@Z@4HA 000000018003f43c     core.obj
 0004:00002448       $pdata$?dtor$3@?0??Init@Core@@QEAA_NPEAUHINSTANCE__@@@Z@4HA 000000018003f448     core.obj
 0004:00002454       $pdata$?dtor$4@?0??Init@Core@@QEAA_NPEAUHINSTANCE__@@@Z@4HA 000000018003f454     core.obj
 0004:00002460       $pdata$?dtor$5@?0??Init@Core@@QEAA_NPEAUHINSTANCE__@@@Z@4HA 000000018003f460     core.obj
 0004:0000246c       $pdata$?dtor$0@?0??hardware_id@Core@@QEAAPEAVHardwareID@@XZ@4HA 000000018003f46c     core.obj
 0004:00002478       $pdata$?dtor$0@?0??modpow@BigNumber@@QEBAPEAVCryptoContainer@@AEBV2@_K111@Z@4HA 000000018003f478     crypto.obj
 0004:00002484       $pdata$?dtor$0@?0??ExportedGetCurrentHWID@@YAHPEADH@Z@4HA 000000018003f484     hwid.obj
 0004:00002490       $pdata$?dtor$0@?0???0HardwareID@@QEAA@XZ@4HA 000000018003f490     hwid.obj
 0004:0000249c       $pdata$?dtor$0@?0???0LicensingManager@@QEAA@PEAEI0@Z@4HA 000000018003f49c     licensing_manager.obj
 0004:000024a8       $pdata$?dtor$0@?0??BuildUrl@ActivationRequest@@AEAA_NAEBVCryptoContainer@@PEBD_N@Z@4HA 000000018003f4a8     licensing_manager.obj
 0004:000024b4       $pdata$?catch$64@?0???$_Construct@PEAD@?$basic_string@_WU?$char_traits@_W@std@@V?$allocator@_W@2@@std@@QEAAXPEAD0Uinput_iterator_tag@1@@Z@4HA 000000018003f4b4     licensing_manager.obj
 0004:000024c0       $pdata$?catch$107@?0??_Copy@?$basic_string@_WU?$char_traits@_W@std@@V?$allocator@_W@2@@std@@QEAAX_K0@Z@4HA 000000018003f4c0     licensing_manager.obj
 0004:000024cc       $pdata$?catch$106@?0??_Copy@?$basic_string@_WU?$char_traits@_W@std@@V?$allocator@_W@2@@std@@QEAAX_K0@Z@4HA 000000018003f4cc     licensing_manager.obj
 0004:000024d8       $pdata$?filt$0@?0??SetupImage@@YAIXZ@4HA 000000018003f4d8     loader.obj
 0004:000024e4       $pdata$?filt$1@?0??SetupImage@@YAIXZ@4HA 000000018003f4e4     loader.obj
 0004:000024f0       $pdata$?filt$2@?0??SetupImage@@YAIXZ@4HA 000000018003f4f0     loader.obj
 0004:000024fc       $pdata$?dtor$1@?0??DecryptString@StringManager@@QEAAPEBXPEBX@Z@4HA 000000018003f4fc     string_manager.obj
 0004:00002508       $pdata$?dtor$2@?0??Combine@Path@@QEAA?AVUnicodeString@@PEA_W@Z@4HA 000000018003f508     file_manager.obj
 0004:00002514       $pdata$?catch$0@?0??OpenFiles@FileManager@@QEAA_NAEAVRegistryManager@@@Z@4HA 000000018003f514     file_manager.obj
 0004:00002520       $pdata$?catch$2@?0??NtCreateFile@FileManager@@QEAAJPEAPEAXKPEAU_OBJECT_ATTRIBUTES@@PEAU_IO_STATUS_BLOCK@@PEAT_LARGE_INTEGER@@KKKKPEAXK@Z@4HA 000000018003f520     file_manager.obj
 0004:0000252c       $pdata$?catch$0@?0??NtQueryDirectoryFile@FileManager@@QEAAJPEAX0P6AX0PEAU_IO_STATUS_BLOCK@@K@Z010KW4_FILE_INFORMATION_CLASS@@EPEAU_UNICODE_STRING@@E@Z@4HA 000000018003f52c     file_manager.obj
 0004:00002538       $pdata$?catch$5@?0??NtMapViewOfSection@FileManager@@QEAAJPEAX0PEAPEAX_K2PEAT_LARGE_INTEGER@@PEA_KW4_SECTION_INHERIT@@KK@Z@4HA 000000018003f538     file_manager.obj
 0004:00002544       $pdata$?dtor$0@?0??push_back@?$vector@VUnicodeString@@@@QEAAXAEBVUnicodeString@@@Z@4HA 000000018003f544     file_manager.obj
 0004:00002550       $pdata$?fin$0@?0???_M@YAXPEAX_K1P6AX0@Z@Z@4HA 000000018003f550     LIBCMT:ehvecdtr.obj
 0004:0000255c       $pdata$?filt$0@?0??__ArrayUnwind@@YAXPEAX_K1P6AX0@Z@Z@4HA 000000018003f55c     LIBCMT:ehvecdtr.obj
 0004:00002568       $pdata$?fin$0@?0???_L@YAXPEAX_K1P6AX0@Z2@Z@4HA 000000018003f568     LIBCMT:ehvecctr.obj
 0004:00002574       $pdata$?fin$0@?0??dllmain_crt_process_attach@@YAHQEAUHINSTANCE__@@QEAX@Z@4HA 000000018003f574     LIBCMT:dll_dllmain.obj
 0004:00002580       $pdata$?fin$0@?0??dllmain_crt_process_detach@@YAH_N@Z@4HA 000000018003f580     LIBCMT:dll_dllmain.obj
 0004:0000258c       $pdata$?filt$0@?0??dllmain_dispatch@@YAHQEAUHINSTANCE__@@KQEAX@Z@4HA 000000018003f58c     LIBCMT:dll_dllmain.obj
 0004:00002598       $pdata$__scrt_is_nonwritable_in_current_image$filt$0 000000018003f598     LIBCMT:utility.obj
 0004:000025a4       $pdata$__CxxCallCatchBlock$filt$0 000000018003f5a4     libvcruntime:frame.obj
 0004:000025b0       $pdata$__CxxCallCatchBlock$fin$1 000000018003f5b0     libvcruntime:frame.obj
 0004:000025bc       $pdata$__DestructExceptionObject$filt$0 000000018003f5bc     libvcruntime:frame.obj
 0004:000025c8       $pdata$__FrameUnwindToState$filt$0 000000018003f5c8     libvcruntime:frame.obj
 0004:000025d4       $pdata$__FrameUnwindToState$fin$1 000000018003f5d4     libvcruntime:frame.obj
 0004:000025e0       $pdata$_CallSETranslator$filt$0 000000018003f5e0     libvcruntime:trnsctrl.obj
 0004:000025ec       $pdata$_query_new_handler$fin$0 000000018003f5ec     libucrt:new_handler.obj
 0004:000025f8       $pdata$?filt$0@?0??common_exit@@YAXHW4_crt_exit_cleanup_mode@@W4_crt_exit_return_mode@@@Z@4HA 000000018003f5f8     libucrt:exit.obj
 0004:00002604       $pdata$?fin$1@?0??common_exit@@YAXHW4_crt_exit_cleanup_mode@@W4_crt_exit_return_mode@@@Z@4HA 000000018003f604     libucrt:exit.obj
 0004:00002610       $pdata$?fin$0@?0???$?RV<lambda_b8c45f8f788dd370798f47cfe8ac3a86>@@AEAV<lambda_4e60a939b0d047cfe11ddc22648dfba9>@@V<lambda_332c3edc96d0294ec56c57d38c1cdfd5>@@@?$__crt_seh_guarded_call@H@@QEAAH$$QEAV<lambda_b8c45f8f788dd370798f47cfe8ac3a86>@@AEAV<lambda_4e60a939b0d047cfe11ddc22648dfba9>@@$$QEAV<lambda_332c3edc96d0294ec56c57d38c1cdfd5>@@@Z@4HA 000000018003f610     libucrt:onexit.obj
 0004:0000261c       $pdata$?fin$0@?0???$?RV<lambda_e24bbb7b643b32fcea6fa61b31d4c984>@@AEAV<lambda_275893d493268fdec8709772e3fcec0e>@@V<lambda_9d71df4d7cf3f480f8d633942495c3b0>@@@?$__crt_seh_guarded_call@H@@QEAAH$$QEAV<lambda_e24bbb7b643b32fcea6fa61b31d4c984>@@AEAV<lambda_275893d493268fdec8709772e3fcec0e>@@$$QEAV<lambda_9d71df4d7cf3f480f8d633942495c3b0>@@@Z@4HA 000000018003f61c     libucrt:onexit.obj
 0004:00002628       $pdata$?fin$0@?0???$?RV<lambda_46352004c1216016012b18bd6f87e700>@@AEAV<lambda_3bd07e1a1191394380780325891bf33f>@@V<lambda_334532d3f185bcaa59b5be82d7d22bff>@@@?$__crt_seh_guarded_call@X@@QEAAX$$QEAV<lambda_46352004c1216016012b18bd6f87e700>@@AEAV<lambda_3bd07e1a1191394380780325891bf33f>@@$$QEAV<lambda_334532d3f185bcaa59b5be82d7d22bff>@@@Z@4HA 000000018003f628     libucrt:per_thread_data.obj
 0004:00002634       $pdata$?fin$0@?0???$?RV<lambda_5e887d1dcbef67a5eb4283622ba103bf>@@AEAV<lambda_4466841279450cc726390878d4a41900>@@V<lambda_341c25c0346d94847f1f3c463c57e077>@@@?$__crt_seh_guarded_call@X@@QEAAX$$QEAV<lambda_5e887d1dcbef67a5eb4283622ba103bf>@@AEAV<lambda_4466841279450cc726390878d4a41900>@@$$QEAV<lambda_341c25c0346d94847f1f3c463c57e077>@@@Z@4HA 000000018003f634     libucrt:per_thread_data.obj
 0004:00002640       $pdata$?fin$0@?0???$?RV<lambda_72d1df2b273a38828b1ce30cbf4cdab5>@@AEAV<lambda_876a65b173b8412d3a47c70a915b0cf4>@@V<lambda_41932305e351933ebe8f8be3ed8bb5dc>@@@?$__crt_seh_guarded_call@X@@QEAAX$$QEAV<lambda_72d1df2b273a38828b1ce30cbf4cdab5>@@AEAV<lambda_876a65b173b8412d3a47c70a915b0cf4>@@$$QEAV<lambda_41932305e351933ebe8f8be3ed8bb5dc>@@@Z@4HA 000000018003f640     libucrt:per_thread_data.obj
 0004:0000264c       $pdata$?fin$0@?0???$?RV<lambda_fb3a7dec4e47f37f22dae91bb15c9095>@@AEAV<lambda_698284760c8add0bfb0756c19673e34b>@@V<lambda_dfb8eca1e75fef3034a8fb18dd509707>@@@?$__crt_seh_guarded_call@X@@QEAAX$$QEAV<lambda_fb3a7dec4e47f37f22dae91bb15c9095>@@AEAV<lambda_698284760c8add0bfb0756c19673e34b>@@$$QEAV<lambda_dfb8eca1e75fef3034a8fb18dd509707>@@@Z@4HA 000000018003f64c     libucrt:per_thread_data.obj
 0004:00002658       $pdata$__acrt_uninitialize_locale$fin$0 000000018003f658     libucrt:wsetlocale.obj
 0004:00002664       $pdata$__acrt_initialize_lowio$fin$0 000000018003f664     libucrt:ioinit.obj
 0004:00002670       $pdata$?fin$0@?0???$?RV<lambda_99476a1ad63dd22509b5d3e65b0ffc95>@@AEAV<lambda_ad1ced32f4ac17aa236e5ef05d6b3b7c>@@V<lambda_f7424dd8d45958661754dc4f2697e9c3>@@@?$__crt_seh_guarded_call@X@@QEAAX$$QEAV<lambda_99476a1ad63dd22509b5d3e65b0ffc95>@@AEAV<lambda_ad1ced32f4ac17aa236e5ef05d6b3b7c>@@$$QEAV<lambda_f7424dd8d45958661754dc4f2697e9c3>@@@Z@4HA 000000018003f670     libucrt:mbctype.obj
 0004:0000267c       $pdata$__acrt_update_thread_multibyte_data$fin$0 000000018003f67c     libucrt:mbctype.obj
 0004:00002688       $pdata$?fin$0@?0???$?RV<lambda_c36588078e9f5dfd39652860aa6b3aaf>@@AEAV<lambda_ec61778202f4f5fc7e7711acc23c3bca>@@V<lambda_dc9d2797ccde5d239b4a0efae8ebd7db>@@@?$__crt_seh_guarded_call@P6AXH@Z@@QEAAP6AXH@Z$$QEAV<lambda_c36588078e9f5dfd39652860aa6b3aaf>@@AEAV<lambda_ec61778202f4f5fc7e7711acc23c3bca>@@$$QEAV<lambda_dc9d2797ccde5d239b4a0efae8ebd7db>@@@Z@4HA 000000018003f688     libucrt:signal.obj
 0004:00002694       $pdata$raise$fin$0         000000018003f694     libucrt:signal.obj
 0004:000026a0       $pdata$__acrt_update_thread_locale_data$fin$0 000000018003f6a0     libucrt:locale_refcounting.obj
 0004:000026ac       $pdata$_fcloseall$fin$0    000000018003f6ac     libucrt:closeall.obj
 0004:000026b8       $pdata$common_flush_all$fin$0 000000018003f6b8     libucrt:fflush.obj
 0004:000026c4       $pdata$common_flush_all$fin$1 000000018003f6c4     libucrt:fflush.obj
 0004:000026d0       $pdata$__acrt_lowio_ensure_fh_exists$fin$0 000000018003f6d0     libucrt:osfinfo.obj
 0004:000026dc       $pdata$_write$fin$0        000000018003f6dc     libucrt:write.obj
 0004:000026e8       $pdata$fclose$fin$0        000000018003f6e8     libucrt:fclose.obj
 0004:000026f4       $pdata$?fin$0@?0???$?RV<lambda_b521505b218e5242e90febf6bfebc422>@@AEAV<lambda_6978c1fb23f02e42e1d9e99668cc68aa>@@V<lambda_314360699dd331753a4119843814e9a7>@@@?$__crt_seh_guarded_call@H@@QEAAH$$QEAV<lambda_b521505b218e5242e90febf6bfebc422>@@AEAV<lambda_6978c1fb23f02e42e1d9e99668cc68aa>@@$$QEAV<lambda_314360699dd331753a4119843814e9a7>@@@Z@4HA 000000018003f6f4     libucrt:commit.obj
 0004:00002700       $pdata$common_control87$filt$0 000000018003f700     libucrt:ieee.obj
 0004:0000270c       $pdata$?fin$0@?0???$?RV<lambda_bfedae4ebbf01fab1bb6dcc6a9e276e0>@@AEAV<lambda_2fe9b910cf3cbf4a0ab98a02ba45b3ec>@@V<lambda_237c231691f317818eb88cc1d5d642d6>@@@?$__crt_seh_guarded_call@H@@QEAAH$$QEAV<lambda_bfedae4ebbf01fab1bb6dcc6a9e276e0>@@AEAV<lambda_2fe9b910cf3cbf4a0ab98a02ba45b3ec>@@$$QEAV<lambda_237c231691f317818eb88cc1d5d642d6>@@@Z@4HA 000000018003f70c     libucrt:close.obj
 0004:00002718       $pdata$_ctrlfp$filt$0      000000018003f718     libucrt:fpctrl.obj
 0004:00002724       $pdata$_IsNonwritableInCurrentImage$filt$0 000000018003f724     LIBCMT:pesect.obj
 0005:00000000       __guard_fids__             0000000180040000     libucrt:initialization.obj
 0005:00000060       __guard_fids___acrt_initialize_ptd 0000000180040060     libucrt:per_thread_data.obj
 0005:00000064       __guard_fids_??$expand_argument_wildcards@D@@YAHQEAD0AEAV?$argument_list@D@?A0xca0879c4@@@Z 0000000180040064     libucrt:argv_wildcards.obj
 0005:00000068       __guard_fids__             0000000180040068     libucrt:locale_initializer.obj
 0005:0000006c       __guard_fids__             000000018004006c     libucrt:stdio_initializer.obj
 0005:00000070       __guard_fids__             0000000180040070     libucrt:stdio_initializer.obj
 0005:00000074       __guard_fids__             0000000180040074     libucrt:multibyte_initializer.obj
 0005:00000078       __guard_fids__             0000000180040078     libucrt:fma3_initializer.obj
 0005:0000007c       __guard_fids__             000000018004007c     libucrt:console_output_initializer.obj
 0005:00000080       __guard_fids__             0000000180040080     libcpmt:xthrow.obj
 0005:00000088       __guard_fids__             0000000180040088     libcpmt:xthrow.obj
 0005:00000090       __guard_fids__             0000000180040090     libcpmt:xthrow.obj
 0005:00000098       __guard_fids__             0000000180040098     libcpmt:xthrow.obj
 0005:000000a0       __guard_fids_?dllmain_crt_process_attach@@YAHQEAUHINSTANCE__@@QEAX@Z 00000001800400a0     LIBCMT:dll_dllmain.obj
 0005:000000a8       __guard_fids_?dllmain_dispatch@@YAHQEAUHINSTANCE__@@KQEAX@Z 00000001800400a8     LIBCMT:dll_dllmain.obj
 0005:000000ac       __guard_fids__             00000001800400ac     LIBCMT:std_type_info_static.obj
 0005:000000b0       __guard_fids__             00000001800400b0     LIBCMT:throw_bad_alloc.obj
 0005:000000b8       __guard_fids__             00000001800400b8     LIBCMT:guard_support.obj
 0005:000000bc       __guard_fids__             00000001800400bc     libvcruntime:frame.obj
 0005:000000c0       __guard_fids__             00000001800400c0     libvcruntime:frame.obj
 0005:000000c8       __guard_fids___vcrt_initialize_ptd 00000001800400c8     libvcruntime:per_thread_data.obj
 0005:000000cc       __guard_fids__UnwindNestedFrames 00000001800400cc     libvcruntime:trnsctrl.obj
